256 256
...............xxx....xxxxxxxx++++++++++++++++++++++++++++++++++++++++++++++++++++++;+++.......xxx.............xxx.............xxx.............xxx.............xxx.............xxxxxxxx.@.xxxxxxxxxx...........xxx.............xxx.....xxxx....xxx..............
...............xxx.....xxxxxxxx+++++++++++++++++++++++++++++++++++++++++++++++++++++++++..@....xxx..@@.........xxx...@@@@@@@@..xxx....@@@@@....xxx.............xxx.@@@@@@@@@@@.xxxxxxxx...xxxxxxxxxx..@@@......xxx...xx..@@....xxx..@..xxxx....xxx.......@@@@...
.@@@..@@@@@@...xxx.....xxxxxxxx++++++++++++++++++++++++++++++++++++++++++++++++++++++++++.@@@..xxx..@@@...@@...xxx......@@@....xxx.....@@@@@...xxx....@@@......xxx.@.@.@.@.@.@.xxxxxxxx.@.xxxxxxxxxx.....@@@@..xxx..xxx..@@....xxx.@@..xxxx....xxx..@@@.........
.@@@..@@@@@@...xxx......xxxxxxxx+++++++++++++++++++++++++++++++++++++++++++++++++++++++++..@@..xxx..@@@...@@@..xxx.............................xxx...@@@@@.........@.........@.xxxxxxxx.@.xxxxxxxxxxxx......@..xxx.xxxx..@@@...xxx.@@..xxxx....xxx.....@@@@@@@..
.@@@..@@@@@@...xxx......xxxxxxxxx++++++++++++++++++++++++++++++++++++++++++++++++++++++++..@@..;;;...@@....@@..xxx.............................xxx...@@@@@.........@.@.@.@.@.@.xxxxxxxx...xxxxxxxxxxxxxx.xx.@..xxxxxxxx.@@@@.......@...xxxx....xxx..............
.........@@@...xxx.......xxxxxxxx+++++++++++++++++++++++++++++++++++++++++++++++++++++++++.@@..;;;.......................@@@...x;x.............xxx...@@@@@@....xxx.@.........@.xxxxxxxx.@.xxxxxxxxxxxxxxxxx.@..xxxxxxx..@@@.........@..xxxx....xxx...xxxxxx.....
...@@@...@@@...xxx........xxxxxxxx++++++++++++++++++++++++++++++++++++++++++++++++++++++++.@@..xxx.....................@@@@@...x;x....@........xxx...@@@@@@....xxx.@.@.@.@.@.@.xxxxxxxx.@.xxxxxxxxxxxxxxxxx.@..xxxxxxx..@@@....xxx..@..xxxx....xxx.xxxxxxxx.....
..@@@@...@@@...xxx.....@...xxxxxxx+++++++++++++++++++++++++++++++++++++++++++++++++++++++++@@..xxx.............xxx....@@@@.....x;x....@@@......xxx...@@@@@@....xxx.@.........@.xxxxxxxx...xxxxxxxxxxxxxxxxx.@..xxxxxxx...@@@...xxx.....xxxx....xxxxxx...xx;;....
..@@@@.........xxx.....@...xxxxxxx+++++++++++++++++++++++++++++++++++++++++++++++++++++++++....xxx...@@...@@...xxx..@@@@.......x;x......@@@@...xxx....@@@@.....xxx.@.@.@.@.@.@.xxxxxxxx.@.xxxxxxxxxxxxxxxxx.@..xxxxxx....@@@...xxx.....;;xx....xxxxx.....;;;x...
..@@@@.........xxx....@@....xxxxxxx+++++++++++++++++++++++++++++++++++++++++++++++++++++++++...xxx..@@@@..@@@..xxx..@@........xx;xx......@@@...xxx.....@@......xxx.@.........@.xxxxxxxx.@.xxxxxxxxxxxxxxxxx.@..xxxxxxx.....@...xxx.....;;;x....xxxx......;;xxx..
...@@@...@@@...xxx....@@@.....xxxxx+++++++++++++++++++++++++++++++++++++++++++++++++++++++++...xxx..@@@@...@@..xxx........xxxxxx;xxxxxx...@@@..xxx.............xxx.@.@.@.@.@.@.xxxxxxxx...xxxxxxxxxxxxxxxxx.@..xxxxxxxx;....@..xxx.....xx;;....xxx.........xxx..
...@@@...@@@.........@@@@......xxxxx+++++++++++++++++++++++++++++++++++++++++++++++++++++++++..xxx..@@@@...@...xxx......xxxxxxxx;xxxxxxxx......................xxx.@.........@.xxxxxxxx.@.xxxxxxxxxxxxxxxxx.@..xxxxxxx;;;x.....xxx..@..xxx;....xxx..@@@@@@..xxx.
...@@@...@@@.........@@@@@.....xxxxx++++++++++++++++++++++++++++++++++++++++++++++++++++++++++.xxx..@@@@..@@...xxx.....xxxxxxxxx;xxxxxxxxx.....................xxx.@.@.@.@.@.@.xxxxxxxx.@.xxxxxxxxxxxxxxxxx.@..xxxxxx;;;;xxx...xxx..@..xxxx....xxx...........xxx
...............xxx...@@@@@.....xxxxxx+++++++++++++++++++++++++++++++++++++++++++++++++++++++++.xxx........@....xxx...xxxxxxxxxx...xxxxxxxxxx...xxx.............xxx.@.........@.xxxxxxxx...xxxxxxxxxxxxxxxx..@..xxxxx.;;;xxxxxxxxxx..@..xxxx....xxx............xx
..@@@..@@@.....xxx...@@@@@.....xxxxxx++++++++++++++++++++++++++++++++++++++++++++++++++++++++++xxx.............xxx..xxxxxxx...........xxxxxxx..xxx...@@@@@@@...xxx.@.@.@.@.@.@.xxxxxxxx.@.xxxxxxxxxxxxxxxx..@..xxxxx....xxxxxxxxxx..@..xxxx....xxx.............x
..@@@..@@@.@@@.xxx...@@@@@@....xxxxxxx+++++++++++++++++++++++++++++++++++++++++++++++++++++++++xxx.............xxx.xxxxxx....;;;...;;...xxxxxx.xxx...@@@@@@@...xxx.@.........@.xxxxxxxx.@.xxxxxxxxxxxxxxxx..@..xxxxx......xxxxxxxx..@..xxxx....xxx....@@@@@@....
..@@@..@@@.@@@.xxx..@@@@@@@....xxxxxxxx+++++++++++++++++++++++++++++++++++++++++++++++++++++++++xx...@.........xxxxxxxxx...;;;;;;..;;;;..xxxxxxxxx...@@@@@@@...xxx.@@@@@..@@@@.xxxxxxxx...xxxxxxxxxxxxxxx...@..xxxx..........xxxxx.@@..xxxx....xxx.@@@@.........
...........@@@.xxx..@@@@@@@....xxxxxxxxx+++++++++++++++++++++++++++++++++++++++++++++++++++++++++x..@@@...@@...xxxxxxxx..;;;;;;;;.;;;;;;..xxxxxxxx...@@@@@@@...xxx.............xxxxxxxx.@.xxxxxxxxxxxxxxx...@..xxx.............xxx.@@..xxxx....xxx..........@@..
.@@@...@@@.....xxx..@@@@@@@@...xxxxxxxxx+++++++++++++++++++++++++++++++++++++++++++++++++++++++++x..@@@@.@@@@..xxxxxxx..;;;;;;;;;.;;;;;;;..xxxxxxx...@@@@@@@...xxx.............xxxxxxxx.@.xxxxxxxxxxxxxxx...@..xxx.............xxx.....xxxx....xxx......@@@@....
.@@@...@@@.@@@.xxx...@@@@@@@...xxxxxxxxx++++++++++++++++++++++++++++++++++++++++++++++++++++++++++..@@@@..@@@..xxxxxx..;;;;;+++;;.;;;;;;;;..xxxxxx...@@@@@@@...xxx.@@@@...@@@@.xxxxxxxx...xxxxxxxxxxxxxx....@..xxx........@@...xxx.....xxxxxxxxxxx..............
.@@@...@@@.@@@.xxx...@@@@@@@...xxxxxxxxxx+++++++++++++++++++++++++++++++++++++++++++++++++++++++++...@@...@@@..xxxxxx..;;;;++++;;..;;;;;;;..xxxxxx...@@@@@@@...xxx.@@@@@.@@@@@.xxxxxxxx.@.xxxxxxxxxxxxxx....@..xxx......@@.....xxxxxxxxxxxxxxxxxxx..@...@@@@@...
.......@@@.@@@.xxx....@@@@@@...xxx;;;;xxxx+++++++++++++++++++++++++++++++++++++++++++++++++++++++++............xxxxx...;;;+++;;;;..;;;;;;;;..xxxxx...@@@@@@@...xxx.@@@@@.@@@@@.xxxxxxxx.@.xxxxxxxxxxxxx.....@..xxx.....@......xxxx.....xx......xxx..@@@@........
..@@@..@@@.....xxx....@@@@@@...xx;;xx;xxxx+++++++++++++++++++++++++++++++++++++++++++++++++++++++++............xxxxx...;;;++;;;;;..;;;;;;;;..xxxxx...@@@@@@@...xxx.@@@@@.@@@@@.xxxxxxxx...xxxxxxxxxx.x.....@..........@......xxxxx.....xx......xxx..............
..@@@..@@@.@@@.xxx....@@@@@@...x;;xxx;xxxxx++++++++++++++++++++++++++++++++++++++++++++++++++++++++............xxxxx...;;;;;;;;;;..;;;;;;;;..xxxxx...@@@@@@@...xxx..@@@@.@@@@..xxxxxxxx.@.xxxxxxxxxx......@..........@......xxxxxx..@..xx..@@..xxx........@@@@..
..@@@..@@@.@@@.xxx.....@@@@@...;;xxx..xxxxxx++++++++++++++++++++++++++++++++++++++++++++++++++++++++....@@.....xxxxx...;;;;;;;;;...;;;;;;;;..xxxxx...@@@@@@@...xxx.............xxxxxxxx.@.xxxxxxxxxx......@....xxx...@.....xxx.xxx..@..xx............@@@@@@.....
.......@@@.@@@.xxx.....@@@@@...;xxx.....xxxx++++++++++++++++++++++++++++++++++++++++++++++++++++++++....@@@..............;;;;;...+...;;;;;;;...................xxx..@@@@.@@@@..xxxxxxxx...xxxxxxxxxxx....@.....xxx..@.....xxx..xxx..@..;;.......................
..@@@@.@@@.....xxx.....@@@@@...xxx.......xxx+++++++++++++++++++++++++++++++++++++++++++++++++++++++++...@@@....................+++++.;;;;;;;...................xxx.@@@@@.@@@@@.xxxxxxxx.@.xxxxxxxxxxx...@....xxxxx..@....xxxx..xxx..@..;;.@@@..xxx.........@@@..
.@@@@@.@@@.@@@.xxx......@@@....xxx........xxx++++++++++++++++++++++++++++++++++++++++++++++++++++++++..@@@@...................++++++..;;;;;;...................xxx.@@@@@.@@@@@.xxxxxxxx.@.xxxxxxxxxxxx..@...xxxxxx..@....xxx...xxx.@...xx......xxx..@@@@@@@.....
.@@@@@.@@@.@@@.xxx......@@@....xxx..@@@....xx+++++++++++++++++++++++++++++++++++++++++++++++++++++++++.@@@@@...xxxxx..........+++++++.;;;;;..xxxxx.............xxx.@@@@@.@@@@@.xxxxxxxx...xxxxxxxxxxxx..@..xxxxxxx..@...xxxx.@.xxx.@...xx..@@@.xxx..............
.@@@...@@@.@@@.xxx......@@.....xxx..@@@....xxx++++++++++++++++++++++++++++++++++++++++++++++++++++++++..@@@@...xxxxx...;;;;;..+++++++.;;;....xxxxx..@@.@@.@@...xxx.@@@@...@@@@.xxxxxxxx.@.xxxxxxxxxxxx..@..xxxxxxx.@@...xxx..@.xxx.....xx.@@...xxx..............
..@@@@.........xxx.......@.....xxx..@@@.....xxx++++++++++++++++++++++++++++++++++++++++++++++++++++++++.@@@@...xxxxx..;;;;;;;.++++++.........xxxxx..@@.@@.@@...xxx.@.........@.xxxxxxxx.@.xxxxxxxxxxxxx.@..xxxxxxx.@@..xxxx..@.xxx.....xx......xxx..........@@..
..@@@@.........xxx..@@@........xxx..........xxxx++++++++++++++++++++++++++++++++++++++++++++++++++++++...@@....xxxxx...;;;++;...+++....;;....xxxxx.....@@......xxx.@.........@.xxxxxxxx...xxxxxxxxxxxxx.@..xxxxxxx.....xxx...@.xxx.....xx..@@..xxx..@@@@@@@@....
..@@@@.@@@@@@@.xxx..@@@..@@@...xxx...........xxx+++++++++++++++++++++++++++++++++++++++++++++++++++++++........xxxxxx..;;;+++;;.......;;;;..xxxxxx.....@@......xxx.@.........@.xxxxxxxx.@.xxxxxxxxxxxx..@..xxxxxxx.....xxx..@@.xxx.....xx......xxx..............
..@@@@.@@@@@@@.xxx..@@@..@@@...xxx..@@@...@@@xxxx+++++++++++++++++++++++++++++++++++++++++++++++++++++++.......xxxxxx...;;;;;;;;;....;;;;...xxxxxx..@@.@@.@@...xxx.@.........@.xxxxxxxx.@.xxxxxxxxxxxx..@..xxxxxxx.....xxx.....xxx.....xx..@@..xxx.........@@@@.
..@@@@.@@@@@@@.xxx.......@@@...xxx..@@@...@@@.xxxx++++++++++++++++++++++++++++++++++++++++++++++++++++++.......xxxxxxx..;;;;;;;;;;..;;;;;..xxxxxxx..@@.@@.@@...xxx.@.........@.xxxxxxxx...xxxxxxxxxxxx..@..xxxxxxx;;xxxxx......xxx..@@.xx.@@...xxx..@@@@@@@.....
...............xxx.............xxx..@@@...@@@.xxxx+++++++++++++++++++++++++++++++++++++++++++++++++++++++......xxxxxxxx...;;;;;;;..;;;;;..xxxxxxxx.....@@......xxx.@.........@.xxxxxxxx.@.xxxxxxxxxxxx..@..xxxxxxx;;xxxxxxx;;xxxxx.@@@.xx......xxx..............
...............xxx...@@@.......xxx..@@@........xxxxx++++++++++++++++++++++++++++++++++++++++++++++++++++++.....xxxxxxxxx....;;;;...;;;...xxxxxxxxx.....@@......xxx.@.........@.xxxxxxxx.@.xxxxxxxxxxxx..@..xxxxxxx..xxxxxxx;;xxxxx.....xx...@@.xxx..............
xx.xxxxxxxxx.xxxxx...@@@.......xxx.............;xxxxx++++++++++++++++++++++++++++++++++++++++++++++++++++++....xxx.xxxxxx...........;...xxxxxx.xxx..@@.@@.@@...xxx..@.......@..xxxxxxxx...xxxxxxxxxxxx..@..xxxxxxx.....x......xxxxxx...xx.@@@..xxx....@@@@@@@...
xx.xxxxxxxxx.xxxxx...@@@.@@@...xxx..@@@...@@@..;;xxxxx++++++++++++++++++++++++++++++++++++++++++++++++++++++...xxx..xxxxxxx...........xxxxxxx..xxx..@@.@@.@@...xxx...@.....@...xxxxxxxx.@.xxxxxxxxxxxx..@..xxxxxxx.....x.......xxxxxxxxxx......xxx.............x
xx.xxxxxxxxx.xxxxx.......@@@...xxx..@@@...@@@..x;;.xxxx++++++++++++++++++++++++++++++++++++++++++++++++++++++........xxxxxxxxxx...xxxxxxxxxx...xxx.....@@......xxx...@.....@...xxxxxxxx.@.xxxxxxxxxxxx..@..xxxxxxx.@@..xx.@@...xxxxxxxxxx...@@.xxx........@@...x
......xxx......xxx.......@@@...xxx..@@@...@@@..xxx..xxxxx+++++++++++++++++++++++++++++++++++++++++++++++++++++......@..xxxxxxxxx;xxxxxxxxx.....xxx.....@@......xxx....@...@....xxxxxxxx...xxxxxxxxxxx...@..xxxxxxx..@..xx..@@..xxxxxxxxxxx.....xxx...@@@@@....xx
......xxx......xxx.@@@@........xxx.............xxx...xxxx++++++++++++++++++++++++++++++++++++++++++++++++++++++xxx..@...xxxxxxxx;xxxxxxxx......xxx..@@.@@.@@...xxx....@...@....xxxxxxxx.@.xxxxxxxxxxx...@...xxxxxx.....xx......xxxxxxxxxxx;;...xxx...........xxx
.@@@@.xxx..@.@.xxx.@@@@........xxx.............xxx....xxxx++++++++++++++++++++++++++++++++++++++++++++++++++++++xx..@@....xxxxxx;xxxxxx....@...........@@......xxx....@...@....xxxxxxxx.@.xxxxxxxxxxxx...@..xxxxxx......x......xxx...xxxx;;;xxxxxxx.........xxxx
.@@@@.xxx.@@@@.xxx.@@@@........xxx..@@@...@@@..xxx.....xxxx++++++++++++++++++++++++++++++++++++++++++++++++++++++x..@@@.......xx;xx.......@@...........@@......xxx....@...@...............xxxxxxxxxxxxxx..@..xxxxxxxx;xxxx;x...xxx......x;;;xxxxxxxx......xxxxx.
.@@@@.xxx..@@@.xxx.............xxx..@@@...@@@..xxx.......xxx+++++++++++++++++++++++++++++++++++++++++++++++++++++++..@@@.......x;x.......@@@...xxx..@@.@@.@@...xxx....@...@.............@.xxxxxxxxxxxxxxx..@.xxxxx.........x...xxx........;;xxxxxx.xxxx;;xxxxx..
..@@@.xxx..@@@.xxx....@@@@@@...xxx..@@@...@@@..xxx..@@@...xxx++++++++++++++++++++++++++++++++++++++++++++++++++++++...@@@@.....x;x....@@@@@@@..xxx..@@.@@.@@...xxx....@...@....xxxxxxxx.@.xxxxxxxxxxxxxxxx.....xxx.........x...xxx..@@.......xxxxx..xxxx;;xxx...
......xxx..@@@.xxx....@@@@@@...xxx.............xxx..@@@....xxx++++++++++++++++++++++++++++++++++++++++++++++++++++++..@@@@@....x;x.@@@@@@@@@@..xxx.....@@......xxx....@...@....xxxxxxxx...xxxxxxxxxxxxxxxx.....xxx.;;xxx...x...xxx..@@..@@.....xxx....xx;;xx....
......xxx...@..xxx....@@@@@@...xxx.............xxx..@@@.....xxx++++++++++++++++++++++++++++++++++++++++++++++++++++++..@@@@@@..x;x..@@@@@@@@@..xxx.....@@......xxx...@@...@@...xxxxxxxx.@.xxxxxxxxxxxxxxxxx....xxx;....x...x...xxx......@@.....xxx..............
.@.............xxx....@@@......xxx..@@@...@@@..xxx...........xxxx+++++++++++++++++++++++++++++++++++++++++++++++++++++..@@@@@..x;x..@@@@@@@@@..xxx..@@.@@.@@...xxx..@.......@..xxxxxxxx.@.xxxxxxxxxxxxxxxxx....xxx.....x...x...xxx.............xxx..........@...
.@....xxx.@@@..xxx....@@@......xxx..@@@...@@@..xxx..@@@.@@@..xxxxx+++++++++++++++++++++++++++++++++++++++++++++++++++++..@@@@..x;x..@@@@@@@@@..xxx..@@.@@.@@...xxx.@.........@.xxxxxxxx...xxxxxxxxxxxxx........xxx.....x...x................@@.xxx.....@.....@..
.@@...xxx.@@@@.xxx....@@@.@@@..xxx..@@@...@@@..xxx..@@@.@@@..xxxxxx+++++++++++++++++++++++++++++++++++++++++++++++++++++..@@@.......@@@@@@@@@..xxx.....@@..........@.........@.xxxxxxxx.@.xxxxxxxxxx...........xxx..@..x...x............@@..@..xxx......@@......
.@@...xxx.@@@@.xxx........@@@..xxx.............xxx..@@@.@@@.........++++++++++++++++++++++++++++++++++++++++++++++++++++...@@.......@@@@@@@@@..xxx.....@@..........@.........@.xxxxxxxx.@.xxxxxxxxxx...........xxx..@..x...x...xxx..@@..@@.....xxx..@@....@@....
.@@@@.xxx..@@.............@@@..xxx.............xxx..................+++++++++++++++++++++++++++++++++++++++++++++++++++++...@..xxx..@@@@@@@@@..xxx..@@.@@.@@...xxx.@.........@.xxxxxxxx........................xxx..@..;...;...xxx..@@.........xxx....@@...@@...
.@@@@.xxx............@@@..@@@..xxx..@@@...@@@..xxx..@@@.@@@..xxxxxx..+++++++++++++++++++++++++++++++++++++++++++++++++++++..@..xxx..@@@@@@@@@..xxx..@@.@@.@@...xxx.@.........@.xxxxxxxx.@..@@.@@.@@.@@.@@.@@.@.xxx..@..x...x...xxx.....@@......xxx.@....@....@..
.@@@@.xxx......xxx...@@@..@@@..xxx..@@@...@@@..xxx..@@@.@@@..xxxxxxx..+++++++++++++++++++++++++++++++++++++++++++++++++++++....xxx...@@@@@@@@..xxx.....@@......xxx.@.........@.xxxxxxxx.@......................xxx..@..x...x...xxx..@@.....@@..xxx..@@...@@...@.
.@@@@.xxx.@@.@.xxx...@@@..@@@..xxx..@@@...@@@..xxx..@@@.@@@..xxxxxxxx..+++++++++++++++++++++++++++++++++++++++++++++++++++.....xxx...@@@@@@@@..xxx.....@@......xxx.@.........@.xxxxxxxx...xxxxxxxxxx...........xxx.....x...x...xxx..@@..@..@@..xxx....@@...@@...
..@@..xxx.@@@@.xxx.............xxx.............xxx...........xxxxxxxxx.++++++++++++++++++++++++++++++++++++++++++++++++++++....xxx.............xxx..@@.@@.@@...xxx.@@@@@@@@@@@.xxxxxxxx.@.xxxxxxxxxx..@@...@@..xxx....xx...x...xxx.............xxx..............
......xxx.@@@@.xxx.............xxx.............xxx...........xxxxxxxxx..++++++++++++++++++++++++++++++++++++++++++++++++++++...xxx.............xxx.............xxx.............xxxxxxxx.@.xxxxxxxxxx...........xxx....xx...x...xxx.............xxx..............
......xxx.@@@@.xxxxxxxx...xxxxxxxxxxxxx...xxxxxxxxxxxx...xxxxxxxxxxxxxx........................................................xxxxxxxxxxxxxxxxxxxxxxx....xxxxxxxxxxxxxxxxxxxxxxxxxxxxx...xxxxxxxxxxxxxx...xxxxxxxxxxxxxxxxxxxxxxxxxxxx...xxxxxxxxxxxxx...xxxxxx
......xxx.@@@@.xxxxxxxx...xxxxxxxxxxxxx...xxxxxxxxxxxx...xxxxxxxxxxxxxxxxxxxxxxxxxxxxxxxxxxxxxxxxxxxxxxxxxxxxxxxxxxxxxxxxxxxxxxxxxxxxxxxxxxxxxxxxxxxxx....xxxxxxxxxxxxxxxxxxxxxxxxxxxxx.@.xxxxxxxxxxxxxx...xxxxxxxxxxxxxxxxxxxxxxxxxxxx...xxxxxxxxxxxxx....xxxxx
.@@@..xxx.@@@@.xxxxxxxx...xxxxxxxxxxxxx...xxxxxxxxxxxx...xxxxxxxxxxxxxxxxxxxxxxxxxxxxxxxxxxxxxxxxxxxxxxxxxxxxxxxxxxxxxxxxxxxxxxxxxxxxxxxxxxxxxxxxxxxxx....xxxxxxxxxxxxxxxxxxxxxxxxxxxxx.@.xxxxxxxxxxxxxx...xxxxxxxxxxxxxxxxxxxxxxxxxxxx...xxxxxxxxxxxxxx...xxxxx
.@@@..xxx.@@@@.xxxxxxxx...xxxxxxxxxxxxx...xxxxxxxxxxxx...xxxxxxxxxxxxxxxxxxxxxxxxxxxxxxxxxxxxxxxxxxxxxxxxxxxxxxxxxxxxxxxxxxxxxxxxxxxxxxxxxxxxxxxxxxxxx....xxxxxxxxxxxxxxxxxxxxxxxxxxxxx...xxxxxxxxxxxxxx...xxxxxxxxxxxxxxxxxxxxxxxxxxxx...xxxxxxxxxxxxxx....xxxx
......xxx.@@@..xxxxxxxx...xxxxxxxxxxxxx...xxxxxxxxxxxx...xxxxxxxxxxxxxxxxxxxxxxxxxxxxxxxxxxxxxxxxxxxxxxxxxxxxxxxxxxxxxxxxxxxxxxxxxxxxxxxxxxxxxxxxxxxxx....xxxxxxxxxxxxxxxxxxxxxxxxxxxxx.@.xxxxxxxxxxxxxx...xxxxxxxxxxxxxxxxxxxxxxxxxxxx...xxxxxxxxxxxxxxx...xxxx
.@@...xxx......xxxxxxxx...xxxxxxxxxxxxx...xxxxxxxxxxxx...xxxxxxxxxxxxxxxxxxxxxxxxxxxxxxxxxxxxxxxxxxxxxxxxxxxxxxxxxxxxxxxxxxxxxxxxxxxxxxxxxxxxxxxxxxxxx....xxxxxxxxxxxxxxxxxxxxxxxxxxxxx.@.xxxxxxxxxxxxxx...xxxxxxxxxxxxxxxxxxxxxxxxxxxx...xxxxxxxxxxxxxxxx...xxx
.@@@..xxxxxxxxxxxxxxxxx...xxxxxxxxxxxxx...xxxxxxxxxxxx...xxxxxxxxxxxxxxxxxx........................................................xxxxxxxxxxxxxxxxxxx....xxxxxxxxxxxxxxxxxxxxxxxxxxxxx...xxxxxxxxxxxxxx...xxxxxxxxxxxxxxxxxxxxxxxxxxxx...xxxxxxxxxxxxxxxx...xxx
.@@@..xxx......xxx.............xxx.............xxx...........xxxxxxxxxxxxxx.++++++++++++++++++++++++++++++++++++++++++++++++++++++.............xxx.............xxx.............xxx...........xxxxxxx...........xxx.............xxx.............xxx@@@@@@@@@@@@@@
.@@@..xxx.@@@@.xxx.............xxx.............xxx...........xxxxxxxxxxxxxx.+++++++++++++++++++++++++++++++++++++++++++++++++++++++............xxx.............xxx.............xxx...........xxxxxxx...........xxx.............xxx.............xxx@@@@@@@@@@@@@@
.@@...xxx..@@@.xxx.............xxx....@@..@@@..xxx..@@@@@@...xxxxxxxxxxxxxx..+++++++++++++++++++++++++++++++++++++++++++++++++++++++...........xxx.@@@@...@@@@.xxx.............xxx..@....@...xxxxxxx....@@.....xxx....@........xxx..@@.........xxx@@@@@@@@@@@@@@
...............xxx.......@.....xxx....@@..@@@..xxx..@@@@@@...xxxxxxxxxxxxxxx.++++++++++++++++++++++++++++++++++++++++++++++++++++++++..........xxx.@@@@...@@@@.xxx...@.........xxx..@@..@@@..xxxxxxx.@@@@@@@...xxx...@@@@......xxx..@@...@.....xxx@@@@@@@@@@@@@@
......xxx.@@.@.xxx..@@@.@@.....xxx....@@..@@@..xxx..@@@@@@...xxxxxxxxxxxxxxx.+++++++++++++++++++++++++++++++++++++++++++++++++++++++++.........xxx.@@@@...@@@@.xxx...@@@.......xxx..@@@..@@.............@@@@@..xxx..@@@@@@.....xxx....@..@@@...xxx@@@@@@@@@@@@@@
.@..@.xxx.@@.@.xxx..@@@.@@@....xxx....@@.......xxx..@@@@@@...xxxxxxxxxxxxxxx..+++++++++++++++++++++++++++++++++++++++++++++++++++++++++........xxx.@@@@...@@@@.xxx....@@@......xxx.............................xxx...@@@@@@....xxx........@@...xxx@@@@@@@@@@@@@@
.@@@@.xxx......xxx..@@@.@@@....xxx....@@.......xxx..@@@@@@...xxxxxxxxxxxxxxxx.++++++++++++++++++++++++++++++++++++++++++++++++++++++++++.......xxx.@@@@...@@@@.xxx.....@@@.....xxx.............................xxx....@@@@@@...xxx.............xxx@@@@@@@@@@@@@@
.@@@@.xxx.@.@..xxx..@@@.@@@....xxx....@@.@.....xxx..@@@@@@...xxxxxxxxxxxxxxxx..++++++++++++++++++++++++++++++++++++++++++++++++++++++++++......xxx.@@@@...@@@@.xxx.......@@@...xxx...........xxxxxxx...........xxx.....@@@@@...xxx..@.............@@@@@@@@@@@@@@
.@@@@.xxx.@.@..xxx..@@@.@@@....xxx....@@.@.....xxx..@@@@@@...xxxxxxxxxxxxxxxxx.+++++++++++++++++++++++++++++++++++++++++++++++++++++++++++.....xxx.@@@@...@@@@.xxx........@@...xxx...........xxxxxxx...........xxx......@@@@...xxx..@@@...........@@@@@@@@@@@@@@
.@@@@.xxx......xxx..@@@..@@....xxx....@@.@.....xxx..@@@@@@...xxxxxxxxxxxxxxxxx..++++++++++++++++++++++++++++++++++++++++++++++++++++++++++.....xxx.@@@@...@@@@.............@@..xxx....@@@....xxxxxxx...........xxx.........@...xxx..@@@........xxx@@@@@@@@@@@@@@
.@@@@.xxx.@@.@.xxx..@@@.@......xxx.....@.......xxx...........xxxxxxxxxxxxxxxxxx.++++++++++++++++++++++++++++++++++++++++++++++++++++++++++.....................................xxx....@@@....xxxxxxx...........xxx.@@@@........xxx...@@..@@....xxx@@@@@@@@@@@@@@
.@@@@.xxx.@@.@.xxx..@@@.@@@....xxx.....@.......xxx...........xxxxxxx............+++++++++++++++++++++++++++++++++++++++++++++++++++++++++++....................xxx...@@........xxx.....@.....xxxxxxx...........xxx..@@@@.......xxx.......@@....xxx@@@@@@@@@@@@@@
.@..@.xxx.@@...xxx..@@@..@@....xxx.....@..@....xxx..@@@@@@....xxxxxx............+++++++++++++++++++++++++++++++++++++++++++++++++++++++++++....xxx.@@@@...@@@@.xxx...@@@.......xxx...........xxxxxxx...........xxx...@@@@......xxx........@....xxx@@@@@@@@@@@@@@
......xxx.@@.@.xxx..@@@.@@@....xxx.@@@....@....xxx..@@@@@@....xxxxxx...........xxx++++++++++++++++++++++++++++++++++++++++++++++++++++++++++...xxx.@@@@...@@@@.xxx....@@.......xxx...........xxxxxxx...........xxx....@@@@@....xxx.............xxx@@@@@@@@@@@@@@
..@@..xxx.@@.@.xxx..@@@.@@@....xxx.@@@...@@....xxx..@@@@@@.....xxxxx.....@@@...xxx++++++++++++++++++++++++++++++++++++++++++++++++++++++++++...xxx.@@@@...@@@@.xxx........@@...xxx...........xxxxxxx...........xxx......@@@@...xxx..@@@........xxx@@@@@@@@@@@@@@
..@@@.xxx...........@@@.@@.....xxx.@@@...@@....xxx..@@@@@@......xxxx.....@@@...xxxx+++++++++++++++++++++++++++++++++++++++++++++++++++++++++...xxx.@@@@...@@@@.xxx........@@@..xxx...@@......xxxxxxx...........xxx.......@@@@..xxx...@.........xxx@@@@@@@@@@@@@@
.@@@@.xxx.@@.@.xxx..@@@.@@.....xxx.......@@....xxx..@@@@@@...x..xxxx....@@@@@@.xxxx+++++++++++++++++++++++++++++++++++++++++++++++++++++++++++.xxx.@@@@...@@@@.xxx...@@........xxx...@@.@@@....................xxx........@@...xxx........@....xxx@@@@@@@@@@@@@@
......xxx......xxx..@@@.@@@....xxx......@@.....xxx..@@@@@@...x...xxx....@@@@@@.xxxxx++++++++++++++++++++++++++++++++++++++++++++++++++++++++++.xxx.@@@@...@@@@.xxx..@@@@.......xxx...@@.@@@............@@@@@...xxx.............xxx........@@...xxx@@@@@@@@@@@@@@
xx.xxxxxxxxx.xxxxx..@@@..@@....xxx....@.@@.....xxx..@@@@@@...xx...xx....@@@@@@.xxxxxx++++++++++++++++++++++++++++++++++++++++++++++++++++++++++xxx.@@@@...@@@@.xxx....@@.......xxx.......@@............@@@@@@..xxx...@@.@......xxx.......@@@...xxx@@@@@@@@@@@@@@
xx.xxxxxxxxx.xxxxx..@@@..@@....xxx....@.@@.....xxx..@@@@@@...xxx..xx...@@@@....xxxxxx+++++++++++++++++++++++++++++++++++++++++++++++++++++++++++xx.@@@@...@@@@.xxx.........@...xxx...........xxxxxxx...........xxx...@@@@@@....xxx........@@...xxx@@@@@@@@@@@@@@
xx.xxxxxxxxx.xxxxx..@@@........xxx....@.@@.....xxx..@@@@@@...xxx...x...@@@@....xxxxxxx+++++++++++++++++++++++++++++++++++++++++++++++++++++++++++x.@@@@...@@@@.xxx........@@...xxx...........xxxxxxx...........xxx...@@@@@@@@..xxx...@.........xxx@@@@@@@@@@@@@@
......xxx......xxx..@@@.@@@....xxx....@.@@.....xxx...........xxxx......@@@.....xxxxxxxx+++++++++++++++++++++++++++++++++++++++++++++++++++++++++++.@@@@...@@@@.xxx........@@@..xxx...........xxxxxxx....@@.....xxx...@@@@@@@@..xxx...@.........xxx@@@@@@@@@@@@@@
.@@@..xxx.@@@@.xxx..@@@.@@@....xxx....@@.......xxx...........xxxxx.....@@@.....xxxxxxxxx+++++++++++++++++++++++++++++++++++++++++++++++++++++++++++@@@@...@@@@.xxx...@.........xxx.@@@.......xxxxxxx...@@@.....xxx...@@@@@@@@..xxx..@@@........xxx@@@@@@@@@@@@@@
.@@@..xxx..@@@.xxx..@@@.@@.....xxx....@@..@@@..xxx..@@@@@@...xxxxxx....@@@.....xxxxxxxxxx++++++++++++++++++++++++++++++++++++++++++++++++++++++++++............xxx..@@@........xxx..@@@@@@...xxxxxxx...@@@.....xxx..@@@@@@@@@..xxx......@@@....xxx@@@@@@@@@@@@@@
.@@@..xxx..@@@.xxx..@@@.@......xxx..@.@@..@@@..xxx..@@@@@@...xxxxxx....@@@.....xxxxxxxxxxx++++++++++++++++++++++++++++++++++++++++++++++++++++++++++...........xxx...@.........xxx..@@@@@@...xxxxxxx...@@@@....xxx..@@@@@@@@@..xxx......@@@....xxx@@@@@@@@@@@@@@
.@@@..xxx..@@@.xxx.............xxx..@@@@..@@@..xxx..@@@@@@...xxxxxxx...@@@.@@@.xxxxxxxxxxxx+++++++++++++++++++++++++++++++++++++++++++++++++++++++++@@@...@@@@.xxx.........@...xxx...@@@.....xxxxxxx...@@@@....xxx..@@@@@@@@@..xxx.......@@....xxx@@@@@@@@@@@@@@
.@@@..xxx......xxx.............xxx..@@@@.......xxx..@@@@@@...xxxxxxx...@@@@@@@.xxxxxxxxxxxxx+++++++++++++++++++++++++++++++++++++++++++++++++++++++++@@...@@@@.xxx........@@...xxx...........xxxxxxx...@@@@....xxx..@@@@@@@@@..xxx.............xxx@@@@@@@@@@@@@@
.@@@...........xxx.............xxx..@@@@.......xxx..@@@@@@...xxxxxxx...@@@@@@@.xxxxxxxxxxxxxx+++++++++++++++++++++++++++++++++++++++++++++++++++++++++@...@@@@.xxx.........@...xxx...........xxxxxxx...@@@@....xxx..@@@@@@@@...xxx...@.........xxx@@@@@@@@@@@@@@
.@@@..xxx..@@@.xxx......@@@....xxx..@@@@.......xxx..@@@@@@...xxxxxxx...@@@@@@..xxxxxxxxxxxxxxx+++++++++++++++++++++++++++++++++++++++++++++++++++++++++...@@@@.xxx...@@........xxx...@...@@..xxxxxxx...@@@@..........@@@@@@@...xxx...@@........xxx@@@@@@@@@@@@@@
.@@@..xxx..@@@.xxx......@@@....xxx..@@.@.......xxx..@@@@@@...xxxxxxx...@@@.....xxxxxxxxxxxxxxxx++++++++++++++++++++++++++++++++++++++++++++++++++++++++...@@@@.xxx..@@@........xxx..@@@@.@@..xxxxxxx...@@@@..........@@@@@@@@..xxx...@.....@@..xxx@@@@@@@@@@@@@@
.@@@..xxx..@@@.xxx..@@@.@@@....xxx.....@.......xxx..@@@@@@...xxxxxxx...@@@.....xxxxxxxxxxxxxxxxx+++++++++++++++++++++++++++++++++++++++++++++++++++++++...@@@@.xxx...@..............@@@..@...xxxxxxx...@@@...........@@@@@@@...xxx........@@@..xxx@@@@@@@@@@@@@@
.@@@..xxx......xxx..@@@........xxx.....@@......xxx..@@@@@@...xxxxxxx...@@@.....xxxxxxxxxxxxxxxxxx+++++++++++++++++++++++++++++++++++++++++++++++++++++++..@@@@.xxx........@@.................xxxxxxx..@@@@.....xxx......@@@....xxx.............xxx@@@@@@@@@@@@@@
.@@@..xxx.@....xxx..@@@.........xx.....@@.@@@..xxx..@@@@@@...xxxxxxx...@@@.....xxx.............xxx+++++++++++++++++++++++++++++++++++++++++++++++++++++++++@@@.xxx........@@@..xxx...........xxxxxxx..@@@@.....xxx.............xxx.............xxx@@@@@@@@@@@@@@
.@@@.xxxx...@@.xxx........@@@....x.....@..@@@..xxx...........xxxxxxx...@@@@@@..xxx.@@@@@@@@@@@.xxxx+++++++++++++++++++++++++++++++++++++++++++++++++++++++++@@.xxx........@....xxx...........xxxxxxx..@@@@.....xxx.............xxx...@.........xxx@@@@@@@@@@@@@@
.@@..xxxxx.@@@.xxx...@@@..@@@..x.......@..@@@..xxx...........xxxxxxx...@@@@@@..xxx.@@@@@@@@@@@.xxxxx+++++++++++++++++++++++++++++++++++++++++++++++++++++++++@.xxx...@@........xxx...@@.@@@..xxxxxxx..@@@@.....xxx...@@@@......xxx...@@@.......xxx@@@@@@@@@@@@@@
....xxxxxx.....xxx...@@@..@@@..xxx.............xxx..@@@@@@...xxxxxxx...@@@@@@..xxx.@@@@@@@@@@@.xxxxx...++++++++++++++++++++++++++++++++++++++++++++++++++++++++xxx...@@@.......xxx..@@@.@@@..xxxxxxx..@@@@.....xxx...@@@@@@....xxx...@@....@@..xxx@@@@@@@@@@@@@@
...xxxxxxxx....xxx...@@@...@@@.xxx.....@.......xxx..@@@@@@...xxxxxxx...@@@.....xxx.............xxxx.....+++++++++++++++++++++++++++++++++++++++++++++++++++++++xxx.............xxx...........xxxxxxx..@@@@.....xxx...@@@@@@@...xxx.........@@..xxx@@@@@@@@@@@@@@
..xxxxxxxxxxx..xxx.........@@@.xxx....@@.......xxx..@@@@@@...xxxxxxx...@@@.....xxx.............xxxx......+++++++++++++++++++++++++++++++++++++++++++++++++++++++++.............xxx...........xxxxxxx..@@@......xxx...@@@@@@@...xxx.............xxx@@@@@@@@@@@@@@
..xxxx..xxxxx..xxx.......@@@@@.xxx....@@.......xxx..@@@@@@...xxxxxxx...@@@..........@@@@@@@@@@.xxx........++++++++++++++++++++++++++++++++++++++++++++++++++++++++.............xxx...........xxxxxxx..@@@..@@..xxx....@@@@@@@..xxx.............xxx@@@@@@@@@@@@@@
..xxx....xxxx..xxx..@@@..@@@...xxx........@@@..xxx..@@@@@@...xxxxxxx...@@@@.........@@@@@@@@@@.xxx.@@@.....++++++++++++++++++++++++++++++++++++++++++++++++++++++++.@@....@@@..xxx..@@.......xxxxxxx..@@@..@@..xxx....@@@@@@@..xxx.............xxx@@@@@@@@@@@@@@
..xx.......xx..xxx..@@@..@@@...xxx....@@@.@@@..xxx..@@@@@@...xxxxxxx...@@@@....xxx..@@@@@@@@@@.xxx.@@@@.....+++++++++++++++++++++++++++++++++++++++++++++++++++++++..@@...@@@..xxx...@...@...xxxxxxx...@@..@@..xxx.....@@@@@@..xxx..@@@.....@@.xxx@@@@@@@@@@@@@@
......@@@...x..xxx..@@@........xxx....@@@.@@@..xxx..@@@@@@...xxxxxxx....@@@....xxx.............xxx.@@@@@....++++++++++++++++++++++++++++++++++++++++++++++++++++++++.......@...xxx...@@..@...xxxxxxx...@@..@@..xxx.......@@@...xxx..@@@...@@@@.xxx@@@@@@@@@@@@@@
.....@@@@@.....xxx.............xxx....@@@......xxx..@@@@@@...xxxxxxx....@@@....xxx.............xxx..@@@@@....++++++++++++++++++++++++++++++++++++++++++++++++++++++++..........xxx...@@@@@...xxxxxxx.......@@..xxx.............xxx...@@...@@@..xxx@@@@@@@@@@@@@@
....@@@@@@@....xxx......@@@....xxx.............xxx..@@@@@@...xxxxxxx.@@@@@@....xxx..@@@@@@@@@..xxx..@@@@@@....+++++++++++++++++++++++++++++++++++++++++++++++++++++++..@@@.....xxx...@@@@@...xxxxxxx.......@@@.xxx.............xxx.......@@@@..xxx@@@@@@@@@@@@@@
...@@@@@@@@@...xxx..@@@.@@@....xxx......@......xxx..@@@@@@...xxxxxxx.@@@@@@....xxx..@@@@@@@@@..xxx..@@@@@@@....+++++++++++++++++++++++++++++++++++++++++++++++++++++++..@@.@@..xxx...@@@@@...xxxxxxx.......@@@.xxx.....@.......xxx.......@@@...xxx@@@@@@@@@@@@@@
...@@@@@@@@@...xxx..@@@.@@@....xxx.....@@.......xx...........xxxxxxx.@@@@@@@...xxx..@@@@@@@@@..xxx..@@@@@@@@...+++++++++++++++++++++++++++++++++++++++++++++++++++++++.....@@..xxx...@@@@@@..xxxxxxx......@@@@.xxx.....@.......xxx......@@.....xxx@@@@@@@@@@@@@@
...@@@@@@@@@...xxx..@@@........xxx.....@@....................xxxxxxx....@@@@...xxx.............xxx..@@@@@@@@@...+++++++++++++++++++++++++++++++++++++++++++++++++++++++........xxx...@@@@@...xxxxxxx....@@@@@..xxx....@@@......xxx......@@.....xxx@@@@@@@@@@@@@@
...@@@@@@@@@...xxx.............xxx.....@@......x.............xxxxxxx....@@@@...xxx.@@@@@@@@....xxx...@@@@@@@@...+++++++++++++++++++++++++++++++++++++++++++++++++++++++........xxx.....................@@@@@@..xxx....@@@@.....................xxx@@@@@@@@@@@@@@
...@@@@@@@@@..........@@@.@@@..xxx......@......xxx..@@@@@@...xxxxxxx...@@@@@...xxx.@@@@@@@@....xxx...@@@@@@@@@...+++++++++++++++++++++++++++++++++++++++++++++++++++++++.......xxx.....................@@@@@@..xxx....@@@@@....................xxx@@@@@@@@@@@@@@
..@@@@@@@@@@@.........@@@.@@@..xxx..@@@...@@@..xxx..@@@@@@...xxxxxxx..@@@@@....xxx.@@@@@@@@....xxx...@@@@@@@@@@..++++++++++++++++++++++++++++++++++++++++++++++++++++++++.@@...xxx.......@.............@@@@@...xxx....@@@@@@...................xxx@@@@@@@@@@@@@@
..@@@@@@@@@@@..xxx....@@@.@@@..xxx..@@@...@@@..xxx..@@@@@@...xxxxxxx..@@@@@....xxx.............xxx......@@@@@@@..++++++++++++++++++++++++++++++++++++++++++++++++++++++++..@...xxx..@@@.@@@..xxxxxxx....@@@@...xxx....@@@@@@@..xxx...@@@@@@@...xxx@@@@@@@@@@@@@@
..@@@@@@@@@@@..xxx.............xxx..@@@...@@@..xxx...........xxxxxxx..@@@......xxx.............xxx..........@@@..+++++++++++++++++++++++++++++++++++++++++++++++++++++++++.....xxx..@@@@.@@..xxxxxxx....@@@....xxx....@@@@@@@..xxx....@@@@@@@..xxx@@@@@@@@@@@@@@
..@@@@@@@@@@@..xxx.............xxx.............xxx...........xxxxxxx...........xxx................................++++++++++++++++++++++++++++++++++++++++++++++++++++++++.....xxx...@.......xxxxxxx...........xxx...@@........xxx.............xxx@@@@@@@@@@@@@@
..@@@@@@@@@@@..xxx.............xxx.............xxx...........xxxxxxx...........xxx.............xxx.............................................................................xxx...........xxxxxxx...........xxx.............xxx.............xxx@@@@@@@@@@@@@@
..@@@@@@@@@@@..xxxxxxxxxxxxxxxxxxxxxxxxxxxxxxxxxxxxxxxxxxxxxxxxxxxxxxxxxx.xxxxxxxxxxxxxxxx.xxxxxxxxxxxxx.xxxxxxxxxxxxxxxxxxxxxxxxxxxxxxxxxxxxxxxxxxxxxxxxxxxxxxxxxxxxxxxxxxxxxxxxxxxxxxxxxxxxxxxxxxxxxxxxxxxx;xxxxxxxxxx;xxxxxxxxxxxxxxxx;xxxxxxxxxxxxxx...xxxxx
..@@@@@@@@@@@..xxxxxxxxxxxxxxxxxxxxxxxxxxxxxxxxxxxxxxxxxxxxxxxxxxxxxxxxxx.xxxxxxxxxxxxxxxx.xxxxxxxxxxxxx.xxxxxxxxxxxxxxxxxxxxxxxxxxxxxxxxxxxxxxxxxxxxxxxxxxxxxxxxxxxxxxxxxxxxxxxxxxxxxxxxxxxxxxxxxxxxxxxxxx;;;xxxxxxxxxx;xxxxxxxxxxxxxxxx;xxxxxxxxxxxxxx...xxxxx
...............xxxxxxxxxxxxxxxxxxxxxxxxxxxxxxxxxxxxxxxxxxxxxxxxxxxxxxxxxx.xxxxxxxxxxxxxxxx.xxxxxxxxxxxxx.xxxxxxxxxxxxxxxxxxxxxxxxxxxxxxxxxxxxxxxxxxxxxxxxxxxxxxxxxxxxxxxxxxxxxxxxxxxxxxxxxxxxxxxxxxxxxxxx;;;xxxxxxxxxxxx;xxxxxxxxxxxxxxxx;xxxxxxxxxxxxxx...xxxxx
...............xxxxxxxxxxxxxxxxxxxxxxxxxxxxxxxxxxxxxxxxxxxxxxxxxxxxxxxxxx.xxxxxxxxxxxxxxxx.xxxxxxxxxxxxx.xxxxxxxxxxxxxxxxxxxxxxxxxxxxxxxxxxxxxxxxxxxxxxxxxxxxxxxxxxxxxxxxxxxxxxxxxxxxxxxxxxxxxxxxxxxxxx;;;xxxxxxxxxxxxxx;xxxxxxxxxxxxxxxx;xxxxxxxxxxxxxx...xxxxx
xxxxxxxxxxxxxxxxxxxxxxxxxxxxxxxxxxxxxxxxxxxxxxxxxxxxxxxxxxxxxxxxxxxxxxxxx.xxxxxxxxxxxxxxxx.xxxxxxxxxxxxx.xxxxxxxxxxxxxxxxxxxxxxxxxxxxxxxxxxxxxxxxxxxxxxxxxxxxxxxxxxxxxxxxxxxxxxxxxxxxxxxxxxxxxxxxxxxx;;;xxxxxxxxxxxxxxxx;xxxxxxxxxxxxxxxx;xxxxxxxxxxxxxx...xxxxx
xxxxxxxxxxxxxxxxxx.............xxx.............xxx...........xxxxxxx...........xxx.............xxx.............................................................................xxx...........xxxxxxx...........xxx.............xxx.............xxx..............
xxxxxxxxxxxxxxxxxx.............xxx.............xxx...........xxxxxxx...........xxx.............xxx...........xxxxxxxx.++++++++++++++++++++++++++++++++++++++++++++++++++++++++..xx.@@@@@@@@@.xxxxxxx...........xxx.............xxx..@..........xxx..............
..x....x....x..xxx..@@@........xxx....@@.......xxx..@@@@@@...xxxxxxx.@@@@@@....xxx...@@@@@@@...xxx...........xxxxxxxx.+++++++++++++++++++++++++++++++++++++++++++++++++++++++++.xx.@@@@@@@@@.xxxxxxx...@@@.....xxx..@...............@@@@@@@@@..xxx..............
..x.@@.x.@@.x..xxx..@@@........xxx....@@.......xxx..@@@@@@...xxxxxxx.@@@@@@....xxx...@@@@@@@...xxx..@@@.@@@..xxxxxxxx..+++++++++++++++++++++++++++++++++++++++++++++++++++++++++.x.@@@@@@@@@.xxxxxxx..@@@@@@...xxx..@.....@....xxx..@@@@@@@@@..xxx...@@@........
..x.@@.x.@@.x..xxx..@@@@@......xxx....@@.......xxx..@@@@@@...xxxxxxx.@@@@@@..........@@@@@@@@@.xxx..@@@.@@@..xxxxxxxxx.++++++++++++++++++++++++++++++++++++++++++++++++++++++++++..@@@@@@@@@.xxxxxxx...@@@@@@..xxx..@@...@@@...xxx...@@@@@@@@..xxx....@@@.......
..x.@@.x.@@.x..xxx..@@@@@......xxx...@@@.......xxx...........xxxxxxx...........xxx...@@@@@@@@@.xxx..@@@.@@@..xxxxxxxxx..+++++++++++++++++++++++++++++++++++++++++++++++++++++++++@@@@@@@@@@@.xxxxxxx...........xxx..@@@..@@@...xxx....@@@@@@...xxx.....@@@@.....
..x....x.@@.x..xxx..@@@@@@@....xxx...@@@@@@....xxx...........xxxxxxx...........xxx...@@@@@@@@@.xxx...........xxxxxxxxxx.++++++++++++++++++++++++++++++++++++++++++++++++++++++++++@@@@@@@@@@.xxxxxxx...........xxx..@@@..@@@...xxx.......@.....xxx.......@@@....
..x....x.@@.x..xxx..@@@@@@@....xxx...@@@@@@....xxx..@@@@@@...xxxxxxx..@@@@@@...xxx.@@@@@@@@@@@.xxx..@@@.@@@..xxxxxxxxxx....++++++++++++++++++++++++++++++++++++++++++++++++++++++++@@@@@@@@@.xxxxxxx.@@@.......xxx..@@@..@@@...xxx.............xxx........@@@...
..x....x....x..xxx..@@@@@@@@@..xxx...@@@@@@....xxx..@....@...xxxxxxx..@@@@@@...xxx.@@@@@@@@@@..xxx..@@@.@@@..xxxxxxxxxxxxx..++++++++++++++++++++++++++++++++++++++++++++++++++++++++@@@@@@@@.xxxxxxx.@@@@@@@...xxx..@@@..@@@...xxx.............xxx.........@@@..
..xxxxxxxxxxx..xxx..@@@@@@@@@..xxx...@@@@@@.....xx..@....@...xxxxxxx..@@@@@@...xxx.@@@@@@@@@@..xxx..@@@.@@@..xxxxxxxxxxxxxx...+++++++++++++++++++++++++++++++++++++++++++++++++++++++@@@@@@@.xxxxxxx..@@@@@@...xxx..@@@..@@@...xxx.....@.......xxx....@......@..
..x....x....x..xxx..@@@@@@@@@..xxx...@@@@@@@.....x..@....@...xxxxxxx.....@@@...xxx.@@@@@@@@@@..xxx...........xxxxxxxxxxxxxxxx..++++++++++++++++++++++++++++++++++++++++++++++++++++++@@@@@@.............@@@....xxx...@...@@@...xxx...@@@@......xxx....@.........
..x.@@.x.@@.x..xxx.............xxx...@@@@@@@...x....@....@...xxxxxxx...........xxx.............xxx..@@@.@@@..xxxxxxxxxxxxxxxx..x++++++++++++++++++++++++++++++++++++++++++++++++++++++@@@@@....................xxx........@@...xxx..@@@@@@.....xxx....@.........
..x.@@.x.@@.x..xxx.............xxx...@.@@@@@@..xx...@....@...xxxxxxx...@@@@....xxx.............xxx..@@@.@@@..xxxxxxx....xxx....xx++++++++++++++++++++++++++++++++++++++++++++++++++++++@@@@@@xxxxxxx...........xxx.............xxx...@@@@@@....xxx....@@....@...
..x.@@.x.@@.x..xxx.....................@@@@@@..xxx..@....@...xxxxxxx..@@@@@@...xxx.@@@@@@@.....xxx..@@@.@@@..xxxxxxx.@@.xxx..@.xx+++++++++++++++++++++++++++++++++++++++++++++++++++++++@@@@@xxxxxxx.@@@@@@@...xxx.............xxx....@@@@@...........@@....@...
..x.@@.x.@@.x..xxx.............xxx......@@@@@..xxx..@....@...xxxxxxx..@@@@@@...xxx.@@@@@@@@....xxx...........xxxxxxx.@@.xxx..@.xxx+++++++++++++++++++++++++++++++++++++++++++++++++++++++@@@@xxxxxxx..@@@@@@...xxx....@@.......xxx.....@@@@...........@@...@@...
..x.@@.x....x..xxx.............xxx...@@.@@@@...xxx..@....@...xxxxxxx..@@@@@@...xxx.@@@@@@@@@@.......@@@.@@@..xxxxxxx.@@.xxx.@@.xxx+++++++++++++++++++++++++++++++++++++++++++++++++++++++@@@@xxxxxxx...@@@@@...xxx...@@@.......xxx.......@@...........@@...@@...
..x.@@.x..@.x..xxx.....@@@.....xxx...@@.@@@....xxx..@....@...xxxxxxx...@@@@@...xxx.@@@@@@@@@@.......@@@.@@@..xxxxxxx.@@.xxx.@@.xxxx+++++++++++++++++++++++++++++++++++++++++++++++++++++++@@@xxxxxxx...@@@@....xxx..@@@@...@@..xxx..@@.........xxx....@@...@@...
..x.@@.x.@@.x..xxx...@@@@@@@...xxx..@@@@@@@....xxx..@....@...xxxxxxx...@@@@@...;xx..@@@@@@@@@@.xxx..@@@.@@@..xxxxxxx.@@.xxx.@@.xxxx++++++++++++++++++++++++++++++++++++++++++++++++++++++++@@xxxxxxx...........xxx..@@@@...@@..xxx...@@........xxx....@@..@@@...
..x.@@.x.@@.x..xxx..@@@@@@@@@..xxx..@@@@@@@....xxx..@....@...x;;;x;;...@@@@@...;;x...@@@.@@@@@.xxx...........xxxxxxx.@@.xxx.@@.xxxxx++++++++++++++++++++++++++++++++++++++++++++++++++++++++@xxxxxxx....@......xxx..@@@@..@@@..xxx....@@@......xxx....@@...@@...
..x....x....x..xxx..@@@@@@@@@..xxx..@@@@@@.....xxx..@....@...;;x;;;x...........x;;.......@@@@@.xxx...........xxxxxxx.@@.xxx.@@.xxxxx++++++++++++++++++++++++++++++++++++++++++++++++++++++++++xxxxxx...@@@.....xxx..@@@...@@@..xxx.....@@@.....xxx....@@...@@...
..xxxxxxxxxxx..xxx..@@@@@@@@@..xxx..@@@@...@@..xxx..@....@...xxxxxxx...........xxx.......@@@...xxx...........xxxxxxx....;;;....xxxxxx++++++++++++++++++++++++++++++++++++++++++++++++++++++++++xxxxx.@@@@@@@...xxx..@@@...@@@..xxx......@@@....xxx....@....@@...
..x@@@@x....x..xxx..@@@@@@@@@..xxx.@@.@@@..@@..xxx..@....@...xxxxxxx...........xxx...@@@@@@....xxx...........xxxxxxx;xxxxxxxxxxxxxxxx++++++++++++++++++++++++++++++++++++++++++++++++++++++++++++xxx...@@@.....xxx..@@@..@@@@..xxx........@@...xxx...@@....@@...
..x@@@@x..@.x..xxx..@@@@@@@@@..xxx.@@.@@@@.@@..xxx..@....@...xxxxxxx...@@@@....xxx...@@@@@@....xxx...........xxxxxxx;xxxxxxxxxxxxxxxx+++++++++++++++++++++++++++++++++++++++++++++++++++++++++++++xx...........xxx..@@...@@@@..xxx..@.....@@...xxx...@@....@@...
..x@@@@x.@@.x..xxx..@@@@@@@@@..xxx.@@.@@@@.@@..xxx..@....@...xxxxxxx..@@@@@....xxx...@@@@@@....xxx...........xxxxxxx;xxxxxxxxxxxxxxxxx++++++++++++++++++++++++++++++++++++++++++++++++++++++++++++xx...........xxx........@@@..xxx..@@@........xxx...@@....@@...
..x@@@@x....x..xxx...@@@@@@@...xxx.@@.@@@@.@@..xxx..@....@...xxxxxxx..@@@@@....xxx...@@@@@@....xxx...........xxxxxxx....;;;....xxxxxxx+++++++++++++++++++++++++++++++++++++++++++++++++++++++++++++x....@......xxx.............xxx..@@@@.......xxx...@@....@@...
..xxxxxxxxxxx..xxx.....@@@.....xxx.@@..@@@.....xxx..@....@...xxxxxxx..@@@@@@...xxx.@@@@@@@@....xxx..@@@.@@@..xxxxxxx.@..xxx.@@.xxxxxxxx+++++++++++++++++++++++++++++++++++++++++++++++++++++++++++++...@@@@@...xxx.............xxx...@@@@......xxx...@@....@@...
..x....x...;...xxx.............xxx....@@@@@....xxx..@....@...xxxxxxx..@@@@@@...xxx.@@@@@@@@@@@.xxx..@@@.@@@..xxxxxxx..@.xxx..@.xxxxxxxxx++++++++++++++++++++++++++++++++++++++++++++++++++++++++++++..@@@@@@...xxx..@@@........xxx.....@@@.....xxx...@@....@@...
..x.@@.x...;...xxx.............xxx....@@@@@....xxx..@....@...xxxxxxx..@@@@@@...xxx.@@@@@@@@@@@.xxx..@@@.@@@..xxxxxxx....xxx....xxxxxxxxx+++++++++++++++++++++++++++++++++++++++++++++++++++++++++++++..@@@@@@..xxx..@@@@.......xxx......@@@....xxx...@@....@@...
xxx..@.x...;...xxx.............xxx....@@@...@@.xxx..@....@...xxxxxxx..@@@@@@...xxx.....@@@@@@@.xxx..@@@.@@@..xxxxxxxxxxxxx;;xxxxxxxxxxxxx++++++++++++++++++++++++++++++++++++++++++++++++++++++++++++...@@@@...xxx..@@@@.......xxx.......@@@...xxx...@@....@@...
.....@.x.@@;@@.xxx.............xxx....@@@@..@@.xxx..@....@...xxxxxxx..@@@@@@...xxx.......@@@@@.xxx..@@@.@@@..xxxxxxxxxxxx;;xxxxxxxxxxxxxx+++++++++++++++++++++++++++++++++++++++++++++++++++++++++++++.........xxx..@@@@....@..xxx.@@@.....@@..xxx...@@....@@...
.@@@@@.x.@.;.@.xxx.............xxx....@@@@..@@.xxx..@....@...xxxxxxx..@@@@@@@..xxx.............xxx..@@@@@@@..xxxxxxxxxxx;;xxxxxxxxxxxxxxxx++++++++++++++++++++++++++++++++++++++++++++++++++++++++++++++.......xxx...@@@@...@..xxx..@@@@.....@.xxx...@.....@@...
.@@@@..x.@.;.@.xxx..@@@........xxx....@@@@..@@.xxx..@....@...xxxxxxx...@@@@@@@.xxx.....@@@.....xxx..@@@@@@@..xxxxxxxxxx;;xxxxxxxxxxxxxxxxxx++++++++++++++++++++++++++++++++++++++++++++++++++++++++++++++......xxx...@@@@@..@@.xxx...@@@@@.....xxx..........@...
.@@@@..x.@...@.xxx..@@@..@.....xxx....@@....@@.xxx..@....@...xxxxxxx...@@@@@@@.xxx...@@@@@@....xxx..@@@@@@@..xxxxxxx....xxx....xxx.....xxxx++++++++++++++++++++++++++++++++++++++++++++++++++++++++++++++.............@@@@..@@.xxx....@@@@@....xxx..............
.@@@@@.x.@@@@@.xxx..@@@..@.....xxx....@@....@@.xxx..@....@...xxxxxxx.....@@@@@.xxx..@@@@@@@@...xxx...........xxxxxxx.@@.xxx.@@.xxx.@@@.xxxxx+++++++++++++++++++++++++++++++++++++++++++++++++++++++++++++..............@...@@..xxx......@@@@...xxx..............
.@@@@@.x.@@@@@.xxx..@@@..@@....xxx...@@@.......xxx..@....@...xxxxxxx...........xxx.@@@@@@@@@...xxx...........xxxxxxx....;;;....xxx.@@@.xxxxx++++++++++++++++++++++++++++++++++++++++++++++++++++++++++++++................@@@..xxx.......@@@@..xxx..............
.@@@@@.x..@@@..xxx..@@@..@@....xxx...@@@@......xxx..@....@...xxxxxxx...........xxx.@@@@@@@@@...xxx...........xxxxxxx.@..xxx..@.xxx.....xxxxxxx+++++..+++++++++++++++++++++++++++++++++++++++++++++++++++++.....xxx.........@@..xxx........@@@..xxx..............
.@@@@..x.......xxx..@@@..@@....xxx....@@@......xxx..@....@...xxxxxxx..@@@@@@@@.xxx.@@@@@@@@@@@@xxx..@@@@@@@..xxxxxxx.@@.xxx.@@.xxx.@.@.xxx.xxxx++++..++..++++++++++++++++++++++++++++++++++++++++++++++++++....xxx.........@...xxx..@@.....@@..xxx....@.........
.@@@@..xxxx.xxxxxx..@@@........xxx....@@@@.....xxx..@@..@@...xxxxxxx..@@@@@@@@.xxx.@@@@@@@@@@@@xxx..@@@@@@@..xxxxxxx....xxx....xxx.....xxx..xxxx+++..++..++..+++++++++++++++++++++++++++++++++++++++++++++++...xxx.........@...xxx..@@@@.......xxx..@@@@@@@@....
..@@...x.......xxx..@@@........xxx.....@@@.....xxx...........xxxxxxx..@@@@@@@@.xxx........@@@@@xxx..@@@@@@@..xxxxxxxxxxxxx;;xxxxxx.@.@.xxx...xxx+++..++..++..+++++++++++++++++++++++++++++++++++++++++++++++...xxx..@@....@@...xxx...@@@@@.....xxx..@@@@@@@@....
.......x............@@@..@@@...xxx.....@@......xxx...........xxxxxxx...........xxx.............xxx..@@@@@@@..xxxxxxxxxxxx;;xxxxxxx.....xxx.@..xxx++..++..++..++++++++++++++++++++++++++++++++++++++++++++++++..xxx..@@@........xxx...@@@@@@....xxx..@@@@@@@@@...
.......x.......xxx..@@@..@@@...xxx.............xxx..@@@.@@@..xxxxxxxxxxxxx.xxxxxxxxxxxx..xxxxxxxxx..@@@@@@@..xxxxxxxxxxx;;xxxxxxxx.@.@.xxx.@@..xxx...++..++..+++++++++++++++++++++++++++++++++++++++++++++++++.xxx..@@@........xxx....@@@@@@...xxx..@@@@@@@@@...
xxxxxxxxxxxxxxxxxx..@@@..@@@...xxx..@@@........xxx..@@@.@@@..xxxxxxxxxxxxx.xxxxxxxxxxxx..xxxxxxxxx..@@@@@@@..xxxxxxxxxx;;xxxxxxxxx.....xxx.@@@.xxx....+..++..++++++++++++++++++++++++++++++++++++++++++++++++++xxx..@@@@.......xxx.....@@@@@.........@@@@@@@@@..
...x...........xxx..@@@........xxx..@@@........xxx..@@@.@@@..xxxxxxxxxxxxx.xxxxxxxxxxxx..xxxxxxxxx..@@@@@@@..xxxxxxx....xxx....xxx.@.@.xxx.@@@.xxx.......++..++++++++++++++++++++++++++++++++++++++++++++++++++xxx...@@@.......xxx.......@@@...xxx....@@@@@@@@..
.@.x...........xxx..@@@........xxx..@@@........xxx......@@@..xxxxxxxxxxxxx.xxxxxxxxxxxx..xxxxxxxxx..@@@@@@@..xxxxxxx....xxx....xxx.....xxx.@@@.xxx.@.....++..+++++++++++++++++++++++++++++++++++++++++++++++++++xx....@........xxx.............xxx.....@@@@@@...
.@.x...@@@@@...xxx..@@@........xxx..@@@........xxx......@@@..xxxxxxxxxxxxx.xxxxxxxxxxxx..xxxxxxxxx..@@@@@@@..xxxxxxx.@@.xxx.@@.xxx.@.@.xxx.@@......@@....++..++++++++++++++++++++++++++++++++++++++++++++++++++++x.......@@....xxx...@@@.......xxx.......@@@@@..
.@.x...@@@@@...xxx..@@@..@@@...xxx.............xxx..@@@.@@@..xxxxxxxxxx.....................xxxxxx..@@@@@@@..xxxxxxx.@@.xxx.@@..xx.....xxx.@...xxx.@@@....+..++++++++++++++++++++++++++++++++++++++++++++++++++++x.......@@@...xxx..@@@@@......xxx........@@@...
.@.x...@@@@@...xxx..@@@..@@@...xxx.............xxx..@@@.@@@..xxxxxxxxxx.....................xxxxxx..@@@@@@@..xxxxxxx....xxx.....xx.@.@.xxx...@.xxx.@@@@@.....+++++++++++++++++++++++++++++++++++++++++++++++++++++.......@@@...xxx...@@@@@.....xxx..............
...x..@@@@@@@..xxx..@@@..@@@...xxx..@@@@@@@@@..xxx..@@@.@@@..xxxxxxxxxx.....................xxxxxx...........xxxx.......xxx......x.....xxx..@@.xxx.@@@@@@....+++++++++++++++++++++++++++++++++++++++++++++++++++++.......@@....xxx...@@@@@@....xxx..............
...x..@@...@@..xxx..@@@..@@@...xxx..@@@@@@@@@..xxx......@@@..xxxxxxxxxx...............@.....xxxxxx...........xxx.................x.@.@.xxx.@@@.xxx.@@@@@@@...++++++++++++++++++++++++++++++++++++++++++++++++++++++......@@....xxx....@@@@@@...xxx..............
...x...........xxx..@@@..@@@...xxx..@@@@@@@@@..xxx......@@@..xxxxxxxxxx......@.......@......xxxxxx...........x..........xxx............xxx.@@@.xxx.@@@@@@@@..+++++++++++++++++++++++++++++++++++++++++++++++++++++++.....@@....xxx.....@@@@@...xxx...@@@........
...x...........xxx..@@@..@@@...xxx...@@@@@@@...xx;..@@@.@@@..xxxxxxxxxx......@@@...@@@......xxxxxx...@@@@@...........@@.xxx.@@.....@.@.xxx.@@@.xxx.@@@@@@@@..++++++++++++++++++++++++++++++++++++++++++++++++++++++++....@@....xxx......@@@@...xxx...@@@@.......
...x...xxxxxxxxxxx..@@@..@@@...xxx.....@@@.....x;;..@@@.@@@..xxxxxxxxxx......@@@@.@@@@......xxxxxx...@@@@@........xx.@@.xxx.@@.x.......xxx.@@@.xxx.@@@@@@@@..++++++++++++++++++++++++++++++++++++++++++++++++++++++++++........xxx.........@...xxx...@@@@@......
.@.x...xxxxxxxxxxx.............xxx.....@@@.....x;x..@@@.@@@..xxxxxxxxxx......@@@@@@@@@......xxxxxx...@@@@@......xxxx....xxx....x...@.@.xxx.@@@.xxx.@@@@@@@@..+++++++++++++++++++++++++++++++++++++++++++++++++++++++++++.......xxx.............xxx...@@@@@@.....
...x...........xxx.............xxx.....@@@.....;;x......@@@..xxxxxxxxxx.......@@@@@@@.......xxxxxx...@@@@@....xxxxxxx...xxx....xx......xxx.@@@.xxx.@@@@@@@@..++++++++++++++++++++++++++++++++++++++++++++++++++++++++++++......xxx..@@@@.......xxx..@@@@@@@.....
xxxx...@@@@@...xxx.............xxx...@@@@@@@...;xx......@@@...................@@@@@@@.......xxxxxx...@@@@@...xxxxxxxxx;xxxxxxxxxx..@.@.xxx.@@@.xxx.@@@@@@@@..+++++++++++++++++++++++++++++++++++++++++++++++++++++++++++++.....xxx..@@@@@......xxx..@@@@@@@.....
...x...@@@@@@.......@@@@@@@@...xxx..@@@@@@@@@..;xx..@@@.@@@..................@@@@@@@@@@.....xxxxxx...@@@@@...xxxxxxxxx;xxxxxxxxxxx.....xxx.@@@.xxx.@@@@@@@@..++++++++++++++++++++++++++++++++++++++++++++++++++++++++++++++....xxx...@@@@@.....xxx..@@@@@@......
...x...@@@@@@..xxx..@@@@@@@@...xxx..@@@@@@@@@..;xx..@@@.@@@................@@@@@@@@@@@@@....;;;;;;...@@@@@...xxxxxxxxx;xxxxxxxxxxx.@.@.xxx.@@@.xxx.@@@@@@@@..+++++++++++++++++++++++++++++++++++++++++++++++++++++++++++++++...xxx...@@@@@.....xxx...@@@@@......
.@.x...........xxx..@@@@@@@@...xxx..@@@@@@@@@..xxx..@@@.@@@...............@@@@@@@@@@@@@@@...;;;;;;...@@@@@...xxxxxxx....xxx....xxx.....xxx.@@@.xxx.@@@@@@@@..+++++++++++++++++++++++++++++++++++++++++++++++++++++++++++++++..........@@@@@....xxx....@@.....@..
.@.xxxxxxxxxxxxxxx..@@@@@@@@...xxx.............xxx......@@@..xxxxxxxxxx.......@@@@@@........;;;;;;...........xxxxxxx.@..xxx..@.xxxxxxx.xxx.@@@.xxx.@@@@@@@@..++++++++++++++++++++++++++++++++++++++++++++++++++++++++++++++++..xxx.....@@@@....xxx..........@@..
...x...........xxx..@@@@@@@@...xxx.............xxx......@@@..xxxxxxxxxx.........@@@.........xxxxxx...........xxxxxxx..@.xxx.@..xxxxxxx;xxx.@@@.xxx.@@@@@@@@..+++++++++++++++++++++++++++++++++++++++++++++++++++++++++++++++++.xxx......@@@....xxx.........@@@..
...x..@.....@@.xxx..@@@@@@@@...xxx.............xxx..@@@.@@@..xxxxxxxxxx.........@@@.........xxxxxx...........xxxxxxx..@.xxx.@..xxxxxxx;xxx.@@@.xxx.@@@@@@@@..+++++++++++++++++++++++++++++++++++++++++++++++++++++++++++++++++.xxx........@....xxx........@@@@..
...x.@@.@@..@@.xxx.............xxx..@@@@@@@@@..xxx..@@@.@@@..xxxxxxxxxx.........@@@.........xxxxxx..@@@.@@@..xxxxxxx....xxx....xxx.xxx;xxx.@@@.xxx.@@@@@@@@..++++++++++++++++++++++++++++++++++++++++++++++++++++++++++++++++++xxx.............xxx........@@@...
.@.x.@@.@@..@@.xxx.............xxx..@@@@@@@@@..xxx..@@@.@@@..xxxxxxxxxx..........@..........xxxxxx..@@@.@@@..xxxxxxxxx;xxxxxx;xxxx...x;xxx..@@.xxx.@@@@@@@@..++++++++x++++++++++++++++++++++++++++++++++++++++++++++++++++++++++xx.............xxx.......@@@@...
.@@x.@@.@@..@@.xxx.............xxx..@@@@@@@@@..xxx......@@@..xxxxxxxxxx..........@..........xxxxxx..@@@.@@@..xxxxxxxxx;xxxxxx;xxxx....;xxxx..@.xxx.@@@@@@@@..++++++++x++++++++++++++++++++++++++++++++++++++++++++++++++++++++++xx...@@@........xx......@@@@@...
.@.x.@@.@@..@@.xxx...@.@.@.@...xxx....@@@@@@@..xxx......@@@..xxxxxxxxxx.....................xxxxxx...........xxxxxxxxx;xxxxxx;xxxx.....xxxxx...xxx.@@@@@@@@..++++++++xx++++++++++++++++++++++++++++++++++++++++++++++++++++++++++x..@@@@@.......xx......@@@@....
...x...........xxx...@.@.@.@...xxx....@@@@@@@..xxx..@@@.@@@..xxxxxxxxxx.....................xxxxxx...........xxxxxxx....xxx....xxx.@@@..xxxxx..xxx.@@@@@@@@..++++++++xx+++++++++++++++++++++++++++++++++++++++++++++++++++++++++++..@@@@@@.......x.....@@@......
...xxxxxxxxxxxxxxx...@.@.@.@...xxx....@@@@@@@..xxx..@@@.@@@..xxxxxxxxxxxx.xxxxxxxxxxxxxxx.xxxxxxxx..@@@.@@@..xxxxxxx.@..xxx..@.xxx..@@...xxxxx.xxx.@@@@@@@@..++++++++xxx+++++++++++++++++++++++++++++++++++++++++++++++++++++++++++.@@@@@@@....x.x...@@@@.......
.......x.......xxx...@.@.@.@...xxx....@@@@@@@..xxx..@@@.@@@..xxxxxxxxxxxx.xxxxxxxxxxxxxxx.xxxxxxxx..@@@.@@@..xxxxxxx.@@.xxx.@..xxx........xxxxxxxx.@@@@@@@@..++++++++x.x++++++++++++++++++++++++++++++++++++++++++++++++++++++++++++.@@@@@@@...x......@@........
..@..@.x.@@@@@.xxx...@.@.@.@...xxx....@@@@@@@..xxx......@@@..xxxxxxxxxxxx.xxxxxxxxxxxxxxx.xxxxxxxx..@@@.@@@..xxxxxxx.@..xxx..@.xxx.......@.xxxxxxx.@@@@@@@@..++++++++x.x++++++++++++++++++++++++++++++++++++++++++++++++++++++++++++..@@@@@@...xx....@@.........
..@@.@.x.@@@@@.xxx...@.@.@.@...xxx....@@@@@@@..xxx......@@@..xxxxxxxxxxxx.xxxxxxxxxxxxxxx.xxxxxxxx...........xxxxxxx.@@.xxx.@..xxx..@@..@@..xxxxxx.@@@@@@@@..++++++++x.xx++++++++++++++++++++++++++++++++++++++++++++++++++++++++++++..@@@@@...xx...@@..........
.......x.@@@@@.xxx...@.@.@.@...xxx....@@@@@@@..xxx..@@@.@@@..xxxxxxxxxxxx.xxxxxxxxxxxxxxx.xxxxxxxx...........xxxxxxx.@..xxx..@.xxx..@@...@...xxxxx.@@@@@@....++++++++x..xx++++++++++++++++++++++++++++++++++++++++++++++++++++++++++++...@@@...xx...............
xx.xxxxx.@@@@@.xxx...@.@.@.@...xxx....@@@@@@@..xxx..@@@.@@@..xxxxxxx...........xxx.............xxx..@@@.@@@..xxxxxxx.@@.xxx.@..xxx............xxxx.@@@@......+++++++xx...xx++++++++++++++++++++++++++++++++++++++++++++++++++++++++++++........xxx..............
.......x.@@@@@.xxx...@.@.@.@...xxx....@@@@@@@..xxx..@@@.@@@..xxxxxxx...@@@@@...xxx....@@@@@....xxx..@@@.@@@..xxxxxxx.@..xxx..@.xxx.............xxx.@@.......++++++++x.....xx+++++++++++++++++++++++++++++++++++++++++++++++++++++++++++........xxx....@...@@....
.@.@...x.@@@@@.xxx...@.@.@.@...xxx....@@@@@@@..xxx......@@@..xxxxxxx..@@@@@@@..xxx...@@@@@@@...xxx..@@@.@@@..xxxxxxx....xxx....xxx..@....@@@...xxx..........++++++++x..@...xx+++++++++++++++++++++++++++++++++++++++++++++++++++++++++++.......xxx...@@@@@@@@...
.......x.@@@@@.xxx...@.@.@.@...xxx....@@@@@@@..xxx......@@@..xxxxxxx.@@@@@@@@@.xxx..@@@@@@@@@..xxx...........xxxxxxxxx;xxxxx;;xxxx.@@@...@@....xxx..........+++++++xx..@@...xx++++++++++++++++++++++++++++++++++++++++++++++++++++++++++++.....xxx...@@@@@@@@...
..@.@..x.......xxx...@.@.@.@..........@@@@@@@..xxx..@@@.@@@..xxxxxxx@@@@@@@@@@@xxx.@@@@@@@@@@@.xxx...........xxxxxxxxx;xxxxx;xxxxx......@@@....xxx.....................@@@...xx++++++++++++++++++++++++++++++++++++++++++++++++++++++++++++....xxx..@@@@@@@@@@..
.......x.......xxx...@.@.@.@...xxx....@@@@@@@..xxx..@@@.@@@..xxxxxxx@@@@@@@@@@@xxx.@@@@@@@@@@@.xxx..@@@.@@@..xxxxxxxx;;xxxxx;;xxxx.....@@@..@..........................@@@....xx++++++++++++++++++++++++++++++++++++++++++++++++++++++++++++...xxx...@@@@@@@@...
.@..@..x.@@....xxx...@.@.@.@...xxx....@@@@@@@..xxx..@@@.@@@..xxxxxxx@@@@@@@@@@@xxx.@@@@@@@@@@@.xxx..@@@.@@@..xxxxxxx....xxx....xxx.@@@..@@..@@.xxx..........++++++xx..@@@@@....xx+++++++++++++++++++++++++++++++++++++++++++++++++++++++++++...xxx.....@@@@@....
.@.@...x.@@@@..xxx...@.@.@.@...xxx....@@@@@@@..xxx......@@@..xxxxxxx@@@@@@@@@@@xxx.@@@@@@@@@@@.xxx..@@@.@@@..xxxxxxx.@..xxx.@@.xxx.............xxx..@@@@@..+++++++x...@@@@@....xxx++++++++++++++++++++++++++++++++++++++++++++++++++++++++++...xxx......@@@@....
....@..x.@@@@..xxx...@.@.@.@...xxx..@@@@@@@@@..xxx......@@@..xxxxxxx@@@@@@@@@@@xxx.@@@@@@@@@@@.xxx...........xxxxxxx.@..xxx.@..xxx..@.....@....xxx..@@@@@..+++++++x...@@@@@@...xxxx+++++++++++++++++++++++++++++++++++++++++++++++++++++++++...xxx........@@....
....@..x..@@@@.xxx...@.@.@.@...xxx..@@@@@@@@@..xxx..@@@.@@@..xxxxxxx.@@@@@@@@@.xxx..@@@@@@@@@..xxx...........xxxxxxx.@@.xxx.@@.xxx..@@..@@@....xxx..@@@@@..++++++xx...@@@@@@@..xxxxx+++++++++++++++++++++++++++++++++++++++++++++++++++++++++..xxx..............
..@....x..@@@@.xxx...@.@.@.@...xxx..@@@@@@@@@..xxx..@@@.@@@..xxxxxxx..@@@@@@@........@@@@@@@...xxx...........xxxxxxx....xxx..@.xxx..@@...@@.@..xxx..@@@@@.+++++++x....@@@@@@@..xxx.xx+++++++++++++++++++++++++++++++++++++++++++++++++++++++++.xxx..............
.@.....x..@@@@.xxx.............xxx.............xxx..@@@.@@@..xxxxxxx...@@@@@...xxx....@@@@@....xxx...........xxxxxxx.@@.xxx..@.xxx..........@..xxx........+++++++x..................xx++++++++++++++++++++++++++++++++++++++++++++++++++++++++.xxx..............
....@..x..@@@@.xxx.............xxx.............xxx...........xxxxxxx...........xxx.............xxx...........xxxxxxx....xxx....xxx.............xxx........++++++xx.............xxx.............................................................xxx..............
.......x.......xxxxxxxxxxxxxxx;xxxxxxxxx;;xxxxxxxxxxxxx.xxxxxxxxxxxxxxxx.xxxxxxxxxxxxxxxx;xxxxxxxxxxxxxxxxxxxxxxxxxxxxxxxxxxxxxxxxxxxxxxxxxx.xxxxxxx.xxxx+++++++xxxxxx.xxxx.xxxxxxxxxxxxxxxxxxxxxxxxxxxxxxxxxxxxxxxxxxxxxxxxxxxxxxxxxxxxxxxxxxxxxxxxxxx...xxxxxx
..@....x.......xxxxxxxxxxxxxxx;;;xxxxxxxx;xxxxxxxxxxxxx.xxxxxxxxxxxxxxxx.xxxxxxxxxxxxxxxx;xxxxxxxxxxxxxxxxxxxxxxxxxxxxxxxxxxxxxxxxxxxxxxxxxx.xxxxxxx.xxxx+++++++xxxxxx.xxxx.xxxxxxxxxxxxxxxxxxxxxxxxxxxxxxxxxxxxxxxxxxxxxxxxxxxxxxxxxxxxxxxxxxxxxxxxxxx...xxxxxx
....@..x..@@@..xxxxxxxxxxxxxxxxx;xxxxxxxx;;;;;xxxxxxxxx.xxxxxxxxxxxxxxxx.xxxxxxxxxxxxxxxx;xxxxxxxxxxxxxxxxxxxxxxxxxxxxxxxxxxxxxxxxxxxxxxxxxx.xxxxxxx.xxx+++++++xxxxxxx.xxxx.xxxxxxxxxxxxxxxxxxxxxxxxxxxxxxxxxxxxxxxxxxxxxxxxxxxxxxxxxxxxxxxxxxxxxxxxxxx...xxxxxx
.......x..@@@..xxxxxxxxxxxxx;;;;;xxxxxxxxxxxx;xxxxxxxxx.xxxxxxxxxxxxxxxx.xxxxxxxxxxxxxxxx;xxxxxxxxxxxxxxxxxxxxxxxxxxxxxxxxxxxxxxxxxxxxxxxxxx.xxxxxxx.xxx+++++++xxxxxxx.xxxx.xxxxxxxxxxxxxxxxxxxxxxxxxxxxxxxxxxxxxxxxxxxxxxxxxxxxxxxxxxxxxxxxxxxxxxxxxxx...xxxxxx
..@@.@.x..@@@..xxxxxxxxxxxxx;xxxxxxxxxxxxxxxx;xxxxxxxxx.xxxxxxxxxxxxxxxx.xxxxxxxxxxxxxxxx;xxxxxxxxxxxxxxxxxxxxxxxxxxxxxxxxxxxxxxxxxxxxxxxxxx.xxxxxxx.xxx++++++xxxxxxxx.xxxx.xxxxxxxxxxxxxxxxxxxxxxxxxxxxxxxxxxxxxxxxxxxxxxxxxxxxxxxxxxxxxxxxxxxxxxxxxxx...xxxxxx
.......x..@@@..xxx.............xxx...........................xxxxxxx............x..............xxx...........xxxxxxx...........xxx.............xxx@@.@@+++++++.xxx......xxx....xxx..............................................................................
..@....x..@@@.........@..@.....xxx.@@@@@@@@@@@@@@@@@@@@@@@@@.xxxxxxx............x..............xxx.......@.....xxx.............xxx@@@.....@@...xxx@@.@@+++++++.xxx.@@@@.xxx....xxx.@@....xx+++++++++++++++++++++++++++++++++++++++++++++++++++++++..............
...@.@.x..@@@.......@..@..@....xxx.@.......................@.xxxxxxx.@@@@@@@@@@.x..@@@@@@@@@@@.xxx...@@..@.....xxxx...@@.....@.xxx.@@.....@@...xxx@@.@+++++++..xxx.@@@@.xxx....xxx.@@....xxx+++++++++++++++++++++++++++++++++++++++++++++++++++++++..@@@@@@@@@..
.......x..@@@..xxx...@.@..@....xxx.@.......................@.xxxxxxx.@@@@@@@@@..x..@@@@@@@@@@@.xxx..@@@........xxxxx..@@....@@.xxx.....@@......xxx@@.@+++++++..xxx.@@@@.xxx....xxx........xxx++++++++++++++++++++++++++++++++++++++++++++++++++++++..@@@@@@@@@..
.......x..@@@..xxx.@.@..@..@...xxx.@..@@@@@@..@@@...@@@@@..@.xxxxxxx.@@@@@@@@...x..@@@@@@@@@@..xxx..@@@....@...xxxxxx......@@@.xxx....@...@..@.xxx@@.+++++++...xxx.@@@@.xxx....xxx.........xx+++++++++++++++++++++++++++++++++++++++++++++++++++++++..@@@@@@@@@.
..@.@..x.......xxx.@..@..@.@...xxx.@..@@@@@@.@@@@@..@@@@@..@.xxxxxxx.@@@@.......x..@@@@@@@@@@..xxx........@@...xxxxxx.....@@@@.xxx..@@....@..@.xxx@..++++++....xxx.@@@@.xxx....xxx..........xx+++++++++++++++++++++++++++++++++++++++++++++++++++++++...@@@@@@@.
.......x.......xxx.@..@..@..@..xxx.@..@@@@@@..@@@...@@@....@.xxxxxxx..@.........x..@@@@@@@@@@..xxx.............xxxxxxx...@@@@@.xxx.....@.......xxx...++++++....xxx.@@@@.xxx....xxxxxxx.xxxxxxxx++++++++++++++++++++++++++++++++++++++++++++++++++++++....@@@@@@.
....@..x..@.@..xxx..@..@..@.@..xxx.@.......................@.xxxxxxx............x..@@@@@@@@@@..xxx...@@........xxxxxxx..@@@@@@.xxx......@@....xxxx...+++++.....xxx.@@@@.xxx....xxx...........xxx++++++++++++++++++++++++++++++++++++++++++++++++++++++....@@@@@.
..@....x.......xxx..@...@.@....xxx.@.......................@.xxxxxxx..@@........x..@@@@@@@@@.........@@@.......xxxxxxxx..@@@@@.xxx..@.......xxxxxx.+.+++++.....xxx.@@@@.xxx....xxx...........xxxx++++++++++++++++++++++++++++++++++++++++++++++++++++++....@@@@.
....@..x..@....xxx...@..@..@...xxx.@..@.@@@@...@...@@@@....@.xxxxxxx.@@@..@........@@@@@@@@@..........@....@@..xxx.xxxxx..@@@@.xxx.@@......xxxxxxx.+.++++......xxx.@@@@.xxx....xxx..@...@@@..xxxxx++++++++++++++++++++++++++++++++++++++++++++++++++++++....@@@.
.......x...@...xxx.@..@..@.....xxx.@....@@@@..@@@..@@@@....@.xxxxxxx..@...@@@...x..@@@@@@@@@...xxx.........@...xxx..xxxxx...@@.xxx.......xxxxxxxxx++.+++.......xxx.@@@@.xxx....xxx..@...@@@..xxxxx++++++++++++++++++++++++++++++++++++++++++++++++++++++++...@@.
..@@...x.......xxx.@...@.@.....xxx.@....@@@@..@@@..@@@@....@.xxxxxxx......@@@...x..@@@@@@@@@...xxx.............xxx..xxxxx;...@.xxx....xx;xxxxxxxxx++.+++...@...xxx.@@@@.xxx....xxx..@@...@@..xxxxxx++++++++++++++++++++++++++++++++++++++++++++++++++++++++.....
.....@.x..@@...xxx..@..@..@....xxx.@..@.@@@@..@@@...@@.....@.xxxxxxx.....@@@....x..@@@@@@@@....xxx........@@...xxx...xxxx;;....xxxxxxxxx;xxxx..xx+++.++...@@...xxx.@@@@.xxx....xxx..@@...@@..xxxxxxx++++++++++++++++++++++++++++++++++++++++++++++++++++++++....
...@@..x.......xxx...@..@......xxx.@....@@@@..@@@...@@.....@.xxxxxxx.....@......x..@@@@@@@@....xxx...@.....@...xxx....xx;;xxx..xxxxxxxxx;xxx...x++++.++....@...xxx.@@@@.xxx....xxx..@@...@@..xxxxxxxx++++++++++++++++++++++++++++++++++++++++++++++++++++++++...
...@...x....@..xxx.............xxx.@....@@@@..@@@...@@.....@.xxxxxxx............x..@@@@@@@@....xxx..@@@........xxx..@..;;xxxxx.xxxxxxxxx;......x++++.+.........;;;.@@@@.xxx....xxx..@@@...@..xxxxxxxx++++++++++++++++++++++++++++++++++++++++++++++++++++++++;;.
.....@.x..@....xxx.............xxx.@..@.@@@@..@@@...@@.....@.xxxxxxx.@@.........x..@@@@@@@@....xxx..@@@.......xxxx.......xxxxxxxxxx.........@..+++++...........;;;.@@@@.xxx....xxx..@@@...@..xxxxxxxxx+++++++++++++++++++++++++++++++++++++++++++++++++++++++;;;
.......x.......xxx.............xxx.@..@.@@@@..@@@..@@@@....@.xxxxxxx.@@@...@@@..x..@@@@@@@.....xxx...@......xxxxxx...@....xxxxxxxx..@.....@...++++++...........xxx.@@@@.xxx....xxx..@@@...@..xxxxxxxxxx+++++++++++++++++++++++++++++++++++++++++++++++++++++;;;;
xxx.xxxxxxx.xxxxxx........@@...xxx.@..@.@@@@..@@@..@@@@....@.xxxxxxx.@@@..@@@@..x..@@@@@@@.....xxx.........xxxxxxx.@...@...xxxxxxx.....@@....+++++++....@@@....xxx.@@@@.xxx....xxx..@@@@.....xxxxxxx.xxx+++++++++++++++++++++++++++++++++++++++++++++++++++;;;;;
@@@.@@@@@@@.@@@xxx........@@...xxx.@..@.@@@@...@...@@@@..@.@.xxxxxxx..@...@@@@@.x..@@@@@@@.....xxx........xxxxxxxx.......@...xxxxx..@...@...+++++++......@@....xxx.@@@@.xxx....xxx..@@@@.....xxxxxxx..xx++++++++++++++++++++++++++++++++++++++++++++++++++;;;;++
xxx.xxxxxxx.xxxxxx...@@...@@...xxx.@.......................@.xxxxxxx.......@@@@.x..@@@@@@@.....xxx.@@....xxxxxxxxx..@..@.......xxx.@.......+++++++.............xxx.@@@@.xxx....xxx..@@@@.....xxxxxxx...xx+++++++++++++++++++++++++++++++++++++++++++++++++;;;+++
...............xxx...@.........xxx.@.........................xxxxxxx............x..@@@@@@......xxx.@@...xxxxxx.xxx....@..@.@.@.xxx........+++++++x.............xxx.@@@@.xxx....xxx...@@@@....xxxxxxx...xxx+++++++++++++++++++++++++++++++++++++++++++++++;;;++++
...............xxx.............xxx.@..@@@@@@@.xxxxxxxxxxxxxxxxxxxxxx............x..@@@@@@......xxx.....;xxxxx..xxxx............xxx...@@..+++++++xx..@@.........xxx.@@@@.xxx....xxx...@@@@.@@.xxxxxxx....xxx+++++++++++++++++++++++++++++++++++++++++++++;;;+++++
....@@@@@@@....xxx.............xxx.@..@@@@@@@.x..............xxxxxxx.@@@....@@..x..@@@@@@......xxx....x;;xxx...xxxxxx....@.....xxx..@...+++++++xxx..@@@....@@..xxx.@@@..xxx....xxx...@@@@..@.xxxxxxx.....xxx+++++++++++++++++++++++++++++++++++++++++++;;;;+++++
...@@@@@@@@@...xxx.............xxx.@..@@@@@@@.x............@.xxxxxxx.@@@...@@@@.x..@@@@@@......xxx...xxx;;.....xxxxxxxx.....@..xxx.....+++++++.xxx...@.....@@..xxx.@@..xxxx....xxx...@@@@....xxxxxxx..@....xx+++++++++++++++++++++++++++++++++++++++++;;;;++++++
..@@@@@@@@@@@..xxx.............xxx.@..@@@@@@@.x.@@@@@@@@@@.@.xxxxxxx..@@...@@@@.x..@@@@@.......xxx...xxxx;.....xxxxxxxxxx......xxx.@..++++++...xxx..........@..xxx.@...xxxx....xxx...@@@@....xxxxxxx..@@...xx++++++++++++++++++++++++++++++++++++++++;;;++++++++
..@@@@@@@@@@@..xxx.............xxx.@..@@@@@@@.x.@@@@@@@@@@.@..xxxxxx.......@@@@.x..@@@@@.......xxx..xxxxx......xxxxxxxxx;;xx...xxx.@.++++++....xxx.............xxx.....xxxx....xxx...........xxxxxxx..@@@...xx++++++++++++++++++++++++++++++++++++++;;;+++++++++
..@@@@@@@@@@@..xxx....@@...@...xxx.@..@@@@@@@.x.@@@@@@@@@@.@....xxxx.....@.@@@@.;..@@@@@.......xxx.xxxxx.......xxx..xx;;;xxxxx.xxx..+++++++....xxx....;;;......xxx....;xxx.....xxx...........xxxxxxx..@@@@...xxx+++++++++++++++++++++++++++++++++++;;;++++++++++
.@@@@@@@@@@@@@.xxx...@@@...@...xxx.@..@@@@@@@.x.@@@@@@@@@@.@.x.....x.....@.@@...x..@@@@@.......xxxxxxxxx.......xxx.....;xxxxxxxxxx.+++++++.....xxx...x;;;xx....xxx..x;;xxx.....xxx...........xxxxxxx..@@@@...xx++++++++++++++++++++++++++++++++++++;;+++++++++++
.@@@@@@@@@@@@@........@@.......xxx.@..@@@@....x............@.xxx.....@@..@.@@...x..@@@@........xxxxxxxx........xxx.......xxxxxxxxx+++++++......xxx..xx;;;xxx...xxxxxxx;;;......xxxxxxx;;xxxxxxxxxxxx..@@@@@...xx+++++++++++++++++++++++++++++++++;;;;+++++++++++
.@@@@@@@@@@@@@.................xxx...........................xxxxxxx.@@@@@......x..@@@@........xxxxxxx.....@...xxx.@@@@@....xxxxx+++++++.......xxx.xxx;;;xxxx..xxxxxxxx;.......xxxxxxx;;xxxxxxxxxxxx..@@@@@@...xx+++++++++++++++++++++++++++++++;;;;++++++++++++
.@@@@@@@@@@@@@.xxx.............xxxxxxxxxxxxxxxxxxxxxxxxxxxxxxxxxxxxx..@....@@@..x..@@@@........xxxxxx......@@..xxx.@@@@@@@@....x+++++++........xxxxxxx;.;xxxxx.xxxxxxx.....@...xxxxxxx;;xxxxxxxxxxxx..@@@@@@@..xx++++++++++++++++++++++++++++++;;;++++++++++++++
..@@@@@@@@@@@..xxx.............xxx............x..............xxxxxxx..@...@@@@@.x..@@@@........xxxx.......@@@..xxx.@@@@@@@....+++++++....@@....xxxxxxx;..xxxxxxxxx........@@...xxx...........xxxxxxx..@@@@@@@..xxx+++++++++++++++++++++++++++;;;;+++++++++++++++
..@@@@@@@@@@@..xxx.............xxx.@.@@@@@@@@.x.@@@.@@@@@..@.xxxxxxx..@...@@@@@.x..@@@.........xxx.......@@@@..xxx..........++++++++.....@@....xxxxxxx....xxxxxxxx.......@@@...xxx...........xxxxxxx..@@@@@@@..xxxx+++++++++++++++++++++++++;;;;;+++++++++++++++
..@@@@@@@@@@@..xxx..@@...@.....xxx.@.@@@@@@@@.x.@@@.@@@@@..@.xxxxxxx.....@@@@...x..@@@.........xxx..@...@@@@@@.xxx.........++++++++.....@@@....xxxxxx......xxxxxxx....@@@@@@...xxx.......@@..xxxxx....@@@@@@@..xxxx++++++++++++++++++++++++;;;;+++++++++++++++++
...@@@@@@@@@...xxx......@@.....xxx.@.@@@@@@@@.x.@@@.@@.@@..@.xxxxxxx............x..@@@.........xxx.@@@@@@@@@@@.xxx........+++++++x.....@@@@....xxxxxx.......xxxxxx..@@@@@@@@@..xxx..@@...@@..xxxx.....@@@@@@@..xxxx+++++++++++++++++++++++;;;+++++++++++++++++++
....@@@@@@@....xxx.............xxx.@..........x............@.xxxxxxx........@@..x..@@@.........xxx.@@@@@@@@@@@............++++++xx..@@@@@@@....xxxxx...@@@...xxxxx..@@@@@@@@@..xxx..@@.......xx.......@@@@@@@..xxxxx++++++++++++++++++++;;;;++++++++++++++++++++
...............xxx.............xxx.@.xxxxxxxxxxxxxxxxxxxxxx@.xxxxxxx..@@@...@@..x..@@..........xxx.@@@@@@@@@@..xxx.....+..++++.xxx.@@@@@@@@....xxxxx..@@@@@..xxxxx..@@@@@@@@...xxx....................@@@@@@@..xxxxx+++++++++++++++++;;;;;++++++++++++++++++++++
...@@@@@@@@@...xxx.............xxx.@.@@@.@@@@.x.@@.........@.xxxxxxx..@@@....@..x..@@..........xxx..@@@@@@@@...xxx...+++..++...xxx.@@@@@@@@....xxx....@@@@@....xxx....................................@@@@@@@..xxxxxx++++++++++++++;;;;;;+++++++++++++++++++++++
..@@@@@@@@@@@..xxx..@@@@...@@..xxx.@.@@@.@@@@.x.@@.@@@@@...@.xxxxxxx..@@@@......x..@@..........xxx..@@@@@@@....xxx.+++++.......xxx.............xxx.@@@@@@@@@@@.xxx..@@@@@@@@..........................@@@@@@@..xxxxxx+++++++++;;;;;;;;;+++++++++++++++++++++++++
..@@@@@@@@@@@..xxx..@@@....@@..xxx.@.@@@.@@@@.x....@@.@@...@.xxxxxxx..@@@@......x..@@..........xxx....@@@@.....xx+++++++.......xxx.............xxx.@@@@@@@@@@@.xxx..@@@@@@@@@..xxx.......@@...........@@@@@@@..xxxxxx+++;;;;;;;;;;;;;+++++++++++++++++++++++++++
..@@@@@@@@@@@..xxx...@.....@...xxx.@.......................@.xxxxxxx............x..@...........xxx.............++++++++........................xxx.@@@@@@@@@@@.xxx...@@@@@@@@..xxx...@@..@@......xxx..@@@@@@@..xxxxxxx;;;;;;;;;;;+++++++++++++++++++++++++++++++
...@@@@@@@@@...xxx.............xxx.@@@@@@@@@@@@@@@@@@@@@@@@@.xxxxxxx...............@...........xxx...........++++++++++........xxx.............xxx.@@@@@@@@@@@.xxx...@@@@@@@...xxx...@.......xxxxxxx..@@@@@@@..xxxxxxx;;;;;+++++++++++++++++++++++++++++++++++++
...............xxx.............xxx...........................xxxxxxx...........................xxx.......+++++++++++...........xxx.............xxx.@@@@@@@@@@@.xxx.....@.......xxx...........xxxxxxx...........xxxxxxxx;++++++++++++++++++++++++++++++++++++++++