256 256
@@@@@@@@@@@@@@@@@.........+++++++++++++++.....@@@@@@@@@@@@@@@@@@@@@@@@@@@@@@@@@@@@@@@....@@@................@@@@@@@@@@@@@@@@@@@@@@@@@@@@@@@@@@@@@@@@@@@@@@@@@@@@@...............++++++++++++;;;;;;;;;;;....................................................@@@@@
@@@@@@@@@@@@@@@@@........++++++++++++++.......@@@@@@@@@@@@@@@@@@@@@@@@@@@@@@@@@@@@@@@....@@@................@@@@@@@@@@@@@@@@@@@@@@@@@@@@@@@@@@@@@@@@@@@@@@@@@@@@@..............++++++++++++;;;;;;;;;;;;;...................................................@@@@@
@@@@@@@@@@@@@@@@@......++++++++++++++++....@@@@@@@@@@@@@@@@@@@@@@@@@@@@@@@@@@@@@@@@@@@@@....................@@@@@@@@@@@@@@@@@@@@@@@@@@@@@@@@@@@@@@@@@@@@@@@@@@@@@@@...........+++++++++++++;;;;;;;;;;;;;.........@@..@@.....................................@@@@
@@@@@@@@@@@@@@@@@.....+++++++++++++++......@@@@@@@@@@@@@@@@@@@@@@@@@@@@@@@@@@@@@@@@@@@@@....................@@@@@@@@@@@@@@@@@@@@@@@@@@@@@@@@@@@@@@@@@@@@@@@@@@@@@@@...........++++++++++++;;;;;;;;;;;;;;.........@@@@@@.....................................@@@@
@@@@@@@@@@@@@@.......++++++++++++++......@@@@@@@@@@@@@@@@@@@@@@@@@@@@@@@@@@@@@@@@@@@@@@@..........@@@@......@@@@@@@@@@@@@@@@@@@@@@@@@@@@@@@@@@@@@@@@@@@@@@@@@@@@@@@..........++++++++++++++;;;;;;;;;;;;;.........@@@@@@@@@@@@@@..@@@@@................@@@.....@@
@@@@@@@@@@@@@@......++++++++++++++.......@@@@@@@@@@@@@@@@@@@@@@@@@@@@@@@@@@@@@@@@@@@@@@@..........@@@@......@@@@@@@@@@@@@@@@@@@@@@@@@@@@@@@@@@@@@@@@@@@@@@@@@@@@@@@.........++++++++++++++;;;;...................@@@@@@@@@@@@@@..@@@@@................@@@....@@@
@@@@@@@@@@@@@@.....+++++++++++++.....@@@@@@@@@@@@@@@@@@@@@@@@@@@@@@@@@@@@@@@@@@@@@@@@@@@........@@@@@@@@@@@@@@@@@@@@@@@@@@@@@@@@@@@@@@@@@@@@@@@@@@@@@@@@@@@@@@@@@@@.........++++++++++++++;;;;.;;;;;@@@@.........@@@@@@@@@@@@@@..@@@@@......@@@@@@@@@@@@@@@..@@@
@@@@@@@@@@@@@......++++++++++++......@@@@@@@@@@@@@@@@@@@@@@@@@@@@@@@@@@@@@@@@@@@@@@@@@@@........@@@@@@@@@@@@@@@@@@@@@@@@@@@@@@@@@@@@@@@@@@@@@@@@@@@@@@@@@@@@@@@@@@@........+++++++++++++++;;;..;;;;;@@@@..........@@@@@@@@@@@@@..@@@@@......@@@@@@@@@@@@@@@...@@
@@@@@@@@@@.........++++++++++........@@@@@@@@@@@@@@@@@@@@@@@@@@@@@@@@@@@@@@@@@@@@@@@@@@@@@......@@@@@@@@@@@@@@@@@@@@@@@@@@@@@@@@@@@@@@@@@@@@@@@@@@@@@@@@@@@@@@@@@.........++++++++++++++++;;;.;;;;@@@@@@@@.........@@@@@@@@@@@@@@@@@@@@@....@@@@@@@@@@@@@@@....@
@@@@@@@@@..........++++++++++........@@@@@@@@@@@@@@@@@@@@@@@@@@@@@@@@@@@@@@@@@@@@@@@@@@@@@......@@@@@@@@@@@@@@@@@@@@@@@@@@@@@@@@@@@@@@@@@@@@@@@@@@@@@@@@@@@@@@@@@.........++++++++++++++++;;;.;;;;@@@@@@@@.........@@@@@@@@@@@@@@@@@@@@@....@@@@@@@@@@@@@@@....@
@@@@@@..............++++++...........@@@@@@@@@@@@@@@@@@@@@@@@@@@@@@@@@@@@@@@@@@@@@@@@@@@@@......@@@@@@@@@@@@@@@@@@@@@@@@@@@@@@@@@@@@@@@@@@@@@@@@@@@@@@@@@@@@@............++++++++++++++++;;;..;;;;@@@@@@@@@@@.@@@..@@@@@@@@@@@@@@@@@@@@@@@@@@@@@@@@@@@@@@......@
@@@@@@...............................@@@@@@@@@@@@@@@@@@@@@@@@@@@@@@@@@@@@@@@@@@@@@@@@@@@@.......@@@@@@@@@@@@@@@@@@@@@@@@@@@@@@@@@@@@@@@@@@@@@@@@@@@@@@@@@@@@@............++++++++++++++++;;;.;;;;;@@@@@@@@@@@@@@@..@@@@@@@@@@@@@@@@@@@@@@@@@@@@@@@@@@@@@@......@
@@@@@@..@@@@.....................@@@@@@@@@@@@@@@@@@@@@@@@@@@@@@@@@@@@@@@@@@@@@@@@@@@@@@@@@......@@@@@@@@@@@@@@@@@@@@@@@@@@@@@@@@@@@@@@@@@@@@@@@@@@@@@@@@@@@@@...........+++++++++++++++++;;;.;;;;;@@@@@@@@@@@@@@@@@@@@@@@@@@@@@@@@@@@@@@@@@@@@@@@@@@@@@@.......@
@@@@@@..@@@@.....................@@@@@@@@@@@@@@@@@@@@@@@@@@@@@@@@@@@@@@@@@@@@@@@@@@@@@@@@@........@@@@@@@@@@@@@@@@@@@@@@@@@@@@@@@@@@@@@@@@@@@@@@@@@@@@@@@@@@@...........++++++++++++++;;;;;..;;;;;@@@@@@@@@@@@@@@@@@@@@@@@@@@@@@@@@@@@@@@@@@@@@@@@@@@@.........@
@@@@@@@@@@@@@@@@@................@@@@@@@@@@@@@@@@@@@@@@@@@@@@@@@@@@@@@@@@@@@@@@@@@@@@@@@@@........@@@@@@@@@@@@@@@@@@@@@@@@@@@@@@@@@@@@@@@@@@@@@@@@@@@@@@@@@@@..........+++++++++++++++;;;;;.;;;;@@@@@@@@@@@@@@@@@@@@@@@@@@@@@@@@@@@@@@@@@@@@@@@@@@@@@@@@.......@
@@@@@@@@@@@@@@@@@...............@@@@@@@@@@@@@@@@@@@@@@@@@@@@@@...@@@@@@@@@@@@@@@@@@@@@@@@@................@@@@@@@@@@@@@@@@@@@@@@@@@@@@@@@@@@@@@@@@@@@@@@@@@@@.........+++++++++++++++;;;;;..;;;;@@@@@@@@@@@@@@@@@@@@@@@@@@@@@@@@@@@@@@@@@@@@@@@@@@@@@@@@........
@@@@@@@@@@@@@@@@@.@@@..........@@@@@@@@@@@@@@@@@@@@@@@@@@@@@@@@..@@@@@@@@@@@@@@@@@@@@@@@@@................@@@@@@@@@@@@@@@@@@@@@@@@@@@@@@@@@@@@@@@@@@@@@@@@@@@.........+++++++++++++++;;;;;.;;;;;@@@@@@@@@@@@@@@@@@@@@@@@@@@@@@@@@@@@@@@@@@@@@@@@@@@@@@@@.......@
@@@@@@@@@@@@@@@@@@@@@.......@@@@@@@@@@@@@@@@@@@@@@@@@@@@@@@@@@@....@@@@@@@@@@@@@@@@@@@@@@@..................@@@@@@@@@@@@@@@@@@@@@@@@@@@@@@@@@@@@@@@@@@@@@@@@@..............................;;;;@@@@@@@@@@@@@@@@@@@@@@@@@@@@@@@@@@@@@@@@@@@@@@@@@@@@@@@@@..@@@..@
@@@@@@@@@@@@@@@@@@@@@.......@@@@@@@@@@@@@@@@@@@@@@@@@@@@@@@@@@@....@@@@@@@@@@@@@@@@@@@@@@@..................@@@@@@@@@@@@@@@@@@@@@@@@@@@@@@@@@@@@@@@@@@@@@@@@@........++++++++++++++++;;;;;;;;;@@@@@@@@@@@@@@@@@@@@@..............@@@@@@@@@@@@@@@@@@@@@@...@@@..@
@@@@@@@@@@@@@@@@@@@@@.......@@@@@@@@@@@@@@@@@@@@@@@@@@@@@@@.................................................@@@@@@@@@@@@@@@@@@@@@@@@@@@@@@@@@@@@@@@@@@@@@@@@@@@......+++++++++++++++;;;;;;;;;;@@@@@@@@@@@@@@@@@@@@....@@@@@@@@@.....@@@@@@@@@@@@@.......@@@@@@@@
@@@@@@@@@@@@@@@@@@@@@;;.......@@@@@@@@@@@@@@@@@@@@@@@@@@@@@@................................................@@@@@@@@@@@@@@@@@@@@@@@@@@@@@@@@@@@@@@@@@@@@@@@@@@@.....+++++++++++++++;;;;;;;;;;;@@@@@@@@@@@@@@@@@@...@@@@@@@@@@@@@@@....@@@@@@@@@@@@......@@@@@@@@
@@@@@@@@@@@@@@@@@@@@@;;;.......@@@@@@@@@@@@@@@@@@@@@@@@@@@@@..............................................@@@@@@@@@@@@@@@@@@@@@@@@@@@@@@@@@@@@@@@@@@@@@@@@@@@@@.....+++++++++++++++;;;;;;;;;;;@@@@@@@@@@@@@@@@@...@@@@@@@@@@@@@@@@@@...@@@@@@@@@@@......@@@@@@@@
@@@@@@@@@@@@@@@@@@@@@;;;;.......@@@@@@@@@@@@@@@@@@@@@@@@@@@@..............................................@@@@@@@@@@@@@@@@@@@@@@@@@@@@@@@@@@@@@@@@@@@@@@@@@@@@@.....++++++++++++++;;;;;;;;;;;;@@@@@@@@@@@@@@@@...@@@@@@@@@@@@@@@@@@@@...@@@@@@@@@@......@@@@@@@@
@@@@@@@@@@@@@@@@@@@@@;;;;........@@@@@@@@@@@@@@@@@@@@@@@@@@..........;;;;;;;;;;;;;;;;;;.......@@@@@@@@@@@@@@@@@@@@@@@@@@@@@@@@@@@@@@@@@@@@@@@@@@@@@@@@@@@@@@@@@.....++++++++++++++;;;;;;;@@@@@@@@@@@@@@@@@@@@@..@@@@@@@@@@@@@@@@@@@@@@@..@@@@@@@@@@@@@@@@@@@@@@@
@@@@@@@@@@@@@@@@@@@@;;;;;.........@@@@@@@@@@@@@@@@@@@@@@@@@@.......;;;;;;;;;;;;;;;;;;;;.......@@@@@@@@@@@@@@@@@@@@@@@@@@@@@@@@@@@@@@@@@@@@@@@@@@@@@@@@@@@@@@@@@.....++++++++++++++;;;;;;@@@@@@@@@@@@@@@@@@@@@@..@@@@@@@@@@@@@@@@@@@@@@@@...@@@@@@@@@@@@@@@@@@@@@
@@@@@@@@@@@@@@@@@@@;;;@@@@...........@@@@@@@@@@@@@@@@@@@@@@@......;;;;;;;;;;;;;;;;;;;;......@@@@@@@@@@@@@@@@@@@@@@@@@@@@@@@@@@@@@@@@@@@@@@@@@@@@@@@@@@@@@@@@@.......+++++++++++++;;;;;;;@@@@@@@@@@@@@@@@@@@@@@..@@@@@@@@@@@@@@@@@@@@@@@@@...@@@@@@@@@@@@@@@@@@@@
@@@@@@@@@@@@@@@@@@@;;;@@@@@..........@@@@@@@@@@@@@@@@@@@@@@......;;;;;;;;;;;.;;;;;;;;;......@@@@@@@@@@@@@@@@@@@@@@@@@@@@@@@@@@@@@@@@@@@@@@@@@@@@@@@@@@@@@@@@@.......+++++++++++++;;;;;;;@@@@@@@@@@@@@@@@@@@@@@..@@@@@@@@@@@@@@@@@@@@@@@@@@...@@@@@@@@@@@@@@@@@@@
@@@@@@@@@@@@@@@@@@;;;@@@@@@............@@@@@@@@@@@@@@@@@@@.......;;;;;;;;.;;;;;;;;;;;.......@@@@@@@@@@@@@@@@@@@@@@@@@@@@@@@@@@@@@@@@@@@@@@@@@@@@@@@@@@@@@@@@@........++++++@@@@+;;;;;@@@@@@@@@@@@@@@@@@@@@@@@@....@@@@@@@@@@@@@@@@@@@@@@@@...@@@@@@@@@@@@@@@@@@@
@@@@@@@@@@@@@@@@@@;;@@@@@@@............@@@@@@@@@@@@@@@@@@@......;;;;;;;.....;;;;;;;;........@@@@@@@@@@@@@@@@@@@@@@@@@@@@@@@@@@@@@@@@@@@@@@@@@@@@@@@@@@@@@@@@@........++++++@@@@+;;;;;@@@@@@@@@@@@@@@@@@@@@@@@@.....@@@@@@@@@@@@@@@@@@@@@@@@...@@@@@@@@@@@@@@@@@@
@@@@@@@@@@@@@@@@@;;@@@@@@@@@@@@@.........@@@@@@@@@@@@@@@@@@@....;;.;;;.......;.;;;;.........@@@@@@@@@@@@@@@@@@@@@@@@@@@@@@@@@@@@@@@@@@@@@@@@@@@@@@@@@@@@@@@@@........@@@@@@@@@@+;;;;;@@@@@@@@@@@@@@@@@@@@@@@@@.......@@@@@@@@@@@@@@@@@@@@@@...@@@@@@@@@@@@@@@@@@
@@@@@@@@@@@@@@@@@;;@@@@@@@@@@@@@@@@.......@@@@@@@@@@@@@@@@@@....;;;;;;........;;;;..........@@@@@@@@@@@@@@@@@@@@@@@@@@@@@@@@@@@@@@@@@@@@@@@@@@@@@@@@@@@@@@@@@........@@@@@@@@@@;;;;;;@@@@@@@@@@@@@@@@@@@@@@@@@@.......@@@@@@@@@@@@@@@@@@@@@...@@@@@@@@@@@@@@@@@@
@@@@@@@@@@@@@@@@;;@@@@@@@@@@@@@@@@@........@@@@@@@@@@@@@@@@@....;;;;;.......................@@@@@@@@@@@@@@@@@@@@@@@@@@@@@@@@@@@@@@@@@@@@@@@@@@@@@@@@@@@@@@@@@@@......@@@@@@@@@@;;@@@@@@@@@@@@@@@@@@@@@@@@@@@@@@.......@@@@@@@@@@@@@@@@@@@@@...@@@@@@@@@@@@@@@@@@
@@@@@@@@@@@@@@@;;@@@@@@@@@@@@@@@@@@..@@.....@@@@@@@@@@@@@@@@....;;;;........................@@@@@@@@@@@@@@@@@@@@@@@@@@@@@@@@@@@@@@@@@@@@@@@@@@@@@@@@@@@@@@@@@@@.......@@@@@@@@.;;@@@@@@@@@@@@@@@@@@@@@@@@@@@@@@@.......@@@@@@@@@@@@@@@@@@@@...@@@@@@@@@@@@@@@@@@
@@@@@@@@@@@@@@@;;@@@@@@@@@@@@@@@@@@@@@@@.....@@@@@@@@@@@@@@@....;;.....@@@@........@@@...@@@@@@@@@@@@@@@@@@@@@@@@@@@@@@@@@@@@@@@@@@@@@@@@@@@@@@@@@@@@@@@@@@@@@@................@@@@@@@@@@@@@@@@@@@@@@@@@@@@@@@@@@......@@@@@@@@@@@@@@@@@@@@...@@@@@@@@@@@@@@@@@@
@@@@@@@@@@@@@@@;;@@@@@@@@@@@@@@@@@@@@@@@@......@@@@@@@@@@@@@...........@@@@........@@@...@@@@@@@@@@@@@@@@@@@@@@@@@@@@@@@@@@@@@@@@@@@@@@@@@@@@@@@@@@@@@@@@@@@@@@................@@@@@@@@@@@@@@@@@@@@@@@@@@@@@@@@@@@@.....@@@@@@@@@@@@@@@@@@@...@@@@@@@@@@@@@@@@@@
@@@@@@@@@@@@@@@;;@@@@@@@@@@@@@@@@@@@@@@@@@......@@@@@@@@@@@@.........@@@@@@@@......@@@..@@@@@@@@@@@@@@@@@@@@@@@@@@@@@@@@@@@@@@@@@@@@@@@@@@@@@@@@@@@@@@@@@@@@@@@..@@@@..........@@@@@@@@@@@@@@@@@@@@@@@@@@@@@@@@@@@@@.......@@@@@@@@@@@@@@@@...@@@@@@@@@@@@@@@@@@
..@@@@@@@@@@@@@;;@@@@@@@@@@@@@@@@@@@@@@@@@@......@@@@@@@@@@@.........@@@@@@@@......@@@..@@@@@@@@@@@@@@@@@@@@@@@@@@@@@@@@@@@@@@@@@..@@@@@@@@@@@@@@@@@@@@@@@@@@@@..@@@@..........@@@@@@@@@@@@@@@@@xxxxx@@@@@@@@@@@@@@@@........@@@@@@@@@@@@@....@@@@@@@@@@@@@@@@@@
..@@@@@@@@@@@@@;@@@@@@@@@@@@@@@@@@@@@@@@@@@@.......@@@@@@@@@.........@@@@@@@@@@....@@@@@@@@@@@@@@@@@@@@@@@@@@@@@@@@@@@@@@@@@@@@@@..@@@@@@@@@@@@@@@@@@@@@@@@@@@@@@@@@@@@.......x@@@@@@@@@@@@@@@@@xxxxxxxx@@@@@@@@@@@@@@........@@@@@@@@@@@.....@@@@@@@@@@@@@@@@@@
....@@@@@@@@@@;;@@@@@@@@@@@@@@@@@@@@@@@@@@@@@@......@@@@@@.............@@@@@@@@....@@@@@@@@@@@@@@@@@@@@@@@@@@@@@@@@@@@@@@@@@@@@@@...........@@@@@@@@@@@@@@@@@@@@@@@@@@@@@.....;;;xx@@@@@@@@@@@@@xxx..........@@@@@@@@@@........@@@@@@@@.......@@@@@@@@@@@@@@@@@@
....@@@@@@@@@@;;@@@@@@@@@@@@@@@@@@@@@@@@@@@@@@@.......@@@@.............@@@@@@@@@@..@@@@@@@@@@@@@@@@@@@@@@@@@@@@@@@@@@@@@@@@@@@@@@@@.........@@@@@@@@@@@@@@@@@@@@@@@@@@@@@@@..xxx;xx@@@x@@@@@@@@@@@x.xxxx@@@.@@@@@@@@@@@@@......@@@@@........@@@@@@@@@@@@@@@@@@@@
......@@@@@@@@;;@@@@@@@@@@@@@@@@@@@@@@@@@@@@@@@@.............++++........@@@@@@@@@@@@@@@@@@@@@@@@@@@@@@@@@@@@@@@@@@@@@@@@@@@@@@@@@@.........@@@@@@@@@@@@@@@@@@@@@@@@@@@@@@@@..xx;;xxxxxxxx@@@@@@@@x.xxxx@@@@@@@@@@@@@@@@@@@.........................@@@@@@@@@@@@
......@@@@@@@@;;@@@@@@@@@@@@@@@@@@@@@@@@@@@@@@@@.............++++++......@@@@@@@@@@@@@@@@@@@@@@@@@@@@@@@@@@@@@@@@@@@@@@@@@@@@@@@@@@.........@@@@@@@@@@@@@@@@@@@@@@@@@@@@@@@@@.xxx;;xx....x@@@@@@@@x....x@@@@@@@@@@@@@@@@@@@@@.......................@@@@@@@@@@@@
++....;;@@@@;;;@@@@@@@@@@@@@@@@@@@@@@@@@@@@@@@@@..@@.......+++++++......@@@@@@@@@@@@@@@@@@@@@@@@@@@@@@@@@@@@@@@@@@@@@@@@@@@@@@@@@@@@..........@@@@@@@@@@@@@@@@@@@@@@@@@@@@@@@.xxxx;xx.xx.xxx@@@@xxx.xx.x@@@@@@@@@@@@@@@@@@....@@@@@@@@@@@@@.........@@@@@@@@@@@@
+++...;;@@@@;;@@@@@@@@@@@@@@@@@@@@@@@@@@@@@@@@@..@@@@@.....+++++++.....@@@@@@@@@@@@@@@@@@@@@@@@@@@@@@@@@@@@@@@@@@@@@@@@@@@@@@@@@@@@@..........@@@@@@@@@@@@@@@@@@@@@@@@@@@@@@@...xx;xx.xx.xxx@@@@xxx.xx.x@@@@@@@@@@@@@@@@@@@@@@@@@@@@@@@@@@@@@@@@@@...@@@@@@@@@@@
++++..;;;;;;;;@@@@@@@@@@@@@@@@@@@@@@@@@@@@@@@@...@@@@@@@...+++++......@@@@@@@@@@@@@@@@@@@@@@@@@@@@@@@@@@@@@@@@@@@@@@@@@@@@@@@@@@@@@@@.........@@@@@@@@@@@@@@@@@@@@@@@@@@@@@@@@@.x;;xx.xx..xxxxxxxxx.xx.xxxxx@@@@@@@@@@@@@@@@@@@@@@@@@@@@@@@@@@@@@@@@..@@@..@@@@@
+++...;;;;;;;;@@@@@@@@@@@@@@@@@@@@@@@@@@@@@@@@..@@@@@@@@....+++......@@@@@@@@@@@@@@@@@@@@@@@@@@@@@@@@@@@@@@@@@@@@@@@@@@@@@@@@@@@@@@@@.........@@@@@@@@@@@@@@@@@@@@@@@@@@@@@@@@@.x;xxx.xxx.....+++...xx.xxxxx@@@@@@@@@@@@@@@@@@@@@@@@@@@@@@@@@@@@@@@@..@@...@@@@@
+++....;;;@@@;@@@@@@@@@@@@@@@@@@@@@@@@@@@@@@@..@@@@@@@............@@@@@@@@@@@@@@@@@@@@@@@@@@@@@@@@@@@@@@@@@@@@@@@@@@@@@@@@@@@@@@@@@@@.............@@@@@@@@@@@@@@@@@@@@@@@@@@@@@.x;xx..xxxxxx.xxxxx.xxx.....x@@@@@@@@@..@@@@..@@@@@@@.@@@@@@@@@@@@@@@........@@@@
++++...;;;@@@@@@@@@@@@@@@@@@@@@@@@@@@@@@@@@@...@@@@@@@............@@@@@@@@@@@@@@@@@@@@@@@@@@@@@@@@@@@@@@@@@@@@@@@@@@@@@@@@@@@@@@@@@@..............@@@@@@@@@@@@@@@@@@@@@@@@@@@@@.x;xx.xxxxxxx.xxxxx.xxxxxx..x@@@@@@@@@..@@@@..@@@@@@@.@@@@@@@@@@@@@@@........@@@@
++++.....;@@@@@@@@@@@@@@@@@@@@@@@@@@@@@@@@@...@@@@@@@@@@@@@......@@@@@@@@@@@@@@@@@@@@@@@@@@@@@@@@@@@@@@@@@@@@@@@@@@@@@@@@@@@@@@@@@@...............@@@@@@@@@@@@@@@@@@@@@@@@@@@@@.x;xx.xxxxxxx.......xxxxxx.@@@@@@@@@@@@................@@@@@@@@@@@@@@......@@@@@@
++++......@@@@@@@@@@@@@@@@@@@@@@@@@@@@@@@@...@@@@@@@@@@@@@@@.....@@@@@@@@@@@@@@@@@@@@@@@@@@@@@@@@@@@@@@@@@@@@@@@@@@@@@@@@@@@@@@@@@................@@@@@@@@@@@@@@@@@@@@@@@@@@@@@...xx.xxxxxxxxxx.xxxxx.....@@@@@@@@@@@@@................@@@@@@@@@@@@@......@@@@@@
++++..........@@@@@@@@@@@@@@@@@@@@@@@@@@@...@@@@@@@@@@@@@@@@.....@@@@@@@@@@@@@@@@@@@@@@@@@@@@@..@@@@@@@@@@@@@@@@@@@@@@@@@@@@@@@@@.................@@@@@@@@@@@@@@@@@@@@@@@@@@@@@xx.......xxxxxxx.xxxxx.xxx.@@@@@@@@@@@@@...................@@@@@@@@@@......@@@@@@
+++.............@@@@@@@@@@@@@@@@@@@@@@@@...@@@@@@@@@@@@@@@@@.....@@@@@@@@@@@@@@@@@@@@@@@@@@@@@..@@@@@@@@@@@@@@@@@@@@@@@@@@@@@@@@..................@@@@@@@@@@@@@@@@@@@@@@@@@@@@@xxxxx.xx.xxxxxxx.xxxxx.xxx..@@@@@@@@@@@@....+++++++........@@@@@@@@@@......@@@@@@
++........@@@@....@@@@@@@@@@@@@@@@@@@@@@..@@@@@@@@@@@@@@@@@@.....@@@@@@@@@@@@@@@@@@@@@@@@@@@@@....@@@@@@@@@@@@@@@@@@@@@@@@@@@.................@@@@@@@@@@@@@@@@@@@@@@@@@@@@@@@@@@@xxx.xx...............xx@@....@@@@@@@@@...++++++++++........@@@@@@@...@.@@@@@@@@
..........@@@@@...@@@@@@@@@@@@@@@@@@@@@..@@@@@@@@@@@@@@@@@@@......@@@@@@@@@@@@@@@@@@@@@@@@@@@@....@@@@@@@@@@@@@@@@@@@@@@@@@@@.................@@@@@@@@@@@@@@@@@@@@@@@@@@@@@@@@@@@xxx.xxxxxx;xxx.xxxxx.xx@@@...@@@@@@@@@....+++++++++........@@@@@@@...@@@@@@@@@@
........@@@@@@@@@..@@@@@@@@@@@@@@@@@@@..@@@@@@@@@@@@@@@@...........@@@@@@@@@@@@@@@@@@@@@@@@@@@......@@@@@@@@@@@@@@@@@@@@@@@@@.................@@@@@@@@@@@@@@@@@@@@@@@@@@@@@@@@@@@xxx.xxxxxx;;;;.xxxxx.@@@@@@@..@@@@@@......++++++++...........@@@@....@@@@@@@@@@
........@@@@@@@@@...@@@@@@@@@@@@@@@@...@@@@@@@@@@@.@@@@............@@@@@@@@@@@@@@@@@@@@@@@@@@@......@@@@@@@@@@@@@@@@@@@@@@@@..................@@@@@@@@@@@@@@@@@@@@@@@@@@@@@@@@@@@xxx.xxxxxxxxxx.xx...+@@@@@@@..@@@@@@.......++++++............@@@.....@@@@@@@@@@
........@@@@@@@@@@@........@@@@@@@@...@@@@@@@@@@@@................@@@@@@@@@@@@@@@@@@@@@@@@@@@@@@@@@...@@....@@@@@@@@@@@@@@@...................@@@@@@@@@@@@@@@@@@@@@@@@@@@@@@@@@@@x.......xxxxxx.xx.xx+@@@@@@@@.@@@@@@................................@@@@@@@@@@@
........@@@@@@@@@@@@.......@@@@@@...@@@@@@@@@@@@@.................@@@@@@@@@@@@@@@@@@@@@@@@@@@@@@@@@.........@@@@@@@@@@@@@@@...................@@@@@@@@@@@@@@@@@@@@@@@@@@@@@@@@@@xxxxxxxx..xxxxx.xx.xx;@@@@@@@@..@@@@@................................@@@@@@@@@@@
@@@@@...@@@@@@@@@@@@@@@....@@@@....@@@@@@@@@.....................@@@@@@@@@@@@@@@@@@@@@@@@@@@@@@@@@@@.............@@@@@@@@.....................@@@@@@@@@@@@@@@@@@@@@@@@@@@@@@@@@xxxxxxxxxx...xxx.xx.xx;@@@@@@@@@.@@@@@@@..@@@@@@@@@....@@@@...........@@@@@@@@@@@
@@@@@@...@@@@@@@@@@@@@@@..........@@@@@@@@.......................@@@@@@@@@@@@@@@@@@@@@@@@@@@@@@@@@@@............................................@@@@@@@@@@@@@@@@@@@@@@@@@@@@@@@x.....xxxxxx.xxx.xx.xx+@@@@@@@@@..........@@@@@@@@@....@@@@...........@@@@@@@@@@@
@@@@@@@..@@@@@@@@@@@@@@@@...........@@@@@@@@.....................@@@@@@@@@@@@@@@@@@@@@@@@@@@@@@@@@@@@..@......................;;;;;;;.......@@@@@@@@@@@@@@@@@@@@@@@@@@@@@@@@@@@x.xxx..xxxxx.xxx....xx+@@@@@@@@@@@@@@@@@@@@@@@@@@@@....@@@@@@.........@@@@@@@@@@@
@@@@@@@@..@@@@@@@@@@@@@................@@@@@.....................@@@@@@@@@@@@@@@@@@@@@@@@@@@@@@@@@@@@@@@....................;;;;;;;;;.......@@@@@@@@@@@@@@@@@@@@@@@@@@@@@@@@@....xxxx...xxx.xxxxxx.xx;@@@@@@@@@@@@@@@@@@@@@@@@@@@@@@@.@@@@@@..........@@@@@@@@@@
@@@@@@@@@.@@@@@@@@@@@@@..@@@@@@@@@@@......@@..................@@@@@@@@@@@@@@@@@@@@@@@@@@@@@@@@@@@@@@@@@@..................;;;;;;;;;;;.......@@@@@@@@@@@@@@@@@@@@@@@@@@@@@@@........xxxx..xx.xxxxxx.xx;@@@@@@@@@@@@@@@@@@@@@@@@@@@@@@@@@@@@@@@@........@@@@@@@@@@
@@@@@@@@@..@@@@@@@@@@@@@@@@@@@@@@@@@@@@....@...............@@@@@@@@@@@@@@@@@@@@@@@@@@@@@@@@@@@@@@@@@@@...................;;;;;;;;;;;;..@@@@..........@@@@@@@@@@@@@@@@@@@@@@...@@xx.xxxxx.xx.xxxxxx.xx+@@@@@@@@@@@@@@@@@@@@@@@@@@@@@@@@@@@@@@@@@@@.........@@@@@@
@@@@@@@@@...@@@@@@@@@@@@@@@@@@@@@@@@@@@@@.................@@@@@@@@@@@@@@@@@@@@@@@@@@@@@@@@@@@@@@@@@@@@...................;;;;;;;;;;;...@@@@@........@@@@@@@@@@@@@@@@@@@@@@..@@@@@x..xxxx.xx....xxx.xx+@@@@@@@@@@@@@@@@@@@@@@@@@@@@@@@@@@@@@@@@@@@@........@@@@@@
@@@@@@@@@@...@@@@@@@@@@@@@@@@@@@@@@@@@@@@@................@@@@@@@@@@@@@@@@@@@@@@@@@@@@@@@@@@@@@@@@@@@@@.................;;;;;;;;;;;;...@@@@@........@@@@@@@@@@@@@@@@@@@@@..@@@@@@xx...xx.xxxxx.xxx.xx;@@@@@@@@@@@@@@@@@@@@@@@@@@@@@@@@@@@@@@@@@@@@......@@@@@@@@
@@@@@@@@@@@..@@@@@@@@@@@@@@@@@@@@@@@@@@@@@................@@@@@@@@@@@@@@@@@@@@@@@@@@@@@@@@@@@@@@@@@@@@@@...............;;;;;;;;;;;;;...@@@@@........@@@@@@@@@@@@@@@@@@@@...@@@@@@xxxx.xx.xxxxx.xxx.xx;@@@@@@@@@@@@@@@@@@@@@@@@@@@@@@@@@@@@@@@@@@@@@.....@@@@@@@@
@@@@@@@@@@@@..@@@@@@@@@@@@@@@@@@@@@....@@@..............@@@@@@@@@@@@@@@@@@@@@@@@@@@@@@@@@@@@@@@@@@@@@@@@@......;;;....;;;;;;;;;;;;;.................@@@@@@@@@@@@@@@@@@@...@@@@@@@@@@x.xx.......xxx.xx+@@@@@@@@@@@@@@@@@@@@@@@@@@@@@@@@@@@@@@@@@@@@@@....@@@@@@@@
@@@@@@@@@@@@@..@@@@@@@@@@@@@@@@@@@@.....................@@@@@@@@@@@@@@@@@@@@@@@@@@@@@@@@@@@@@@@@@@@@@@@@@@.....;;;;...;;;;;;;;;;;;;.................@@@@@@@@@@@@@@@@@@@...@@@@@@@@@@x.xxxxxxxxxxxx.xx+@@@@@@@@@@@@@@@@@@@@@@@@@@@@@@@@@@@@@@@@@@@@@@....@@@@@@@@
@@@@@@@@@@@@@@.@@@@@@@@@@@@@@@@@@@@..@@@@@@@@@@@........@@@@@@@@@@@@@@@@@@@@@@@@@@@@@@@@@@@@@@@@@@@@@@@@@@.....;;;;;;;;;;;;;;;;;;;....................@@@@@@@@@@@@@@@@....@@@@@@@@@@x.++xxxxxxxxxx........@@@@@@@@@@@@@@@@@@@@@@@@@@@@@@@@@@@@@@@@@@@...@@@@@@@@
@@@@@@@@@@@@@@..@@@@@@@@@@@@@@@@@@@..@@@@@@@@@@@........@@@@@@@@@@@@@@@@@@@@@@@@@@@@@@@@@@@@@@@@@@@@@@@@@@.....;;;;;;;;;;;;;;;;;;;....................@@@@@@@@@@@@@@@@...@@@@@@@@@@@x.+........xxxxxxxx...@@@@@@@@@@@@@@@@@@@@@@@@@@@@@@@@@@@@@@@@@@@@..@@@@@@@@
@@@@@@@@@@@@@@@..@@@@@@@@@@@@@@@@@@@@@@@@@@@@@@@........@@@@@@@@@@@@@@@@@@@@@@@@@@@@@@@@@@@@@@@@@@@@@@@@@@.....;;;;;;;;;;;;;;;;;;.................@@@@@@@@@@@@@@@@@@@@...@@@@@@@@@@@x...xxxxxx.x@@@@@@@@@@@@@@@@@@@@@@@@@@@@@@@@@@@@@@@@@@@@@@@@@@@@@@...@@@@@@@
@@@@@@@@@@@@@@@...@@@@@@@@@@@@@@@@@@@@@@@@@@@@@@........@@@@@@@@@@@@@@@@@@@@@@@@@@@@@@@@@@@@@@@@@@@@@@@@@@.....;;;;;;;;;;;;;;;;;;.................@@@@@@@@@@@@@@@@@@@@...@@@@@@@@@@@xxxxxxxxxx.x@@@@@@@@@@@@@@@@@@@@@@@@@@@@@@@@@@@@@@@@@@@@@@@@@@@@@@@..@@@@@@@
@@@@@@@@@@@@@@@@........@@@@@@@@@@@@@@@@@@@@@@@@..@@@@......@@@@@@@@@@@@@@@@@@@@@@@@@@@@@@@@@@@@@@@@@@@@@@.....;;;;;;;;;;;;;;;;;..............@@@@@@@@@@@@@@@@@@@@@@@...@@@@@@@@@@@@@@@@x......x@@@@@@@@@@@@@@@@@@@@@@@@@@@@@@@@@@@@@@@@@@@@@@@@@@@@@@@...@@@@@@
@@@@@@@@@@@@@@@@...;;;;;;..@@@@@@@@@@@@@@@@@@@@@..@@@@......@@@@@@@@@@@@@@@@@@@@@@@@@@@@@@@@@@@@@@@@@@@@@@......;;;;;;;;;;;;;;;...............@@@@@@@@@@@@@@@@@@@@@@@@..@@@@@@@@@@@@@@@@x.xxxxxx@@@@@@@@@@@@@@@@@@@@@@@@@@@@@@@@@@@@@@@@@@@@@@@@@@@@@@@@...@@@@@
@@@@@@@@@@@@@@@@@..@@@@@@;;..@@@@@@@@@@@@@@@@@@@@@@@@@.....@@@@@@@@@@@@@@@@@@@@@@@@@@@@@@@@@@@@@@@@@@@@@@@......;;;;;;;;;;;;;;..............@@@@@@@@@@@@@@@@@@@@@@@@@@..@@@@@@@@@@@@@@@@x.xxxxxx@@@@@@@@@@@@@@@@@@@@@@@@@@@@@@@@@@@@@@@@@@@@@@@@@@@@@@@@...@@@@@
@@@@@@@@@@@@@@@@@@.@@@@@@@@@;;..@@@@@@@@@@@@@@@@@@@@@@......@@@@@@@@@@@@@@@@@@@@@@@@@@@@@@@@@@@@@@@@@@@@@@.......;;;;;;;;;;;;;..............@@@@@@@@@@@@@@@@@@@@@@@@@@..@@@@@@@@@@@@@@@@x.......@@@@@@@@@@@@@@@@@@@@@@@@@@@@@@@@@@@@@@@@@@@@@@@@@@@@@@@@@...@@@@
@@@@@@@@@@@@@@@@@@..@@@@@@@@@;;;..@@@@@@@@@@@@@@@@@@@@@@......@@@@@@@@@@@@@@@@@@@@@@@@@@@@@@@@@@@@@@@@@@@@@@@.....;;;;;;;;;;;;..............@@@@@@@@@@@@@@@@@@@@@@@@@@@.@@@@@@@@@@@@xxxxxxxxxxx.@@@@@@@@@@@@@@@@@@@@@@@@@@@@@@@@@@@@@@@@@@@@@@@@@@@@@@@@@...@@@@
@@@@@@@@@@@@@@@@@@@.@@@@@@@@@@@@....@@@@@@@@@@@@@@@@@@@@@.....@@@@@@@@@@@@@@@@@@@@@@@@@@@@@@@@@@@@@@@@@@@@@@@@.....;;;;;;;;;;;...............@@@@@@@@@@@@@@@@@@@@@@@@@@.@@@@@@@@@@@@xxxxxxxxxxx.@@@@@@@@@@@@@@@@@@@@@@@@@@@@@@@@@@@@@@@@@@@@@@@@@@@@@@@@@@..@@@@
@@@@@@@@@@@@@@@@@@@..@@@@@@@@@@@@@.....@@@@@@@@@@@@@@@@@@@......@@@@@@@@@@@@@@@@@@@@@@@@@@@@@@@@@@@@@@@@@@@@@@@....;;;;;;;;;;;................@@@@@@@@@@@@@@@@@@@@@@@@@.@@@@@@@@@@@@@@@@;;;;;;;.@@@@@@...........@@@@@@@@@@@@@@@@@@@@@@@@@@@@@@@@@@@@@@@@@@.@@@@
@@@@@@@@@@@@@@@@@@@@.@@@@@@@@@@@@@@@....@@@@@@@@@@@@@@@@@@......@@@@@@@@@@@@@@@@@@@@@@@@@@@@@@@@@@@@@@@@@@@@@@@.....;;;;;;;;;;................@@@@@@@@@@@@@@@@@@@@@@@@@..@@@@@@@@@@@@@@@;;;;;;..@@@@@.............@@@@@@@@@@@@@@@@@@@@@@@@@@@@@@@@@@@@@@@@@..@@@
@@@@@@@@@@@@@@@@@@@@..@@@@@@@@@@@@@@@.....@@@@@@@@@@@@@@@@......@@@@@@@@@@@@@@@@@@@@@@@@@@@@@@@@@@@@@@@@@@@@@@@......;;;;;;;;;..................@@@@@@@@@@@@@@@@@@@@@@@...@@@@@@@@@@@@@@;;;;;;..;;;;;.............;@@@@@@@@@@@@@@@@@@@@@@@@@@@@@@@@@@@@@@.......
@@@@@@@@@@@@@@@@@@@@..@@@@@@@@@@@@@@@@@.....@@@@@@@@@@@@@@......@@@@@@@@@@@@@@@@@@@@@@@@@@@@@@@@@@@@@@@@@@@@@@@.......;;;;;;;;..................@@@@@@@@@@@@@@@@@@@@@@@...@@@@@@@@@@@@@@;;;;;;..;;;;;;............;;;;;;;@@@@@@@@@@@@@@@@@@@@@@@@@@@@@@@........
@@@@@@@@@@@@@@@@@@@@..@@@@@@@@@@@@@@@@@@@....@@@@@@@@@@@@@..@@@.@@@@@@@@@@@@@@@@@@@@@@@@@@@@@@@@@@@@@@@@@@@@@@@........;;;;;;;;.................@@@@@@@@@@@@@@@@@@@@@@@@....@@@@@@@@@@@@@@;;;;..;;;;;;;..........;;;;;;;;@@@@@@@@@@@@@@@@@@@@@;.............@@@.
@@@@@@@@@@@@@@@@@@@..........@@@@@@@@@@@@@....@@@@@@@@@@....@@@..@@@@@@@@@@@@@@@@@@@@@@@@@@@@@@@@@..@@@@@@@@@@@.........;;;;;;;;................@@@@@@@@@@@@@@@@@@@@@@@@@...@@@@@@@@@@@@@@;;;;...;;;;;;;........;;;;;;;;;@@@@@@@@@@@@@@@@@;................@@@@.
@@@@@@@@@@@@@@@@@@@@@......@@@@@@@@@@@@@@@@@...@@@@@@@@@....@@@...@@@@@@@@@@@@@@@@@@@@@@@@@@@@@@@@.@@@@@@@@@@@@@@........;;;;;;;..............@@@@@@@@@@@@@@@@@@@@@@@@@@@@@..@@@@@@@@@@@@@;;;;...;;;;;;;......;;;;;;;;;;;@@@@@@@@@@@;;;;....@@@@......@@@@@@@@@@
@@@@@@@@@@@@@@@@@@@@@@....@@@@@@@@@@@@@@@@@@@...@@@@.......@@.....@@@@@@@@@@@@@@@@@@@@@@@@@@@@@@@@.@@@@@@@@@@@@@@.........;;;;;;;.............@@@@@@@@@@@@@@@@@@@@@@@@@@@@@@..@@@@@@@@@@@@;;;;....;;;;;;;;...;;;;;;;;;;;;@@@@@@@@@;;;.......@@@@@@@@...@@@@@@@@@
@@@@@@@@@@@@@@@@@@@@@@...@@@@@@@@@@@@@@@@@@@@@...@@@..@@@@@@@@....@@@@@@@@@@@@@@@@@@@@@@@@@@@@@@@@.@@@@@@@@@@@@@@..........;;;;;;.............@@@@@@@@@@@@@@@@@@@@@@@@@@@@@@@..@@@@@@@@@@@;;;;;....;;;;;;;..;;;;;;;;;;;;;@@@@@@@;.......@@@@@@@@@@@@@...@@@@@@@@
@@@@@@@@@@@@@@@@@@@;;;...@@@@@@@@@@@@@@@@@@@@@........@@@@@@@@@@@.@@@@@@@@@@@@@@@@@@@@@@@@@@@@@@@@.@@@@@@@@@@@@@@@@............;;..........@@@@@@@@@@@@@@@@@@@@@@@@@@@@@@@@@@......@@@@@@@@@;;;....;;;;;;...;;;;;;;;;;;;;;;;;;.......;@@@@@@@@@@@@@@....@@@@@@@@
@@@@@@@@@@@@@@@@@@@;;....@@@@@@@@@@@@@@@@@@@@@........@@@@@@@@@@@.@@@@@@@@@@@@@@@@@@@@@@@@@@@@@@@@..@@@@@@@@@@@@@@@.......................@@@@@@@@@@@@@@@@@@@@@@@@@@@@@@@@@@@@......@@@@@@@@;;;.....;;;;;..;;;;;;;;;;;;;;.......;;;@@@@@@@@@@@@@@@@@@....@@@@@@@
......@@@@@@@@@@@;;;;....@@@@@@@@@@@@@@@@@@@@@..............@@@@@.....@@@@@@@@@@@@@@@@@@@@@@........@@@@@@@@@@@@@@@@@.....................@@@@@@@@@@@@@@@@@@@@@@@.@@@@@@@@@@@@@......@@@@@@@;;;;.....;;;;..;;;;;;;;;;;;;......;;;@@@@@@@@@@@@@@@@@@@@@...@@@@@@@
......@@@@@@@@@@@;;;;....@@@@@@@@@@@@@@@@@@@@@..............@@@@@....@@@@@@@@@@@@@@@@@@@@@@@........@@@@@@@@@@@@@@@@@......................@@@@@@@@@@@@@@@@@@@@@@.@@@@@@@@@@@@@@@....@@@@@@@;;;;.......;..;;;;;;;;;;;.......;;;@@@@@@@@@@@@@@@@@@@@@@@@...@@@@@@
@@@@..@@@@;;@@@@;;;;.......@@@@@@@@@@@@@@@@@@@....................@@@@@@@@@@@@@@@@@@@@@@@@@@........@@@@@@@@@@@@@@@@@.........................@@@@@@@@@@@@@@@@@@@.@@@@@@@@@@@@@@@@....@@@@;;;;;;;........;;;;;;;;;;.......;;;@@@@@@@@@@@@@@@@@@@@@@@@@@@..@@@@@@
@@@@..@@@@;;;;;;;;;........@@@@@@@@@@@@@@@@@@@....................@@@@@@@@@@@@@@@@@@@@@@@@@@........@@@@@@@@@@@@@@@@@.........................@@@@@@@@@@@@@@@@@@@.@@@@@@@@@@@@@@@@@...@@@@;;;;;;;;........;;;;;;;....;;;;;;;;@@@@@@@@@@@@@@@@@@@@@@@@@@@@..@@@@@
@@@@@......;@@@@@@.....@@@@@@@@@@@@@@@@@@@@@......;;;;;;;........@@@@@@@@@@@@@@@@@@@@@@@.@@@........@@@@@@@@@@@@@@@@@........................@@@@@@@@@@@@@@@@@@@@..@@@@@@@@@@@@@@@@...@@@@@@@@@@;;;........;;;;....;;;;@@@@@@@@@@@@@@@@@@@@@@@@@@@@@@@@@@@..@@@@
@@@@@.......@@@@@@@....@@@@@@@@@@@@@@@@@@@@@.....;;;;;;;;;;......@@@@@@@@@@@@@@@@@@@@@@@.@..........@@@@@@@@@@@@@@@@@.........................@@@@@@@@@@@@@@@@@@@..@@@@@@@@@@@@@@@@@..@@@@@@@@@@;;;;.............;;;;;;@@@@@@@@@@@@@@@@@@@@@@@@@@@@@@@@@@@@.@@@@
@@@@@@......@@@@@@@....@@@@@@@@@@@@@@@@@@@......;;;;;;;;;;;;.....@@@@@@@@@@@@@@@@@@@@@@@............@@@@@@@@@@@@@@@@@@@@@@@....................@@@@@@@..@@@@@@@@@........@@@@@@@@@@@...@@@@@@@@@;;;;..........;;;;;;;@@@@@@@@@@@@@@@@@@@@@@@@@@@@@@@@@@@@@@..@@@
@@@@@@......@@@@@@@....@@@@@@@@@@@@@@@@@@@.......;;;;;;;;;;;;....@@@@@@@@@@@@@@@@@@@@@@@@@@@.........@@@@@@@@@@@@@@@@@@@@@@...................;@@@@@@@..@@@@@@@@@........@@@@@@@@@@@...@@@@@@@@@;;;;;........;;;;;;;;@@@@@@@@@@@@@@@@@@@@@@@@@@@@@@@@@@@@@@..@@@
@@@@@@@@....@@@@@@@....@@@@@@@@@@@@@@@@@.........;+;;;;;;;;;;;....@@@@@@@@@@@@@@@@@@@@@@@@@@.........@@@@@@@@@@@@@@@@@@@@@@..................;;;@@@@@@...................@@@@@@@@@@@@..@@@@@@@@@@@@@;;......;;;;;@@@@@@@@@@@@@@@@@@@@@@@@@@@@@@@@@@@@@@@@@@..@@@
@@@@@@@@....@@@@@@@....@@@@@@@@@@@@@@@@@;;.......;+++;;;;;;;;;;;..@@@@@@@@@@@@@@@@@@@@@@@@@@........@@@@@@@@@@@@@@@@@@@@@@@................;;;;;;@@@@@;..................@@@@@@@@@@@@...@@@@@@@@@@@@;;......;;;;;@@@@@@@@@@@@@@@@@@@@@@@@@@@@@@@@@@@@@@@@@@...@@
@@@@@@@@@@....@@@@@....@@@@@@@@@@@@@@@;;;.;.......;+++;;;;;;;;;;...@@@@@@@@@@@@@@@@@@@@@@@@@........@@@@@@@@@@@@@@@@@@@@@@@...............;;;;;;;;;;;;;..............@@@@@@@@@@@@@@@@...@@@@@@@@@@@@;;;.....;;;;;@@@@@@@@@@@@@@@@@@@@@@@@@@@@@@@@@@@@@@@@@@@..@@
@@@@@@@@@@....@@@.......@@@@@@@@@@@@@@@;;;;;.......;+++;;;;;;;;;....@@@@@@@@@@@@@@@@@@@@@@@@........@@@@@@@@@@@@@@@@@@@@@@@..............;;;;;;;;;;;;;;;.............@@@@@@@@@@@@@@@@...@@@@@@@@@@@@;;;;....;;;;;@@@@@@@@@@@@@@@@@@@@@@@@@@@@@@@@@@@@@@@@@@@..@@
@@@@@@@@@@...............@@@@@@@@@@@@@@@;;;;.......;;++++;;;;;;;;....@@@@@@@@@@@@@@@@@@@@@@@........@@@@@@@@@@@@@@@@@@@@@@@.............;;;;;;;;;;;;;;;;.............@@@@@@@@@@@@@@@@@...@@@@@@@@@@@;;;;;;..;;;@@@@@@@@@@@@@@@@@@@@@@@@@@@@@@@@@@@@@@@@@@@@@..@@
@@@@@@@@@@..........@@@..@@@@@@@@@@@@@@@;;;;;.......;;;+++;;;;;;;....@@@@@@@@@@@@@@@@@@@@@@@........@@@@@@@@@@@@@@@@@@@@@@@........@...;;;;;;;;;;;;;;;;;;;.;;........@@@@@@@@@@@@@@@@@...@@@@@@@@@@;;;;;;;..;;;@@@@@@@@@@@@@@@@@@@@@@@@@@@@@@@@@@@@@@@@@@@@@...@
@@@@@@@@@@........@@@@@..@@@@@@@@@@@@@@@@@@@@@@@......;;++++;;;;;;...@@@@@@@@@@@@@@@@@@@@@@@........@@@@@@@@@@@@@@@@@@@@@@@@@@@@@@@@@.;;;;;;;;;;;;;;;;;;;;;;;;.......@@@@@@@@@@@@@@@@@...@@@@@@@@@;;;;@@;;.;@@@@@@@@@@@@@@@@@@@@@@@@@@@@@@@@@@@@@@@@@@@@@@@@...@
@@@@@@@@@@........@@@@@..@@@@@@@@@@@@@@@@@@@@@@@.......;;;+++;;;;;;....@@@@@@@@@@@@@@@@@@@@@.......@@@@@@@@@@@@@@@@@@@@@@@@@@@@@@@@@@@;;;;;;;;;;;;;;;;;;;;;;;;;;.....@@@@@@@@@@@@@@@@@...@@@@@@@@@;;;;@@;;.;@@@@@@@@@@@@@@@@@@@@@@@@@@@@@@@@@@@@@@@@@@@@@@@@@..@
@@@@@@@@@@@@......@@@@@..@@@@@@@@@@@@@@@@@@@@@@@........;;;;++;;;;;;...@@@@@@@@@@@@@@@@@@@@@@@@.....@@@@@@@@@@@@@@@@@@@@@@@@@@@@@@@@@@@;;;;;;;;;;;;;;;;;;;;;;;;;;;...@@@@@@@@@@@@@@@@.....@@@@@@@@@@@@@@@;.;@@@@@@@@@@@@@@@@@@@@@@@@@@@@@@@@@@@@@@@@@@@@@@@@@..@
@@@@@@@@@@@@.......@@@@...@@@@@@@@@@@@@@@@@@@@@@...........;;;;;;;;;;.......@@@@@@@@@@@@@@@@@@@..@@@@@@@@@@@@@@@@@@@@@@@@@@@@@@@@@@@@@@@;;;;;;;;;;;;;;;;;;;;;;;;;;.....@@@@@@@@@@@@@.......@@@@@@@@@@@@@@;.;@@@@@@@@@@@@@@@@@@@@@@@@@@@@@@@@@@@@@@@@@@@@@@@@@...
@@@@@@@@@@@@......@@@@@@..@@@@@@@@@@@@@@@@@@@@@@.............;;;;;;;;;.......@@@@@@@@@@@@@@@@@@...@@@@@@@@@@@@@@@@@@@@@@@@@@@@@@@@@@@@@@;;;;;;;;;;;;;;;;;;;;;;;;;.;......@@@@@@@.@@........@@@@@@@@@@@@@@;.;@@@@@@@@@@@@@@@@@@@@@@@@@@@@@@@@@@@@@@@@@@@@@@@@@...
@@@@@@@@@@@@@.....@@@@@@..@@@@@@@@@@@@@@@@@@@@@@...............;;;;;;;;...@....@@@@@@@@@@@@@@@@....@@@@@@@@@@@@@@@@@@@@@@@@@@@@@@@@@@@@@;;;;;;;;;;;;;;;;;;;;;;;;;;....................@@@..@@@@@@@@@@@@@@;.;;@@@@@@@@@@@@@@@@@@@@@@@@@@@@@@@@@@@@@@@@@@@@@@@@...
@@@@@@@@@@@@@@....@@@@@@@.@@@@@@@@@@@@@@@@@@@@@@.................;;;;;;;.@@@@..@@@@@@@@@@@@@@@@....@@@@@@@@@@@@@@@@@@@@@@@@@@@@@@@@@@@@@;;;;;;;;;;;;;;;;;;;;;;;;;..@@@@@...................@@@@@@@@@@@@@@;.;;@@@@@@@@@@@@@@@@@@@@@@@@@@@@@@@@@@@@@@@@@@@@@@@@...
@@@@@@@@@@@@@@@@..@@@@@@@..@@@@@@@@@@@@@@@@@@@@@@@....@@@@@......;;;;;;;;@@@@@...@@@@@@@@@@@@@@....@@@@@@@@@@@@@@@@@@@@@@@@@@@@@@@@@@@@@;;;;;;;;;;;;;;;;;;;;;;;;@@@@@@@@@@@..........@@@@.@@@@@@@@@@@@@@@;.;;;;;;@@@@@@@@@@@@@@@@@@@@@@@@@@@@@@@@@@@@@@@@@@.....
@@@@@@@@@@@@@@@@@..@@@@@@@.@@@@@@@@@@@@@@@@@@@@@@@....@@@@@@.....;;;;;;;;@@@@@@..@@@@@@@@@@@@@@...@@@@@@@@@@@@@@@@@@@@@@@@@@@@@@@@@@@@@@;;;;;;;;;;;;;;;;;;;;;;;@@@@@@@@@@@@@@@@@@.........@@@@@@@@@@@@@@@....;;;;@@@@@@@@@@@@@@@@@@@@@@@@@@@@@@@@@@@@@@@@@@.....
@@@@@@@@@@@@@@@@@..@@@@@@@.@@@@@@@@@@@@@@@@@@@@@@@@@@@@@@@@@@.....;;;;;;;;;@@@@....@@@@@@@@@@@@...@@@@@@@@@@@@@@@@@@@@@@@@@@@@@@@@@@@@@@;;;;;;;;;;;;;;;;;;;;;;@@@@@@@@@@@@@@@@@@@@@@@@@.@@@@@@@@@@@@@@.............@@@@@@@@@@@@@@@@@@@@@@@@@@@@@@@@@@@@@@@@.....
@@@@@@@@@@@@@@@@@@..@@@@@@..@@@@@@@@@@@@@@@@@@@@@@@@@@@@@@@@@@.....;;;;;;;;@@@@....@@@@@@@@@@@@...@@@@@@@@@@@@@@@@@@@@@@@@@@@@@@@@@@@@@@;;;;;;;;;;;;;;;;;;;;;;@@@@@@@@@@@@@@@@@@@@@@@@@@@@@@@@@@@@@@@@.............@@@@@@@@@@@@@@@@@@@@@@@@@@@@@@@@@@@@@@@@.....
@@@@@@@@@@@@@@@@@@..@@@@@@@.@@@@@@@@@@@@@@@@@@@@@@@@@@@@@@@@@@@....;;;;;;;;;;;.........@@@@@@@@...@@@@@@@@@@@@@@@@@@@@@@@@@@@@@@@@@@@@@@@@;;;;;;;;;;;;;;;;@@@@@@@@@@@@@..@@@@@@@@@@@@@@@@@@@@@@@@@@@..........@@@@@@@@@@@@@@@@@@@@@@@@@@@@@@@@@@@@@@@@@@@@@@@...
@@@@@@@@@@@@@@@@@@@..@@@@@@.@@@@@@@@@@@@@@@@@@@@@@@@@@@@@@@@@@@.....;;;;;;;;;;.........@@@@@@@@...@@@@@@@@@@@@@@@@@@@@@@@@@@@@@@@@@@@@@@@@;;;;;;;;;;;;;;;;@@@@@@@@@@@@@..@@@@@@@@@@@@@@@@@@@@@@@@@@@..........@@@@@@@@@@@@@@@@@@;@@@@@@@@@@@@@@@@@@@@@@@@@@@@...
@@@@@@@@@@@@@@@@@@@..@@@@@@.@@@@@@@@@@@@@@@@@@@@@@@@@@@@@@@@@@@@@....;;;;;;;;;;.........@@@@@@....@@@@@@@@@@@@@@@@@@@@@@@@@@@@@@@@@@@@@@@@;;;;;;;;;;;;;;;;@@@@@@@@@@@@@........@@@@@@@@@@@@@@@@@...........++@@@@@@@@@@@@@@@@@@;;@@@@@@@@@@@@@@@@@@@@@@@@.@@@...
@@@@@@@@@@@@@@@@@@@..@@@@@@.@@@@@@@@@@@@@@@@@@@@@@@@@@@@@@@@@@@@@.....;;;;;;;;;;.........@@@@@....@@@@@@@@@@@@@@@@@@@@@@@@@@@@@@@@@@@@@@@@;;;;;;;;;;;;;;;;@@@@@@@@@@@@@........@@@@@@@@@@@@@@@@@..........+++@@@@@@@@@@@@@@@@@;;;@@@@@@@@@@@@@@@@@@@@@@@@.@@@...
@@@@@@@@@@@@@@@@@@@...@@@@@.@@@@@@@@@@@@@@@@@@@@@@@@@@@@@@@@@@@@@@@.....;;;;;;;;;;;.................@@@@@@@@@@@@@@@@@@@@@@@@@@@@@@@@@@@@;;;;;;;;;;;;;;;;;;;;@@@................@@@@@@@@@@@@@@@@@..........++++xxx@@@@@@@@++;;;;;;;;;;;@@@@@@@@@@@@@@............
@@@@@@@@@@@@@@@@@@@@..@@@@@.@@@@@@@@@@@@@@@@@@@@@@@@@@@@@@@@@@@@@@@.......;;;;;;;;;;................@@@@@@@@@@@@@@@@@@@@@@@@@@@@@@@@@@@@;;;;;;;;;;;;;;;;;;;;@@@................@@@@@@@@@@@@@@@@@..........+++++xxxx@@@@@@+++.....;;;;;@@@@@@@@@@@@@@............
@@@@@@@@@@@@@@@@@@@@..@@@@@.@@@@@@@@@@@@@@@@@@@@@@@@@@@@@@@@@@@@@@@........;;;;;;;;;;.............@@@@@@@@@@@@@@@@@@@@@@@@@@@@@@@@@@@.....;;;;;;;;;;;;;;;;;;.......................@@@@@@@@@@@@@..........+++++++xxxxxx@@++++......;;;;;@@@@@@@@@@..............
@@@@@@@@@@@@@@@@@@@@...@@@@.@@@@@@@@@@@@@@@@@@@@@@@@@@@@@@@@@@@@@@@........;;;;;;;;;;;............@@@@@@@@@@@@@@@@@@@@@@@@@@@@@@@@@@........;;;;;;;;;;;;;;;;;......................@@@@@@@@@@@@@..........+@++++++++++++++++++.......;;;@@@@@@@@@@..............
@@@@@@@@@@@@@@@@@@@@...@@@@.@@@@@@@@@@@@@@@@@@@@@@@@@@@@@@@@@@@@@@@@@@@.....;;;;;;;;;;;...........@@@@@@@@@@@@@@@@@@@@@@@@@@@@@@@@@...........;;;;;;;;;;;;;;.......................@@@@@@@@@@@@@........@@@@@@@@++++++++++++++.........;@@@@@@..................
@@@@@@@@@@@@@@@@@@@@@..@@@@.@@@@@@@@@@@@@@@@@@@@@@@@@@@@@@@@@@@@@@@@@@@......;;;;;;;;;;...........@@@@@@@@@@@@@@@@@@@@@@@@@@@@@@@@@............;;;;;;;;;;;;;.......................@@@@@@@@@@@@@..;.....@@@@@@@@@+++@@++++++++..........;@@@@@............+.....
@@@@@@@@@@@@@@@@@@@@@..@@@@.@@@@@@@@@@@@@@@@@@@@@@@@@@@@@@@@@@@@@@@@@@@.......;;;;;;;;;.......@@@@@@@@@@@@@@@@@@@@@@@@@@@@@@@@@@@@@@.................;;;;;;........................@@@@@@@@@@@@@;;;;xx@@@@@@@@@@@@@+@@@@@@@+++...........;@@@@@@.........++++...
@@@@@@@@@@@@@@@@@@@@@..@@@...@@@@@@@@@@@@@@@@@@@@@@@@@@@@@@@@@@@@@@@@@@.......;;;;;;;.........@@@@@@@@@@@@@@@@@@@@@@@@@@@@@@@@@@@@@@@..............................................@@@@@@@@@@@@@;;;xxx@@@@@@@@@@@@@+@@@@@@@++.............;@@@@@........++++....
@@@@@@@@@@@@@@@@@@@@@..@@...@@@@@@@@@@@@@@@@@@@@@@@@@@@@@@@@@@@@@@@@@...........;;;;.....@@@..@@@@@@@@@@@@@@@@@@@@@@@@@@@@@@@@@@@@@@.............................................@@@@@@@@@@@@@@@@@;xxx@@@@@@@@@@@@@+@@@@@@@...............;;@@@@........+++.....
@@@@@@@@@@@@@@@@@@@@@..@@...@@@@@@@@@@@@@@@@@@@@@@@@@@@@@@@@@@@@@@@@@....................@@@..@@@@@@@@@@@@@@@@@@@@@@@@@@@@@@@@@@@@@..............................................@@@@@@@@@@@@@@@@@;xxx.@@@@@@@@@@@@+@@@@@@@...............;;@@@@........+++.....
@@@@@@@@@@@@@@@@@@@@@..@...@@@@@@@@@@@@@@@@@@@@@@@@@@@@@@@@@@@@@@@@@@..@@@@@@............@@@@@@@@@@@@@@@@@@@@@@@@@@@@@@@@@@@@@@@@@@@.............................................@@@@@@@@@@@@@@@@@;;xx..@@@@@@@@@@@@@@@@@@@@@@@@@@.........;@@@@.......++++.@@@@
@@@@@@@@@@@@@@@@@@@@@.....@@@@@@@@@@@@@@@@@@@@@@@@@@@@@@@@@@@@@@@.....@@@@@@@............@@@@@@@@@@@@@@@@@@@@@@@@@@@@..@@@@@@@@@@@@@@............................................@@@@@@@@@@@@@@@@@;;xx......@@@@@@@@@@@@@@@@@@@@@@..........xxxx......+++++.@@@@
@@@@@@@@@@@@@@@@@@@@@....@@@@@@@@@@@@@@@@@@@@@@@@@@@@@@@@@@@@@@@@@@..@@@@@@@@@@.......@@@@@@@@@@@@@@@@@@@@@@@@@@@@@@@.@@@@@@@@@@@@@@@............................................@@@@@@@@@@@@@@@@@@;@@......@@@@@@@@@@@@@@@@@@@@@@@.....@@@@@@@@@@@@..+++++.@@@@
@@@@@@@@@@@@@@@@@@@@@....@@@@@@@@@@@@@@@@@@@@@@@@@@@@@@@@@@@@@@@@@@@@@@@@@@@@@@@@@@@..@@@@@@@@@@@@@@@@@@@@@@@@@@@@@...@@@@@@@@@@@@@@@......@@...................................@@@@@@@@@@@@@@@@@@@;@@@@@...@@@@@@@@@@@@@@@@@@@@@@@....@@@@@@@@@@@@@..++++..@@@@
@@@@@@@@@@@@@@@@@@@@@....@@@@@@@@@@@@@@@@@@@@@@@@@@@@@@@@@@@@@@@@@@@@@@@@@@@@@@@@@@@....@@@@@@@@@@@@@@@@@@@@@@@@@@@..@@@@@@@@@@@@@@@@.....@@@@.................................@@@@@@@@@@@@@@@@@@@@;@@@@@@..@@@@@@@@@@@@@@@@@@@@@@....@@@@@@@@@@@@@@..++++..@@@@
@@@@@@@@@@@@@@@@@@@@@....@@@@@@@@@@@@@@@@@..@@@@@@@@@@@@@@@@@@@@@@@@@@@@@@@@@@@@@@@@@....@@@@@@@@@@@@@@@@@@@@@@@@@@...@@@@@@@@@@@@@@@@...@@@@@@@@@@........................@@@.@@@@@@@@@@@@@@@@@@@@;@@@@@@@@@@@@@@@@@@@@@@@@@@@@@@....@@@@@@@@@.......++++...@@@
@@@@@@@@@@@@@@@@@@@@..@@...@@@@@@@@@@@@@@@..@@@@@@@@@@@@@@@@@@@@@@@@@@@@@@@@@@@@@@@@@@....@@@@@@@@@@@@@@@@@..........@@@@@@@@@@@@@@@@@..@@@@@@@@@@@@.......................@@@@@@@@@@@@@@@@@@@@@@@@;@@@@@@@@@@@@@@@@@@@@@@@@@@@@@@....@@@@@@@@@@.......+++...@@@
@@@@@@@@@@@@@@@@@@@...@@@@..@@@@@@@@@@@@@@..@@@@@@@@@@@@@@@@@@@@@@@@@@@@@@@@@@@@@@@@@@.....@@@@@@@@@@@@@@@...........@@@@@@@@@@@@@@@@@..@@@@@@@@@@@@.......................@@@@@@@@@@@@@@@@@@@@@@@@;@@@@@@@@@@@@@@@@@@@@@@@@@@@@@.....@@@@@@@@@@.......+++......
@@@@@@@@@@@@@@@@@@...@@@@@@...@@@@@@@@@@@@..@@@@@@@@@@@@@@@@@@@@@@@@@@@@@@@@@@@@@@@@@@@......@@@@@@@@@@@@....@@@@....@@@@@@@@@@@@@@@@@...@@@@@@@@@@@.......................@@@@@@@@@@@@@@@@@@@@@@@@;@@@@@@@@@@@@@@@@@@@@@@@@@@@@@......@@@@@@@@@......++++++....
@@@@@@@@@@@@@@@@@...@@@@@@@@....@@@@@@@@@@....@@@@@@@@@@@@@@@@@@@@@@@@@@@@@@@@@@@@@@@@@@......@@@@@@@@@@....@@@@@@@....@@@@@@@@@@@@@@.....@@@@@@@@@@.......................@@@@@@@@@@@@@@@@@@@@@@@@;@@@@@@@@@@@@@@@@@@@@@@@@@@@@@.......@@@@@@.......++++++++...
@@@@@@@@@@@@@@@@...@@@@@@@@@@@....@@@@@@@@@@..@@@@@@@@@@@@@@@@@@@@@@@@@@@@@@@@@@@@@@@@@@@........@@@@@@@...@@@@@@@@....@@@@@@@@@@@@@@.....@@@@@@@@@@.......................@@@@@@@@@@@@@@@@@@@@@@@@;@@@@@@@@@@@@@@@@@@@@@@@@@@@@@.......@@@@@@......+++++++++++.
@@@@@@@@@@@@@@@..@.@@@@@@@@@@@@.....@@@@@@@@......@@@@@@@@@@@@@@@@@@@@@@@@@@@@@@@@@@@@@@@..........@@....@@@@@@@@@@......@@@@@@@@@@@@.....@@@@@@@@@@.......................@@@@@@@@@@@@@@@@@@@@@@@@;@@@@@@@@@@@@@@@@@@@@@@@@@@@@@@..................++++++++++++
@@@@@@@@@@@@@@..@@.@@@@@@@@@@@@@@.....@@@@@@......@@@@@@@@@@@@@@@@@@@@@@@@@@@@@@@@@@@@@@@@@...@@.@......@@@@@@@@@@@......@@@@@@@@@@@@.....@@@@@@@@@@.......................@@@@@@@@@@@@@@@@@@@@@@@@;@@@@@@@@@@@@@@@@@@@@@@@@@@@@@@..................++++++++++++
@@@@@@@@@@@@@..@@@.@@@@@@@@@@@@@@@@.....@@@@......@@@@@@@@@@@@@@@@@@@@@@@@@@@@@@@@@@@@@@@@@@..@@@@@@.@@@@@@@@@@@@@@@@........@@@@@@@...@@@@@@@@@@@.......................@@@@@@@@@@@@@@@@@@@@@@@@@@;@@@@@@@@@@@@@@@@@@@@@@@@@@@@@@@@................++++++++++++
@@@@@@@@@@@@..@@@@.@@@@@@@@@@@@@@@@@@......@......@@@@@@@@@@@@@@@@@@@.@@@@@@@@@@@@@@@@@@@@@...@@@@@@@@@@@@@@@@@@@@@@@........@@@@@@@...@@@@@@@@@@@.......................@@@@@@@@@@@@@@@@@@@@@@@@@@;@@@@@@@@@@@@@@@@@@@@@@@@@@@@@@@@................++++++++++++
@@@@@@@@@@...@@@@@..@@@@@@@@@@@@@@@@@@@@..........@@@@@@@@@@@@@@@........@@@@@@@@@@@@@@@@@@...@@@@@@@@@@@@@@@@@@@@@@@@@................@@@@@@@@@...@@@..........@@@@@....@@@@@@@@@@@@@@@@@@@@@@@@@@;;@@@@@@@@@@@@@@@@@@@@@@@@@@@@@@@................++++++++++++
@@@@@@@....@@@@@@@@.@@@@@@@@@@@@@@@@@@@@@@@@......@@@@@@@@@@@@@@@.........@@@@@@@@@@@@@@@@@.....@@@@@@@@@@@@@@@@@@@@@@@................@@@@@@@@@...@@@.........@@@@@@....@@@@@@@@@@@@@@@@@@@@@@@@@@;;@@@@@@@@@@@@@@@@@@@@@@@@@@@@@@@.................+++++++++++
@@......@@@@@@@@@@@.@@@@@@@@@@@@@@@@@@@@@@@@@@......@@@@@@@@@@@@@........@@@@@@@@@@@@@@@@@@.....@@@@@@@@@@@@@@@@@@@@@@@@@..@@@@@@@@..@@@@@@@@@@@@@@@@@@@.......@@@@@@@@@...@@@@@@@@@@@@@@@@@@@@@@@@;;@@@@@@@@@@@@@@@@@@@@@@@@@@...........@@@@@@......++++++++++
@@...@@@@@@@@@@@@@@.@@@@@@@@@@@@@@@@@@@@@@@@@@......@@@@@@@@@@@@@.......@@@@@@@@@@@@@@@@@@.....@@@@@@@@@@@@@@@@@@@@@@@@@@..@@@@@@@@..@@@@@@@@@@@@@@@@@@@.......@@@@@@@@@@..@@@@@@@@@@@@@@@@@@@@@@@@@;;@@@@@@@@@@@@@@@@@@@@@@@@@...........@@@@@@.......+++++++++
@@@@@@@@@@@@@@@@@@@..@@@@@@@@@@@@@@@@@@@@@@@@@......@@@@@@@@@@@@@@@@...@@@@@@@@@@@@@@@@@@@....@@@@@@@@@@@@@@@@@@@@@@@@@@@@@@@@@@@@@@@@@@@@@@@@@@@@@@@@@@@@.....@@@@@@@@@@@@@@@@@@@@@@@@@@@@@@@@@@@@@;;@@@@@@@@@@@@@@@@@@@@@@@@@.........@@@@@@@@@@.........+++++
@@@@@@@@@@@@@@@@@@@@..@@@@@@@@@@@@@@@@@@@@@@@@.......@@@@@@@@@@@@@@@@....@@@@@@@@@@@@@@@@@....@@@@@@@@@@@@@@@@@@@@@@@@@@@@@@@@@@@@@@@@@@@@@@@@@@@@@@@@@@@@.....@@@@@@@@@@@@@@@@@@@@@@@@@@@@@@@@@@@@@;;@@@@@@@@@@@@@@@@@@@@@@@@@.........@@@@@@@@@@...........+++
@@@@@@@@@@@@@@@@@@@@@.@@@@@@@@@@@@@@@@@@@@@@..........@@@@@@@@@@@@@@@@...@@@@@@@@@@@@@@@@@...@@@@@@@@@@@@@@@@@@@@@@@@@@@@@@@@@@@@@@@@@@@@@@@@@@@@@@@@@@@@@@....@@@@@@@@@@@@@@@@@@@@@@@@@@@@@@@@@@@@@;;;;@@@@@@@@@@@@@@@@@@@@@@@.........@@@@@@@@@@@@............
@@@@@@@@@@@@@@@@@@@@@..@@@@@@@@@@@@@@@@@@@@@...........@@@@@@@@@@@@@@@@...@@@@@@@@@@@@@@@....@@@@@@@@@@@@@@@@@@@@@@@@@@@@@@@@@@@@@@@@@@@@@@@@@@@@@@@@@@@@@@@....@@@@@@@@@@@@@@@@@@@@@@@@@@@@@@@@@@@@;;;;@@@@@@@@@@@@@@@@@@@@@@..........@@@@@@@@@@@@............
@@@@@@@@@@@@@@@@@@@@@@.@@@@@@@@@@@@@@@@@@@@@@@@@@@..@@@@@@@@@@@@@@@@@@@@@..@@@@@@@@@@@@@@...@@@@@@@@@@@@@@@@@@@@@@@@@@@@@@@@@@@@@@@@@@@@@@@@@@@@@@@@@@@@@@@@.....@@@@@@@@@@@@@@@@@@@@@@@@@@@@@@@@@@@@@@;;@@;@@@@@@@@@@@@@@@@@...........@@@@@@@@@@@@......@@@@@@
@@@@@@@@@@@@@@@@@@@@@@..@@@@@@@@@@@@@@@@@@@@@@@@....@@@@@@@@@@@@@@@@@@@@@..@@@@@@@@@@@@....@@@@@@@@@@@@@@@@@@@@@@@@@@@@@@@@@@@@@@@@@@@@@@@@@@@@@@@@@@@@@@@@@.......@@@@@@@@@@@@@@@@@@@@@@@@@@@@@@@@@@@@@;;;;@@@@@@@@@@@@@.................@@@@@@@@@@.....@@@@@@@
@@@@@@@@@@@@@@@@@@@@@@@.@@@@@@@@@@@@@@@@@@@@@.......@@@@@@@@@@@@@@@@@@@@@...@@@@@@@@@@....@@@@@@@@@@@@@@@@@@@@@@@@@@@@@@@@@@@@@@@@@@@@@@@@@@@@@@@@@@@@@@@@@@@......@@@@@@@@@@@@@@@@@@@@@@@@@@@@@@@@@@@@@@@;;@@@@@@@@@@@@@@@...............@@@@@@@@@@@...@@@@@@@@
@@@@@@@@@@@@@@@@@@@@@@@@.@@@@@@@@@.@@@@@@@.........@@@@@@@@@@@@@@@@@@@@@@...@@@@@@@@@....@@@@@@@@@@@@@@@@@@@@@@@@@@@@@@@@@@@@@@@@@@@@@@@@@@@@@@@@@@@@@@@@@@@@........@@@@@@@@@@@@@@@@@@@@@@@@@@@@@@@@@@@@@@;;@@@@@@@@@@@@@@@.................@@@@@@@...@@@@@@@@@
@@@@@@@@@@@@@@@@@@@@@@@@.@@@@@@@@@.........@@@@@..@@@@@@@@@@@@@@@@@@@@@@@....@@@@@@.....@@@@@@@@@@@@@@@@@@@@@@@@@@@@@@@@@@@@@@@@@@@@@@@@@@@@@@@@@@@@@@@@@@@@@........@@@@@@@@@@@@@@@@@@@@@@@@@@@@@@@@@@@@@@@;@@@@@@@@@@@@@@@@...............@@@@@@@@@..@@@@@@@@@
@@@@@@@@@@@@@@@@@@@@@@@@+.@@@@@@@@@@@@@@@@@@@@@@..@@@@@@@@@@@@@@@@@@@@@@@.....@@@......@@@@@@@@@@@@@@@@@@@@@@@@@@@@@@@@@@@@@@@@@@@@@@@@@@@@@@@@@@@@@@@@@@@@@...........@@@@@@@@@@@@@@@@@@@@@@@@@@@@@@@@@@@@@;;@@@@@@@@@@@@@@@...............@@@@@@@@@..@@@@@@@@@
@@@@@@@@@@@@@@@@@@@@@@+++..@@@@@@@@@@@@@@@@@@@@@.@@@@@@@@@@@@@@@@@@@@@@@@@....@.......@@@@@@@@@@@@@@@@@@@@@@@@@@@@@@@@@@@@@@@@@@@@@@@@@@@@@@@@@@@@@@@@@@@@@@...........@@@@@@@@@@@@@@@@@@@@@@@@@@@@@@@@@@@@@@;@@@@@@@@@@@@@@@...............@@@@@@@@@..@@@@@@@@@
@@@@@@@@@@@@@@@@@@@@+++@@@;@@@@@@@@@@@@@@@@@@@@..@@@@@@@@@@@@@@@@@@@@@@@@@...........@@@@@@@@@@@@@@@@@@@@@@@@@@@@@@@@@@....@@@@@@@@@@@@@@@@@@@@@@@@@@@@@@@@@...............@@@@@@@@@@@@@@@@@@@@@@@@@@@@@@@@@@;@@@@@@@@@@@@@.................@@@@@@@@@..@@@@@@@@@
@@@@@@@@@@@@@@@@@@+++@@@@@;;@@@@@@@@@@@@@@@@@@..@@@@@@@@@@@@@@@@@@@@@@@@@@@.........@@@@@@@@@@@@@@@@@@@@@@@@@@@@@@@@@@@....@@@@@@@@@@@@@@@@@@@@@@@@@@@@@@@@................@@@@@@@@@@@@@@@@@@@@@@@@@@@@@@@@@@;@@@@@@@@@@@@@.................@@@@@@@@@....@@@@@@@
@@@@@@@@@@@@@@@@@+++@@@@@@;;@@@@@@@@@@@@.@@@@@..@@@@@@@@@@@@@@@@@@@@@@@@@@@.......@@@@@@@@@@@@@@@@@@@@@@@@@@@@@@@@@@@......@@@@@@@@@@@@@@@@@@@@@@@@@@@@@@@.....................@@@@@@@@@@@@@@@@@@@@@@@@@@@@@@;@@@@@@@@@@@@@...................@@@@@@......@@@@@@
@@@@@@@@@@@@@@@@+++@@@@@@@@;;@@@@@@@@@@@.@@@@..@@@@@@@@@@@@@@@@@@@@@@@@@@@@@....@@@@@@@@@@@@@@@@@@@@@@@@@@@@@@@@@@@@@......@@@@@@@@@@@@@@@@@@@@@@@@@@@@@@@.....................@@@@@@@@@@@@@@@@@@@@@@@@@@@@@@;@@@@@@@@@@@@@...................@@@@@@......@@@@@@
@@@@@@@@@@@@@@@++@@@@@@@@@@@;;@@@@@@@@@.......@@@@@@@@@@@@@@@@@@@@@@@@@@@@@@....@@@@@@@@@@@@@@@@@@@@@@@@@@@@@@@@@@@@@......@@@@@@@@@@@@@@@@@@@@@@@@@@@@@@@.....................@@@@@@@@@@@@@@@@@@@@@@@@@@@@@@;@@@@@@@@@@@@@...............................@@@@@@
@@@@@@@@@@@@@@++@@@@@@@@@@@@;;;@@@@@@@........@@@@@@@@@@@@@@@@@@@@@@@@@@@@@@....@@@@@@@@@@@@@@@@@@@@@@@@@@@@@@@@@@@@@......@@@@@@@@@@@@@@@@@@@@@@@@@@@@@@+.....................@@@@@@@@@@@@@@@@@@@@@@@@@@@@@@;@@@@@@@@@@@@@...............................@@@@@@
@@@@@@@@@@@@@++@@@@@@@@@@@@@@;;;@@@@@.........@@@@@@@@@@@@@@@@@@@@@@@@@@@@@@.....@@@@@@@@@@@@@@@@@@@@@@@@@@@@@@@@@@......@@@@@@@@@@@@@@@@@@@@@@@@@@@@@++++++.........................@@@@@@@@@@@@@@@@@@@@@@@@;@@@@@@@@@@@@@.......................@@@@@...@@@@@@
@@@@@@@@@@@@++@@@@@@@@@@@@@@@;;;;;@@;;........@@@@@@@@@@@@@@@@@@@@@@@@@@@@@@.....@@@@@@@@@@@@@@@@@@@@@@@@@@@@@@@@@@......@@@@@@@@@@@@@@@@@@@@@@@@@@@@@++++++++.......................@@@@@@@@@@@@@@@@@@@@@@@@;;;@@@@@@@@@@@.......................@@@@@@..@@@@@@
..@@@@@@@@@+++@@@@@@@@@@@@@@@;;;;;;;;;........@@@@@@@@@@@@@@@@@@@@@@@......@.....@@@@@@@@@@@@@@@@@............@@@@@......@@@@@@@@@@@@@@@@@@@@@@@@@@@.++++++++++......................@@@@@@@@@@@@@@@@@@@@@@@@;;;;@@@@@@............@@@@@..........@@@@@@..@@@@@@
..@@@@@@@@@++@@@@@@@@@@@@@@@@;;;;;;;;.........@@@@@@@@@@@@@@@@@@@@@@@......@.....@@@@@@@@@@@@@@@@@............@@@@@......@@@@@@@@@@@@@@@@@@@@@@@@@@@..+++++++++++++..................@@@@@@@@@@@@@@@@@@@@@@@@@@;;;;;;;;............@@@@@..........@@@@@@..@@@@@@
................@@@@@@@@@@@..;;;;;;...........@@@@@@@@@@@@@@@@@@@@@..............@@@@@@@@@@@@@@@@@@@.....................@@@@@@@@@@@@@@@@@@@@@@@@@@@...++++++++++++++.................@@@@@@@@@@@@@@@@@@@@@@@@@@@;;;;;;........@@@@@@@@@..........@@@@@@@@@@@@@@
..............................................@@@@@@@@@@@@@@@@@@@@@..............@@@@@@@@@@@@@@@@@@@.....................@@@@@@@@@@@@@@@@@@@@@@@@@@@...++++++++++++++..................@@@@@@@@@@@@@@@@@@@@@@@@@@@@@;;;........@@@@@@@@@..........@@@@@@@@@@@@@@
..@@@@@@@@@@@@@@@@.@@@@.......................@@@@@@@@@@@@@@@@@@@................@@@@@@@@@@@@@@@@@@@@@......@@@......@@@@@@@@@@@@@@@@@@@@@@@@@@@@@......++++++++++++++.........@@@@@@@@@@@@@@@@@@@@@@@@@@@@@@@@@@@@@@;;;...@@@@@@@@@@@@@@@......@@@@@@@@@@@@@@@@
...@@@@@@@@@@@@@@..@@@@@@@@...................@@@@@@@@@@@@@@@@@@@........;.......@@@@@@@@@@@@@@@@@@@@@......@@@......@@@@@@@@@@@@@@@@@@@@@@@@@@@@......+++++++++++++++.........@@@@@@@@@@@@@@@@@@@@@@@@@@@@@@@@@@@@@@;;....@@@@@@@@@@@@@@@......@@@@@@@@@@@@@@@@
@@@@@@@@@@@@@@@@@.@@@@@@@@@........;;.........@@@@@@@@@@@@@@@@@@@......;;;.........@@@@@@@@@@@@@@@@@@@......@@@......@@@@@@@@@@@@@@@@@@@@@@@@@@........++++++++++++++++........@@@@@@@@@@@@@@@@@@@@@@@@@@@@@@@@@@@@@@;;..@@@@@@@@@@@@@@@@@......@@@@@@@@@@@@@@@@
@@@@@@@@@@@@@@@@@.@@@@@@@@........;;;;.........@@@@@@@@@@@@@@@@@@.....;;;;.........@@@@@@@@@@@@@@@@@@@......@@@......@@@@@@@@@@@@@@@@@@@@@@@...........++++++++++++++++........@@@@@@@@@@@@@@@@@@@@@@@@@@@@@@@@@@@@@;;...@@@@@@@@@@@@@@@@@.......@@..@@@@@@@@@@@
@@@@@@@@@@@@@@@@@.@@@@@...........;;;;..........@@@@@@@@@@@@@@@@@.....;;;;;........@@@@@@@@@@@@@@@@@@@......@@@......@@@@@@@@@@@@@@@@@@@@@.............++++++++++++++++........@@@@@@@@@@@@@@@@@@@@@@@@@@@@@@@@@@@@;;;...@@@@@@@@@@@@@@@@@............@@@@@@@@@@
@@@@@@@@@@@@@@@@@@@@@@@...........;;;;............@@@@@@@@@@@@@@@.....;;;;;;.........@@@@@@@@@@@@@@@@@...............@@@@@@@@@@@@@@@@@@@@.....@@.......++++++++++++++++........@@@@@@@@@@@@@@@@@@@@@@@@@@@;;@@@;;;;;;......@@@@@@@@@@@@@@@............@@@@@@@@@@
@@@@@@@@@@@@@@@@@@@@@@@@@@@.......;;;;..........@@@@@@@@@@@@@@@@@.....;;;;;;;........@@@@@@@@@@@@@@@@@.............@@@@@@@@@@@@@@@@@@@@....@@@@@........+++++++++++++++........@@@@@@@@@@@@@@@@@@@@@@@@@@@;;@@@;;;;;;......@@@@@@@@@@@@@@@..........@@@@@@@@@@@@
@@@@@@@@@@@@@@@@@@@@@@@@@@@.......;;;;..........@@@@@@@@@@@@@@........;;;;;;;;.......@@@@@@@@@@@@@@@@@.............@@@@@@@@@@@@@@@@@@@....@@@@@@........+++++++++++++++.........@@@@@@@@@@@@@@@@@@@@@@@@@@;;;;;;;;;;;........@@@@@@@@@@@............@@@@@@@@@@@@
@@@@@@@@@@@@@@@@@@@@@@@@@@@......;;;;.........@@@@@@@@@@@@@@@@@.......;;;;;;;;.......@@@@@@@@@@@@@@@@@.............@@@@@@@@@@@@@@@@@@...@@@@@@@@........+++++++++++++++........@@@@@@@@@@@@@@@@@@@@@@@@@@@;;;;;;;;;;.........@@@@@@@@@@@............@@@@@@@@@@@@
@@@@@@@@@@@@@@@@@@@@@@@@@........;;;;.........@@@@@@@@@@@@@@@@@.......;;;;;;;;.......@@@@@@@@@@@@@@@................@@@@@@@@@@@@@@@@@..@@@@@@@@@........+++++++++++++++........@@@@@@@@@@@@@@@@@@@@@@@@@@@;;;;;;;;;;..@@@@...@@@@@@@@@................@@@@@@@@@@
@@@@@@@@@@@@@@@@@@@@@@@@@.......;;;;;.........@@@@@@@@@@@@@@@@@........;;;;;;;.......@@@@@@@@@@@@@@@...............@@@@@@@@@@@@@@@@@...@@@@@@@@@.........+++++++++++++.........@@@@@@@@@@@@@@@@@@@@@@@@@@@;;;;;;;;;;.@@@@@@..@@@@@@@@@................@@@@@@@@@@
@@@@@@@@@@@@@@@@@@@@@@@@@.......;;;;............@@@@@@@@@@@@@@@........;;;;;;;.......@@@@@@@@@@@@@@@..............@@@@@@@@@@@@@@@@@...@@@@@@@@@@@@........+++++++++++..........@@@@@@@@@@@@@@@@@@@@@@@@@@@;;;;;;;;;;.@@@@@@....@@@@@@@@@..............@@@@@@@@@@
@@@@@@@@@@@@@@@@@@@@@@@@@......;;;;;............@@@@@@@@@@@@@@@@.......;;;;;;;.......@@@@@@@@@@@@@@@.............@@@@@@@@@@@@@@@@@@..@@@@@@@@@@@@@........++++++++++...........@@@@@@@@@@@@@@@@@@@@@@@@@@@;;;;;;..;..@@@@@@....@@@@@@@@@..............@@@@@@@.@@
@@@@@@@@@@@@@@@@@@@@@@@@@......;;;;;...........@@@@@@@@@@@@@@@@@@.......;;;;;;.......@@@@@@@@@@@@@...............@@@@@@@@@@@@@@@@@...@@@@@@@@@@@@@.........++++++++............@@@@@@@@@@@@@@@@@@@@@@@@@@@.;;;;......@@@@@@@@@.@@@@@@@@@..............@@@@@.....
@@@@@@@@@@@@@@@@@@@@@@@@@......;;;;;..........@@@@@@@@@@@@@@@@@@@........;;;;........@@@@@@@@@@@@@...............@@@@@@@@@@@@@@@@@...@@@@@@@@@@@@@............++++.............@@@@@@@@@@@@@@@@@@@@@@@@@@@...........@@@@@@@@@@@@@@@@@@@..............@@@@@.....
@@@@@@@@@@@@@@@.@@@@@..........;;;;...........@@@@@@@@@@@@@@@@@@@@@.......;............@@@.......................@@@@@@@@@@@@@@@@@..@@@@@@@@@@@@@@...........................@@@@@@@@@@@@@@@@@@@@@@@@@@@@@...........@@@@..@@@@@@@@@@@@@........................
@@@@@@@@@@@@@@..@@@@@..........;;.............@@@@@@@@@@@@@@@@@@@@@....................@@@.......................@@@@@@@@@@@@@@@@...@@@@@@@@@@@@@@...........................@@@@@@@@@@@@@@@@@@@@@@@@@@@@@...........@@@@..@@@@@@@@@@@@@........................
@@@@@@@@@@@@@@@............................@@@@@@@@@@@@@@@@@@@@@@@@..............................................@@@@@@@@@@@@@@@@...@@@@....@@@@@@...........................@@@@@@@@@@@@@@@@@@@@@@@@@@@@@.................@@@@@@@@@@@@@........................
@@@@@@@@@@@@@@@@...........................@@@@@@@@@@@@@@@@@@@@@@@@...............................................@@@@@@@@@@@@@@@...@@@@....@@@@@@...........................@@@@@@@@@@@@@@@@@@@@@@@@@@@@@.................@@@@@@@@@@@@@........................
@@@@@@@@@@@@@@@@..........................@@@@@@..@@@@@@@@@@@@@@@@@................................................@@@@@@@@@@..@@.........@@@@@@@@.........................@@@@@@@@@@@@@@@@@@@@@@@@@@@@@@@;................@@@@@@@@@@@@@.......................@
@@@@@@@@@@@@@@@@..........................@@@@@@..@@@@@@@@@@@@@@@@@................................................@@@@@@@@@@..@@.........@@@@@............................@@@@@@@@@@@@@@@@@@@@@@@@@@@@@@@;;...............@@@@@@@@@@@@@.......................@
@@@@@@@@@@@@@@@@.......@@@@@@@@...........@@@@@@..@@@@@@@@@@@@@@@@@@@@@@@@@@@................;;...................@@@@@@@@@................................................@@@@@@@@@@@@@@@@@@@@@@@@@@@@@@@;;;;.............@@@@@@@@@@@@@@@@@..................@@
@@@@@@@@@@@@@@@@.......@@@@@@@@...........@@@@@@.@@@@@@@@@@@@@@@@@@@@@@@@@@@@.................;;;;...............@@@@@@@@@@........................@.......................@@@@@@@@@@@@@@@@@@@@@@@@@@@@@@;;;;;.............@@@@@@@@@@@@@@@@@.................@@@
@@@@@@@@@@@@@@@..@@@@@@@@@@@@@@@@@@@@@@....@@@@..@@@@@@@@@@@@@@@@@@@@@@@@@@@@@@................;;;;;;............@@@@@@@@@@@@...............@@@@@@@@.....................@@@@@@@@@@@@@@@@@@@@@@@@@@@@@;;;;;;;;;............@@@@@@@@@@@@@@@@@@@...............@@@
@@@@@@@@@@@@@@@..@@@@@@@@@@@@@@@@@@@@@@....@@@@.@@@@@@@@@@@@@@@@@@@@@@@@@@@@@@@..................;;;;;;..........@@@@@@@@@@@@................@@@@@@@.....................@@@@@@@@@@@@@@@@@@@@@@@@@@@@@;;;;;;;;;............@@@@@@@@@@@@@@@@@@@................@@
@@@@@@@@@@@@@@@...@@@@@@@@@@@@@@@@@@@@@.........@@@@@@@@@@@@@@@@@@@@@@@@@@@@@@@@@@@@@............................@@@@@@@@@@@@.................@@@@@@..@@@@@.@@@@@........@@@@@@@@@@@@@@@@@@@@@@@@@@@@@@@@@@;;;;............@@@@@@@@@@@@@@@@@@@.................@
@@@@@@@@@@@@@@...@@@@@@@@@@@@@@@@@@@@@@..........@@@@@@@@@@@@@@@@@@@@@@@@@@@@@@@@@@@@............................@@@@@@@@@@@@.................@@@@@@..@@@@@@@@@@@........@@@@@@@@@@@@@@@@@@@@@@@@@@@@@@@@@@;;;;;...........@@@@@@@@@@@@@@@@@@@.................@
@@@@@@@@@@@@@@...@@@@@@@@@@@@@@@@@@@@@@.........@@@@@@@@@@@@@@@@@@@@@@@@@@@@@@@@@@@@@@...........................@@@@@@@@@@@@.................@@@@@@@@@@@@@@@@@@@........@@@@@@@@@@@@@@@@@@@@@@@@@@@@@@@@@@@@;;;;......@@@@@@@@@@.@@@@@@@@@@@@@@@@...........@@@
@@@@@@@@@@@@@@...@@@@@@@@@@@@@@@@@@@@...........@@@@@@@@@@@@@@@@@@@@@@@@@@@@@@@@@@@@@@@............................@@@@@@@@@@.................@@@@@@@@@@@@@@@@@@@........@@@@@@@@@@@@@@@@@@@@@@@@@@@@@@@@@@@@;;;;......@@@@@@@@@@.....@@@@@@@@@@@@...........@@@
@@@@@@@@@@@@@@..@@@@@@@@@@@@@@@@@@@@@...........@@@@@@@@@@@@@@@@@@@@@@@@@@@@@@@@@@@@@@...@@@@@@@...................@@@@@@@@@@.............@@@@@@@@@@@@@@@@@@@@@@@........@@@@@@@@@@@@@@@@@@@@@@@@@@@@@@@@@@@@;;;;....@@@@@@@@@@@@..@@@@@@@@@@@@@@@@@@@...@@@@@@@
..@@@@..@@@@@@..@@@@@@@@@@@@@@@@@@@.............@@@@@@@@@@@@@@@@@@@@@@@@@@@@@@@@@@@@@...@@@@@@@@.......................................@@@@@@@@@@@@@@@@@@@@@@@@@.........@@@@@@@@@@@@@@@@@@@@@@@@@@@@@@@@@@@@;;;;;...@@@@@@@@@@@@..@@@@@@@@@@@@@@@@@@@...@@@@@@@
..@@@@@..@@@@@..@@@@@@@@@@@@@@@@@@@.............@@@@@@@@@@@@@@@@@@@@@@@@@@@@@@@@@@@@@..@@@@@@@@@@@.....................................@@@@@@@@@@@@@@@@@@@@@@@@@@........@@@@@@@@@@@@@@@@@@@@@@@@@@@@@@@@@@@@;;;;;...@@@@@@@@@@@@..@@@@@@@@@@@@@@@@@@@...@@@@@@@
@.@@@@@@........@@@@@@@@@@@@@@@@@@@.............@@@@@@@@@@@@@@@@@@@@@@@@@@@@@@@@@@@@@@@@@@@@@@@@@@................@@@............@@@.@@@@@@@@@@@@@@@@@@@@@@@@@@@@@@........@@@@@@@@@@@@@@@@@@@@@@@@@@@@@@@@;;;;;;;.....@@@@@@@@@@..@@@@@@@@@@@@@@@@@@@...@@@@@@@
@..@@@@@........@@@@@@@@@@@@@@@@@@@.............@@@@@@@@@@@@@@@@@@@@@@@@@@@@@@@@@@@@@@@@@@@@@@@@@@...............@@@@............@@@.@@@@@@@@@@@@@@@@@@@@@@@@@@@@@@........@@@@@@@@@@@@@@@@@@@@@@@@@@@@@@@@;;;;;;;.....@@@@@@@@@...@@@@@@@@@@@@@@@@@@@@..@@@@@@@
@@................@@@@@@@@@@@@@@@.................@@@@@@@@@@@@@@@@@@@@@@@@@@@@@@@@@@@@@@@@@@@@@@@@............@@@@@@@@@........@@@@@@@@@@@@@@@@@@@@@@@@@@@@@@@@@@@@........@@@@@@@@@@@@@@@@@@@@@@@@@@@@@@@@@@;;;;;;................@@@@@@@@@@@@@@@@@@@@..@@@@@@@
@@@@@@@@..........@@@@@@@@@@@@@@@.................@@@@@@@@@@@@@@@@@@@@@@@@@@@@@@@@@@@@@@@@@@@@@@@@............@@@@@@@@@........@@@@@@@@@@@@@@@@@@@@@@@@@@@@@@@@@@@@........@@@@@@@@@@@@@@@@@@@@@@@@@@@@@@@@@@;;;;;;................@@@@@@@@@@@@@@@@@@@@..@@@@@@@
@@@@@@@@..........@@@@@@@..@@@@...................@@@@@@@@@@@@@@@@@@@@@@@@@@@@@@@@@@@@@@@@@@@@x...............@@@@@@@@@........@@@@@@@@@@@@@@@@@@@@@@@@@@@@@@@@@@@@........@@@@@@@@@@@@@@@@@@@@@@@@@@@@@@@@@@;;;;;;............@@@@@@@@@@@@@@@@@@@@@@@@..@@@@@@@
@@@@@@@@............@@@@@...@@@...................@@@@@@@@@@@@@@@@@@@@@@@@@@@@@@@@@@@@@@@@@@@@x...............@@@@@@@@@....++++@@@@@@@@@@@@@@@@@@@@@@@@@@@@@@@@@@@@........@@@@@@@@@@@@@@@@@@@@@@@@@@@@@@@@@@;;;;;;............@@@@@@@@@@@@@@@@@@@@@@@@..@@@@@@@
@@@@@@@@@@....@@@@@...@@@@..........................@@@@@@@@@@@@@@@@@@@@@@@@@@@@xxxxxxxxxxxxxxx...@@@@@@..@@@@@@@@@@@@@...+++++@@@@@@@@@@@@@@@@@@@@@@@@@@@@@@@@@@..............@@@@@@@@@@@@@@@@@@@@@@@@@@@@@@;;;;;;;.........@@@@@@@@@@@@@@@@@@@@@@@@@@..@@@@@@@
@@@@@@@@@@....@@@@@@....@@@.........................@@@@@@@@@@@@@@@@@@@@@@@@@xxxxxxx@@@@@@@@xxx...@@@@@@..@@@@@@@@@@@@@..++++++@@@@@@@@@@@@@@@@@@@@@@@@@@@@@@@@@@..............@@@@@@@@@@@@@@@@@@@@@@@@@@@@@@;;;;;;;.........@@@@@@@@@@@@@@@@@@@@@@@@@@..@@@@@@@
@@@@@@@@@@@@@@@@@@@@@@.....................@@@......@@@@@@@@@@@@@@@@@.xxxxxxxxxx@@@@@@@@@@@@xx....@@@@@@..@@@@@@@@@@@@@.+++++++@@@@@@@@@@@@@@@@@@@@@@@@@@@@@@@@@@@@@@@@........@@@@@@@@@@@@@@@@@@@@@@@@@@@;;;;;;;;;;.......@@@@@@@@@@@@@@@@@@@@@@@@@@@@..@@@@@@@
@@@@@@@@@@@@@@@@@@@@@@@@@@................@@@@......@@@@@@@@@@@@@@@@@...xxx@@@@@@@@@@@@@@@@@......@@@@@@..@@@@@@@@@@@@@.++++++++@@@@@@@@@@@@@@@@@@@@@@@@@@@@@@@@@@@@@@@........@@@@@@@@@@@@@@@@@@@@@@@@@@;;;;;;;;;;;.......@@@@@@@@@@@@@@@@@@@@@@@@@@@@..@@@@@@@
@@@@@@@@@@@@@@@@@@@@@@@@@@@@@@@........@@@@@@@@@......@@@@@@@@@@@@@.....x.x@@@@@@@@@@@@@@@........@@@@@@@@@@@@@@@@@@@@@@@@@@@++++@@@@@@@@@@@@@@@@@@@@@@@@@@@@@@@@@@@@@@@@......@@@@@@@@@@@@@@@@@@@@@@@@@;;;;;;;;;;;;.......@@@@@@@@@@@@@@@@@@@@@@@@@@@@..@@@@@@@
@@@@@@@@@@@@@@@@@@@@@@@@@@@@@@@........@@@@@@@@@......@@@@@.@@@@@@@........@@@@@@@@@@@@@@@........@@@@@@@@@@@@@@@@@@@@@@@@@@@+++++@@@@@@@@@@@@@@@@@@@@@@@@@@@@@@@@@@@@@@@......@@@@@@@@@@@@@@@@@@@@@@@@@;;;;;;;;;;;;.......@@@@@@@@@@@@@@@@@@@@@@@@@@@@..@@@@@@@
@@@@@@@@@@@@@@@@@@@@@@@@@@@@@@@....@@@@@@@@@@@@@@@@........................@@@@@@@@@@@......@@@@@@@@@@@@@@@@@@@@@@@@@@@@@@@@@@+++++@@@@@@@@@@@@@@@@@@@@@@@@@@@@@@@@@@@@@@........@@@@@@@@@@@@@@@@@@@@@@@@@@@@;;;;;;;.....@@@@@@@@@@@@@@@@@@@@@@@@@@@@@@..@@@@@@@
@@@@@@@@@@@@@@@@@@@@@@@@@@@@@@@....@@@@@@@@@@@@@@@@@.......................@@@@@@@@@@@......@@@@@@@@@@@@@@@@@@@@@@@@@@@@@@@@@@@++++@@@@@@@@@@@@@@@@@@@@@@@@@@@@@@@@@@@@@@........@@@@@@@@@@@@@@@@@@@@@@@@@@@@;;;;;;;.....@@@@@@@@@@@@@@@@@@@@@@@@@@@@@@..@@@@@@@
@@@@@@@@@@@@@@@@@@@.@@@@@@@@@@@....@@@@@@@@@@@@@@@@@@@...................@@@@@@@@@@@@@@@@@@@@@@@@@@@@@@@@@@@@@@@@@@@@@@@@@@@@@@@++++@@@@@@@@@@@@@@@@@@@@@@@@@@@@@@@@@@@@@..........@@@@@@@@@@@@@@@@@@@@@@@@@@;;;;;;;.....@@@@@@@@@@@@@@@@@@@@@@@@@@@@@@..@@@@@@@
@@@@@@@@@@@@@@@@@@@.@@@@@@@@@@.....@@@@@@@@@@@@@@@@@@@...................@@@@@@@@@@@@@@@@@@@@@@@@@@@@@@@@@@@@@@@@@@@@@@@@@@@@@@@@++++@@@@@@@@@@@@@@@@@@@@@@@@@@@@@@@@@@@@..........@@@@@@@@@@@@@@@@@@@@@@@@@@;;;;;;;.....@@@@@@@@@@@@@@@@@@@@@@@@@@@@@@..@@@@@@@
@@@@@@@@@@@@@@@@@@@..@@@@..........@@@@@.@@@@@@@@@@@@@@@@@@@...........@@@@@@@@@@@@@@@@@@@@@@@@@@@@@@@@@@@@@@@@@@@@@@@@@@@@@@@@@@@+++++@@@@@@@@@@@@@@@@@@@@@@@@@@@@@@@@@@..........@@@@@@@..@@@@@@@@@@@@@@@@@@@;;;;......@@@@@@@@@@@@@@@@@@@@@@@@@@@@@@..@@@@@@@
@@@@@@@@@@@@@@@@@@@..@@............@@@@@.@@@@@@@@@@@@@@@@@@@...........@@@@@@@@@@@@@@@@@@@@@@@@@@@@@@@@@@@@@@@@@@@@@@@@@@@@@@@@@@@@@+++@@@@@@@@@@@@@@@@@@@@@@@@@@@@@@@@@@..........@@@@@@...@@@@@@@@@@@@@@@@@@@;;;;......@@@@@@@@@@@@@@@@@@@@@@@@@@@@@@..@@@@@@@
@@@@@@@@@@@@@@@@@@@................@@@@.....@@@@@@@@@@@@@@@@...........@@@@@@@@@@@@@@@@@@@@@@@@@@@@@@@@@@@@@@@@@@@@@@@@@@@@@@@@@@@@@@+++@@@@@@@@@@@@@@@@@@@@@@@@@@@@@@@@@@@........@@@@@....@@@@@@@@@@@@@@@@@@@;;;.@@@@@@@@@@@@@@@@@@@@@@@@@@@@@@@@@@@@..@@@@@@@
@@@@@@@@@@@@@@@@@@@..@@.....................@@@@@@@@@@@@@@@@...........@@@@@@@@@@@@@@@@@@@@@@@@@@@@@@@@@@@@@@@@@@@@@@@@@@@@@@@@@@@@@@++++@@@@@@@@@@@@@@@@@@@@@@@@@@@@@@@@@@..........@@@....@@@@@@@@@@@@@@@@@@@;;..@@@@@@@@@@@@@@@@@@@@@@@@@@@@@@@@@@@@...@@@@@@
@@@@@@@@@@@@@@@@@@@@@@@@@@@@@..............@@@@@@@@@@@@@@@@@@@@........@@@@@@@@@@@@@@@@@@@@@@@@@@@@@@@@@@@@@@@@@@@@@@@@@@@@@@@@@@@@@@@++++@@@@@@@@@@@@@@@@@@@@@@@@@@@@@@@@@..........@@@..@@@@@@@@@@@@@@@@@@@@@;...@@@@@@@@@@@@@@@@@@@@@@@@@@@@@@@@@@@@...@@@@@@
@@.....@@@@@@@@@@@@@@@@@@@@....@@@@.......@@@@@@@@@@@@@@@@@@@@@........@@@@@@@@@@@@@@@@@@@@@@@@@@@@@@@@@@@@@@@@@@@@@@@@@@@@@@@@@@@@@@@@@+++@@@@@@@@@@@@@@@@@@@@@@@@@@@@@@@@...............@@@@@@@@@@@@@@@@@@@@;....@@@@@@@@@@@@@@@@@@@@@@@@@@@@@@@@@@@@...@@@@@@
@@@@@..@@@@@@@@@@@@@@@@@@@...@@@@@@@@......@@@@@@@@@@@@@@@@@@@@@.......@@@@@@@@@@@@@@@@@@@@@@@@@@@@@@@@@@@@@@@@@@@@@@@@@@@@@@@@@@@@@@@@@@+++@@@@@@@@@@@@@@@@@@@@@@@@@@@@@@@...............@@@@@@@@@@@@@@@@@@@;...@@@@@@@@@@@@@@@@@@@@@@@@@@@@@@@@@@@@@@...@@@@@@
@@@@@@..@@@@@@@@@@@@@@@@...@@@@@@@@@@@......@@@@@@@@@@@@@@@@@@@@@.....@@@@@@@@@@@@@@@@@@@@@@@@@@@@@@@@@@@@@@@@@@@@@@@@@@@@@@@@@@@@@@@@@@@@++++@@@@@@@@@@@@@@@@@@@@@@@@@@@@@.................@@@@@@@@@@@@@@@@;;...@@@@@@@@@@@@@@@@@@@@@@@@@@@@@@@@@@@@@@...@@@@@@
@@@@@@@..@@@@@@@@@@@@@@..@@@@@@@@@@@@@@.....@@@@@@@@@@@@@@@@@@@@@....@@@@@@@@@@@@@@@@@@@@@@@@@@@@@@@@@@@@@@@@@@@@@@@@@@@@@@@@@@@@@@@@@@@@@@++++@@@@@@@@@@@@@@@@@@@@@@@@@@@@.................@@@@@@@@@@@@@@;;;....@@@@@@@@@@@@@@@@@@@@@@@@@@@@@@@@@@@@@@...@@@@@@
@@@@@@@@..@@@@@@@@@@@...@@@@@@@@@@@@@@@.....@@@@@@@@@@@@@@@@@@@@@@@..@@@@@@@@@@@@@@@@@@@@@@@@@@@@@@@@@@@@@@@@@@.....@@@@@@@@@@@@@@@@@@@@@@@@+++++@@@@@@@@@@@@@@@@@@@@@@@@.....................@@@@@@@@@@@;;;...@@@@@@@@@@@@@@@@@@@@@@@@@@@@@@@@@@@@@@@@...@@@@@@
@@@@@@@@@..@@@@@@@@@..@@@@@@@@@@@@@@@@......@@@@@@@@@@@@@@@@@@@@@@@..@@@@@@@@@@@@@@@@@@@@@@@@@@@@@@@@@@@@@@@@@@....@@@@@@@@@@@@@@@@@@@@@@@@@@+++++@@@@@@@@@@@@@@@@@@@@@@@.....................@@@@@@@@@@;;;...@@@@@@@@@@@@@@@@@@@@@@@@@@@@@@@@@@@@@@@@@...@@@@@@
@@@@@@@@@@..@@@@@@@..@@@@@@@@@@@@@@@@@......@@@@@@@@@@@@@@@@@@@@@@@..@@@@@@@@@@@@@@@@@@@@@@@@@@@@@@@@@@@@@.........@@@@@@@@@@@@@@@@@@@@@@@@@@@++++++@@@@@@@@@@@@@.............................@@@@@@@@@;;;...@@@@@@@@@@@@@@@@@@@@@@@@@@@@@@@@@@@@@@@@@@...@@@@@@
@@@@@@@@@@@..@@@@...@@@@@@@@@@@@@@@@@@@.....@@@@@@@@@@@@@@@@@@@@@@@..@@@@@@@@@@@@@@@@@@@@@@@@@@@@@@@@@@@@@.........@@@@@@@@@@@@@@@@@@@@@@@@@@@@@++++@@@@@@@@@@@@@.............................@@@@@@@@;;;;.@@@@@@@@@@@@@@@@@@@@@@@@@@@@@@@@@@@@@@@@@@@@...@@@@@@
@@@@@@@@@@@@...@...@@@@@@@@@@@@@@@@@@@@@....@@@@@@@@@@@@@@@@@@@@@@@...@@@@@@@@@@@@@@@@@@@@@@@@@@@@@@@@@@@............@@@@@@@@@@@@@@@@@@@@@@@@@@@@@+++@@@@@@@@@@@@@@.................................@;;;;;.@@@@@@@@@@@@@@@@@@@@@@@@@@@@@@@@@@@@@@@@@@@....@@@@@@
@@@@@@@@@@@@@@....@@@@@@@@@@@@@@@@@@@@@@....@@@@@@@@@@@@@@@@@@@@@@@..@@@@@@@@@@@@@@@@@@@@@@@@@@@@@@@@@@@@@...........@@@@@@@@@@@@@@@@@@@@@@@@@@@@@@+++@@@@@@@@@@@@@................................;;;;;.....@@@@@@@@@@@@@@@@@@@@@@@@@@@@@@@@@@@@@@@@@....@@@@@@
@@@@@@@@@@@@@@@..@@@@@@@@@@@@@@@@@@@@@@@...@@@@@@@@@@@@@@@@@@@@@@@@..@@@@@@@@@@@@@@@@@@@@@...@@@@@....@@@@.............@@@@@@@@@@@@@@@@@@@@@@@@@@@@+++++++@@@@@@@@@................................;;;;@......@@@@@@@@@@@@@@@@@@@@@@@@@@@@@@@@@@@@........@@@@@@
@@@@@@@@@@@@@@..@@@@@@@@@@@@@@@@@@@@@@@@...@@@@@@@@@@@@@@@@@@@@@@@@..@@@@......................@@@....@@@@.............@@@@@@@@@@@@@@@@@@@@@@@@@@@@@@+++++@@@@@@@@@................................;;;@@@@....@@@@@@@@@@@@@@@@@@@@@@@@@@@@@@@@@@@@........@@@@@@
@@@@@@@@@@@@@@.@@@@@@@@@@@@@@@@@@@@@@@@@..@@@@@@@@@@@@@@@@@@@@@.......................................@@@@...............@@@@@@@@@@@@@@@@@@@@@@@@@@@@@++++@@@@@@@@@................................;@@@@@@@...@@@@@@@@@@@@@@@@@@@@@@@@@@@@@@@@@@@@............@@
@@@@@@@@@@@@@..@@@@@@@@@@@@@@@@@@@@@@@@@..@@@@@@@@@@@@@@@@@@@@@.......................................@@@................@@@@@@@@@@@@@@@@@@@@@@@@@@@@@++++@@@@@@@@@.................................@@@@@@@@.@@@@@@@@@@@@@@@@@@@@@@@@@@@@@@@@@@@@@...........@@@
@@@@@@@@@@@@..@@@@@@@@@@@@@@@@@@@@@@@@@@..@@@@@@@@@@@@@@@@@@@@@@@@@..................@@@@@@@@@.............................@@@@@@@@@@@@@@@@@@@@@@@@@@@++++@@@@@@@@@...............................@@@@@@@@@...@@@@@@@@@@@@@@@@@@@@@@@@@@@@@@@@@@.............@@@
@@@@@@@@@@@..@@@@@@@@@@@@@@@@@@@@@@@@@@@..@@@@@@@@@@@@@@@@@@@@@@@@@.....@@@@@@@@@@@@@@@@@@@@@@.............................@@@@@@@@@@@@@@@@@@@@@@@@@@@+++++@@@@@@@@...............................@@@@@@@@@...@@@@@@@@@@@@@@@@@@@@@@@@@@.....................@@@
@@@@@@@@@@..@@@@@@@@@@@@@@@@@@@@@@@@@@@@@.@@@@@@@@@@@@@@@@@@@@@@@@@...@@@@@@@@@@@@@@@@@@@@@@@@@@...........................@@@@@@@@@@@@@@@@@@@@@@@@@@@++++++@@@@@@@.........................@@@@@@@@@@@@@@@...@@@@@@@@@@@@@@@@@@@@...........................@@@
@@@@@@@@@@..@@@@@@@@@@@@@@@@@@@@@@@@@@....@@@@@@@@@@@@@@@@@@@@@@@@@...@@@@@@@@@@@@@@@@@@@@@@@@@@...........................@@@@@@@@@@@@@@@@@@@@@@@@@@@++++++@@@@@@@.........................@@@@@@@@@@@@@@@...@@@@@@@@@@@@@@@@................................@@
..@@@@@@...@@@@@@@@@@@@@@@@@@@@@@@@@@@@@@@@@@@@@@@@@@@@@@@@@@@@@@@....@@@@@@@@@@@@@@@@@@@@@@@@@@@@.......................@@@@@@@@@@@@@@@@@@@@@@@@@@@@@@@++++++............................@@@@@@@@@@@@@@@@@...@@@@@@@@@@@....................................@@@
...@@@@...@@@@@@@@@@@@@@@@@@@@@@@@@@@@@@@@@@@@@@@@@@@@@@@@@@@@@@@@...@@@@@@@@@@@@@@@@@@@@@@@@@@@@@.......................@@@@@@@@@@@@@@@@@@@@@@@@@@@@@@@+++++.............................@@@@@@@@@@@@@@@@@...............................@@@................@@@
......@..@@@@@@@@@@@@@@@@@@@@@@@@@@@@@@@@@@@@@@@@@@@@@@@@@@@@@@@@...@@@@@@@@@@@@@@@@@@@@@@@@@@@@@@@@.....................@@@@@@@@@@@@@@@@@@@@@@@@@@@@@@@..................................@@@@@@@@@@@@@@@@........................@@.@@@@@@@@@...............@@@
........@@@@@@@@@@@@@@@@@@@@@@@@@@@@@@@@@@@@@@@@@@@@@@@@@@@@@@@@@...@@@@@@@@@@@@@@@@@@@@@@@@@@@@@@@@.......................@@@@@@@@@@@@@@@@@@@@@@@@@@@....................................@@@@@@@@@@@@@@@@......................@@@@@@@@@@@@@@...............@@@
........@@@@@@@@@@@@@@@@@@@@@@@@@@@@@@@@@@@@@@@@@@@@@@@@@@@@@@@@...@@@@@@@@@@@@@@@@@@@@@@@@@@@@@@@@@.......................@@@@@@@@@@@@@@@@@@@@@@@@@@@@@.............................@@@@@@@@@@@@@@@@@@@@..@...............@@@@@@@@@@@@@@@@@@@@@@............@@@
..........@@@@@@@@@@@@@@@@@@@@@@@@@@@@@@@@@@@@@@@xx@@@@@@@@@@@@@...@@@@@@@@@@@@@@@@@@@@@@@@@@@@@@@@@...........................@@@@@@@@@@@@@@@@@@@@@@................................@@@@@@@@@@@@@........@@@@@@...@@@@@@@@@@@@@@@@@@@@@@@@@@@@@@..@@@.......@@@
..........@@@@@@@@@@@@@@@@@@@@@@@xxxxxxxxxxxxxxxxxxxxxxxx@@@@@@@..@@@@@@@@@@@@@@@@@@@@@@@@@@@@@@@@@@.................@@@@......@@@@@@@@@@@@@@@@@@@...................................@@@@@@@@@@@@@........@@@@@@@@@@@@@@@@@@@@@@@@@@@@@@@@@@@@@...@@@@@@.....@@@
..........@@@@@@@@;;;;;;;;;;;;;;;xx@@@@@@@@@@@@@@@@@@@@@xxxxx....@@@@@@@@@@@@@@@@@@@@@@@@@@@@@@@@@@@@................@@@@............@@@@@@@@@........@@.............................@@@@@@@@@@...........@@@@@@@@@@@@@@@@@@@@@@@@@@@@@@@@@@@@..@@@@@@@@@....@@@
..........@@@;;;;;;;;;;;;;;;;;;;;;@@@@@@@@@@@@@@@@@@@@@@@@xxx....@@@@@@@@@@@@@@@@@@@@@@@@@@@@@@@@@@@@@...............@@@@............@@@@...........@@@@.............................@@@@@@@@@@@..........@@@@@@@@@@@@@@@@@@@@@@@@@@@@@@@@@@@@..@@@@@@@@@....@@@
..........;;;;;;;;@@@@@@@@@@@@@@@@@@@@@@@@@@@@@@@@@@@@@@@@@xx....@@@@@@@@@@@@@@@@@@@@@@@@@@@@@@@@@@@@@..........................................@@@@@@@@@@@@@.@@@.....................@@@@@@@@@@..........@@@@@@@@@@@@@@@@@@@@@@@@@@@@@@@@@@@@.@@@@@@@@@@@@@@@@@
..........@@@@@@@@@@@@@@@@@@@@@@@@@@@@@@@@@@@@@@@@@@@@@@@@@@.....@@@@@@@@@@@@@@@@@@@@@@@@@@@@@@@@@@@@@.......................................@@@@@@@@@@@@@@@@.@@@.....................@@@@@@@@@@..........@@@@@@@@@@@@@@@@@@@@@@@@@@@@@@@@@@@@@@@@@@@@@@@@@@@@@@
..........@@@@@@@@@@@@@@@@@@@@@@@@@@@@@@@@@@@@@@@@@@@@@@@@@@......@@@@@@@@@@@@@@@@@@@@@@@@@@@@@@@@@@....................................@@@@@@@@@@@@@@@@@@@@@@@@@@@...................@@@@@@@@@@@@@@......@@@@@@@@@@@@@@@@@@@@@@@@@@@@@@@@@@@@@@@@@@@@@@@@@@@@@@
..........@@@@@@@@@@@@@@@@@@@@@@@@@@@@@@@@@@@@@@@@@@@@@@@@@@......@@@@@@@@@@@@@@@@@@@@@@@@@@@@@@@@@@....................................@@@@@@@@@@@@@@@@@@@@@@@@@@@...................@@@@@@@@@@@@@@......@@@@@@@@@@@@@@@@@@@@@@@@@@@@@@@@@@@@@@@@@@@@@@@@@@@@@@
..........@@@@@@@@@@@@@@@@@@@@@@@@@@@@@@@@@@@@@@@@@@@@@@...........@@@@@@@@@@@@@@@@@@@@@@@@@@@@@@@@@...............................@@@@@@@@@@@@@@@@@@@@@@@@@@@@@@@@........@@@@@.@@@@@@@@@@@@@@@@@@@.............@@@@@@@@@@@@@@@@@@@@@@@@@@@@@@@@@@@@@@@@@@@@@@@